Archive member included to satisfy reference by file (symbol)

C:/ti/simplelink_msp432e4_sdk_4_20_00_12/source\ti/devices/msp432e4/driverlib/lib/gcc/m4f/msp432e4_driverlib.a(emac.o)
                              ./lwip/ports/msp432e4/utils/lwiplib.o (EMACPHYConfigSet)
C:/ti/simplelink_msp432e4_sdk_4_20_00_12/source\ti/devices/msp432e4/driverlib/lib/gcc/m4f/msp432e4_driverlib.a(flash.o)
                              ./lwip/ports/msp432e4/utils/swupdate.o (FlashUserGet)
C:/ti/simplelink_msp432e4_sdk_4_20_00_12/source\ti/devices/msp432e4/driverlib/lib/gcc/m4f/msp432e4_driverlib.a(gpio.o)
                              ./pinout.o (GPIOPadConfigSet)
C:/ti/simplelink_msp432e4_sdk_4_20_00_12/source\ti/devices/msp432e4/driverlib/lib/gcc/m4f/msp432e4_driverlib.a(interrupt.o)
                              ./lwip/ports/msp432e4/netif/msp432e4if.o (IntMasterEnable)
C:/ti/simplelink_msp432e4_sdk_4_20_00_12/source\ti/devices/msp432e4/driverlib/lib/gcc/m4f/msp432e4_driverlib.a(sw_crc.o)
                              C:/ti/simplelink_msp432e4_sdk_4_20_00_12/source\ti/devices/msp432e4/driverlib/lib/gcc/m4f/msp432e4_driverlib.a(emac.o) (Crc32)
C:/ti/simplelink_msp432e4_sdk_4_20_00_12/source\ti/devices/msp432e4/driverlib/lib/gcc/m4f/msp432e4_driverlib.a(sysctl.o)
                              C:/ti/simplelink_msp432e4_sdk_4_20_00_12/source\ti/devices/msp432e4/driverlib/lib/gcc/m4f/msp432e4_driverlib.a(emac.o) (SysCtlPeripheralReady)
C:/ti/simplelink_msp432e4_sdk_4_20_00_12/source\ti/devices/msp432e4/driverlib/lib/gcc/m4f/msp432e4_driverlib.a(systick.o)
                              ./lwip/ports/msp432e4/utils/swupdate.o (SysTickDisable)
C:/ti/simplelink_msp432e4_sdk_4_20_00_12/source\ti/devices/msp432e4/driverlib/lib/gcc/m4f/msp432e4_driverlib.a(cpu.o)
                              C:/ti/simplelink_msp432e4_sdk_4_20_00_12/source\ti/devices/msp432e4/driverlib/lib/gcc/m4f/msp432e4_driverlib.a(interrupt.o) (CPUcpsid)
c:/ti/gcc_arm_none_eabi_9_2_1/bin/../lib/gcc/arm-none-eabi/9.2.1/thumb/v7e-m+fp/hard\libgcc.a(_aeabi_ldivmod.o)
                              ./ustdlib.o (__aeabi_ldivmod)
c:/ti/gcc_arm_none_eabi_9_2_1/bin/../lib/gcc/arm-none-eabi/9.2.1/thumb/v7e-m+fp/hard\libgcc.a(_udivmoddi4.o)
                              c:/ti/gcc_arm_none_eabi_9_2_1/bin/../lib/gcc/arm-none-eabi/9.2.1/thumb/v7e-m+fp/hard\libgcc.a(_aeabi_ldivmod.o) (__udivmoddi4)
c:/ti/gcc_arm_none_eabi_9_2_1/bin/../lib/gcc/arm-none-eabi/9.2.1/thumb/v7e-m+fp/hard\libgcc.a(_dvmd_tls.o)
                              c:/ti/gcc_arm_none_eabi_9_2_1/bin/../lib/gcc/arm-none-eabi/9.2.1/thumb/v7e-m+fp/hard\libgcc.a(_aeabi_ldivmod.o) (__aeabi_ldiv0)
c:/ti/gcc_arm_none_eabi_9_2_1/bin/../lib/gcc/arm-none-eabi/9.2.1/../../../../arm-none-eabi/lib/thumb/v7e-m+fp/hard\libc_nano.a(lib_a-exit.o)
                              c:/ti/gcc_arm_none_eabi_9_2_1/bin/../lib/gcc/arm-none-eabi/9.2.1/../../../../arm-none-eabi/lib/thumb/v7e-m+fp/hard/crt0.o (exit)
c:/ti/gcc_arm_none_eabi_9_2_1/bin/../lib/gcc/arm-none-eabi/9.2.1/../../../../arm-none-eabi/lib/thumb/v7e-m+fp/hard\libc_nano.a(lib_a-impure.o)
                              c:/ti/gcc_arm_none_eabi_9_2_1/bin/../lib/gcc/arm-none-eabi/9.2.1/../../../../arm-none-eabi/lib/thumb/v7e-m+fp/hard\libc_nano.a(lib_a-exit.o) (_global_impure_ptr)
c:/ti/gcc_arm_none_eabi_9_2_1/bin/../lib/gcc/arm-none-eabi/9.2.1/../../../../arm-none-eabi/lib/thumb/v7e-m+fp/hard\libc_nano.a(lib_a-init.o)
                              c:/ti/gcc_arm_none_eabi_9_2_1/bin/../lib/gcc/arm-none-eabi/9.2.1/../../../../arm-none-eabi/lib/thumb/v7e-m+fp/hard/crt0.o (__libc_init_array)
c:/ti/gcc_arm_none_eabi_9_2_1/bin/../lib/gcc/arm-none-eabi/9.2.1/../../../../arm-none-eabi/lib/thumb/v7e-m+fp/hard\libc_nano.a(lib_a-malloc.o)
                              ./kernal/queue.o (malloc)
c:/ti/gcc_arm_none_eabi_9_2_1/bin/../lib/gcc/arm-none-eabi/9.2.1/../../../../arm-none-eabi/lib/thumb/v7e-m+fp/hard\libc_nano.a(lib_a-memcmp.o)
                              ./lwip/src/core/ipv4/autoip.o (memcmp)
c:/ti/gcc_arm_none_eabi_9_2_1/bin/../lib/gcc/arm-none-eabi/9.2.1/../../../../arm-none-eabi/lib/thumb/v7e-m+fp/hard\libc_nano.a(lib_a-memcpy-stub.o)
                              ./io_fs.o (memcpy)
c:/ti/gcc_arm_none_eabi_9_2_1/bin/../lib/gcc/arm-none-eabi/9.2.1/../../../../arm-none-eabi/lib/thumb/v7e-m+fp/hard\libc_nano.a(lib_a-memset.o)
                              c:/ti/gcc_arm_none_eabi_9_2_1/bin/../lib/gcc/arm-none-eabi/9.2.1/../../../../arm-none-eabi/lib/thumb/v7e-m+fp/hard/crt0.o (memset)
c:/ti/gcc_arm_none_eabi_9_2_1/bin/../lib/gcc/arm-none-eabi/9.2.1/../../../../arm-none-eabi/lib/thumb/v7e-m+fp/hard\libc_nano.a(lib_a-nano-freer.o)
                              c:/ti/gcc_arm_none_eabi_9_2_1/bin/../lib/gcc/arm-none-eabi/9.2.1/../../../../arm-none-eabi/lib/thumb/v7e-m+fp/hard\libc_nano.a(lib_a-malloc.o) (_free_r)
c:/ti/gcc_arm_none_eabi_9_2_1/bin/../lib/gcc/arm-none-eabi/9.2.1/../../../../arm-none-eabi/lib/thumb/v7e-m+fp/hard\libc_nano.a(lib_a-nano-mallocr.o)
[...]
Memory Configuration

Name             Origin             Length             Attributes
FLASH            0x00000000         0x00100000         xr
SRAM             0x20000000         0x00040000         xw
*default*        0x00000000         0xffffffff

Linker script and memory map

LOAD c:/ti/gcc_arm_none_eabi_9_2_1/bin/../lib/gcc/arm-none-eabi/9.2.1/thumb/v7e-m+fp/hard/crti.o
LOAD c:/ti/gcc_arm_none_eabi_9_2_1/bin/../lib/gcc/arm-none-eabi/9.2.1/thumb/v7e-m+fp/hard/crtbegin.o
LOAD c:/ti/gcc_arm_none_eabi_9_2_1/bin/../lib/gcc/arm-none-eabi/9.2.1/../../../../arm-none-eabi/lib/thumb/v7e-m+fp/hard/crt0.o
LOAD ./cgifuncs.o
LOAD ./enet_io.o
LOAD ./io.o
LOAD ./io_fs.o
LOAD ./pinout.o
LOAD ./system_msp432e401y.o
LOAD ./ustdlib.o
LOAD ./gcc/startup_msp432e401y_gcc.o
LOAD ./kernal/List.o
LOAD ./kernal/Mutex.o
LOAD ./kernal/PeridicTask.o
LOAD ./kernal/SquadRTOS.o
LOAD ./kernal/SquadRTOS_Handlers.o
LOAD ./kernal/SquadRTOS_Systemcall.o
LOAD ./kernal/kenal.o
LOAD ./kernal/mailBox.o
LOAD ./kernal/queue.o
LOAD ./kernal/thread.o
LOAD ./lwip/ports/msp432e4/netif/msp432e4if.o
LOAD ./lwip/ports/msp432e4/perf.o
LOAD ./lwip/ports/msp432e4/sys_arch.o
LOAD ./lwip/ports/msp432e4/utils/locator.o
LOAD ./lwip/ports/msp432e4/utils/lwiplib.o
LOAD ./lwip/ports/msp432e4/utils/swupdate.o
LOAD ./lwip/src/api/api_lib.o
LOAD ./lwip/src/api/api_msg.o
LOAD ./lwip/src/api/err.o
LOAD ./lwip/src/api/netbuf.o
LOAD ./lwip/src/api/netdb.o
LOAD ./lwip/src/api/netifapi.o
LOAD ./lwip/src/api/sockets.o
LOAD ./lwip/src/api/tcpip.o
LOAD ./lwip/src/apps/httpd/httpd.o
LOAD ./lwip/src/apps/lwiperf/lwiperf.o
LOAD ./lwip/src/apps/mdns/mdns.o
LOAD ./lwip/src/apps/mqtt/mqtt.o
LOAD ./lwip/src/apps/netbiosns/netbiosns.o
LOAD ./lwip/src/apps/snmp/snmp_asn1.o
LOAD ./lwip/src/apps/snmp/snmp_core.o
LOAD ./lwip/src/apps/snmp/snmp_mib2.o
LOAD ./lwip/src/apps/snmp/snmp_mib2_icmp.o
LOAD ./lwip/src/apps/snmp/snmp_mib2_interfaces.o
LOAD ./lwip/src/apps/snmp/snmp_mib2_ip.o
LOAD ./lwip/src/apps/snmp/snmp_mib2_snmp.o
LOAD ./lwip/src/apps/snmp/snmp_mib2_system.o
LOAD ./lwip/src/apps/snmp/snmp_mib2_tcp.o
LOAD ./lwip/src/apps/snmp/snmp_mib2_udp.o
LOAD ./lwip/src/apps/snmp/snmp_msg.o
LOAD ./lwip/src/apps/snmp/snmp_netconn.o
LOAD ./lwip/src/apps/snmp/snmp_pbuf_stream.o
LOAD ./lwip/src/apps/snmp/snmp_raw.o
LOAD ./lwip/src/apps/snmp/snmp_scalar.o
LOAD ./lwip/src/apps/snmp/snmp_table.o
LOAD ./lwip/src/apps/snmp/snmp_threadsync.o
LOAD ./lwip/src/apps/snmp/snmp_traps.o
LOAD ./lwip/src/apps/snmp/snmpv3.o
LOAD ./lwip/src/apps/snmp/snmpv3_dummy.o
LOAD ./lwip/src/apps/snmp/snmpv3_mbedtls.o
LOAD ./lwip/src/apps/sntp/sntp.o
LOAD ./lwip/src/apps/tftp/tftp_server.o
LOAD ./lwip/src/core/def.o
LOAD ./lwip/src/core/dns.o
LOAD ./lwip/src/core/inet_chksum.o
LOAD ./lwip/src/core/init.o
LOAD ./lwip/src/core/ip.o
LOAD ./lwip/src/core/mem.o
LOAD ./lwip/src/core/memp.o
LOAD ./lwip/src/core/netif.o
LOAD ./lwip/src/core/pbuf.o
LOAD ./lwip/src/core/raw.o
LOAD ./lwip/src/core/stats.o
LOAD ./lwip/src/core/sys.o
LOAD ./lwip/src/core/tcp.o
LOAD ./lwip/src/core/tcp_in.o
LOAD ./lwip/src/core/tcp_out.o
LOAD ./lwip/src/core/timeouts.o
LOAD ./lwip/src/core/udp.o
LOAD ./lwip/src/core/ipv4/autoip.o
LOAD ./lwip/src/core/ipv4/dhcp.o
LOAD ./lwip/src/core/ipv4/etharp.o
LOAD ./lwip/src/core/ipv4/icmp.o
LOAD ./lwip/src/core/ipv4/igmp.o
LOAD ./lwip/src/core/ipv4/ip4.o
LOAD ./lwip/src/core/ipv4/ip4_addr.o
LOAD ./lwip/src/core/ipv4/ip4_frag.o
LOAD ./lwip/src/core/ipv6/dhcp6.o
LOAD ./lwip/src/core/ipv6/ethip6.o
LOAD ./lwip/src/core/ipv6/icmp6.o
LOAD ./lwip/src/core/ipv6/inet6.o
LOAD ./lwip/src/core/ipv6/ip6.o
LOAD ./lwip/src/core/ipv6/ip6_addr.o
LOAD ./lwip/src/core/ipv6/ip6_frag.o
LOAD ./lwip/src/core/ipv6/mld6.o
LOAD ./lwip/src/core/ipv6/nd6.o
LOAD ./lwip/src/netif/ethernet.o
LOAD ./lwip/src/netif/ethernetif.o
LOAD ./lwip/src/netif/lowpan6.o
LOAD ./lwip/src/netif/slipif.o
LOAD ./lwip/src/netif/ppp/auth.o
LOAD ./lwip/src/netif/ppp/ccp.o
LOAD ./lwip/src/netif/ppp/chap-md5.o
LOAD ./lwip/src/netif/ppp/chap-new.o
LOAD ./lwip/src/netif/ppp/chap_ms.o
LOAD ./lwip/src/netif/ppp/demand.o
LOAD ./lwip/src/netif/ppp/eap.o
LOAD ./lwip/src/netif/ppp/ecp.o
LOAD ./lwip/src/netif/ppp/eui64.o
LOAD ./lwip/src/netif/ppp/fsm.o
LOAD ./lwip/src/netif/ppp/ipcp.o
LOAD ./lwip/src/netif/ppp/ipv6cp.o
LOAD ./lwip/src/netif/ppp/lcp.o
LOAD ./lwip/src/netif/ppp/magic.o
LOAD ./lwip/src/netif/ppp/mppe.o
LOAD ./lwip/src/netif/ppp/multilink.o
LOAD ./lwip/src/netif/ppp/ppp.o
LOAD ./lwip/src/netif/ppp/pppapi.o
LOAD ./lwip/src/netif/ppp/pppcrypt.o
LOAD ./lwip/src/netif/ppp/pppoe.o
LOAD ./lwip/src/netif/ppp/pppol2tp.o
LOAD ./lwip/src/netif/ppp/pppos.o
LOAD ./lwip/src/netif/ppp/upap.o
LOAD ./lwip/src/netif/ppp/utils.o
LOAD ./lwip/src/netif/ppp/vj.o
LOAD ./lwip/src/netif/ppp/polarssl/arc4.o
LOAD ./lwip/src/netif/ppp/polarssl/des.o
LOAD ./lwip/src/netif/ppp/polarssl/md4.o
LOAD ./lwip/src/netif/ppp/polarssl/md5.o
LOAD ./lwip/src/netif/ppp/polarssl/sha1.o
                0x00000000                PROVIDE (_intvecs_base_address = DEFINED (_intvecs_base_address)?_intvecs_base_address:0x0)

.intvecs        0x00000000      0x208
 *(.intvecs)
 .intvecs       0x00000000      0x208 ./gcc/startup_msp432e401y_gcc.o
                0x00000000                interruptVectors
                0x20000000                PROVIDE (_vtable_base_address = DEFINED (_vtable_base_address)?_vtable_base_address:0x20000000)

.vtable
 *(.vtable)

.text           0x00000208    0x113b8
 CREATE_OBJECT_SYMBOLS
 *(.text)
 .text          0x00000208        0x0 c:/ti/gcc_arm_none_eabi_9_2_1/bin/../lib/gcc/arm-none-eabi/9.2.1/thumb/v7e-m+fp/hard/crti.o
 .text          0x00000208       0x40 c:/ti/gcc_arm_none_eabi_9_2_1/bin/../lib/gcc/arm-none-eabi/9.2.1/thumb/v7e-m+fp/hard/crtbegin.o
 .text          0x00000248       0x74 c:/ti/gcc_arm_none_eabi_9_2_1/bin/../lib/gcc/arm-none-eabi/9.2.1/../../../../arm-none-eabi/lib/thumb/v7e-m+fp/hard/crt0.o
                0x00000248                _start
                0x00000248                _mainCRTStartup
 .text          0x000002bc        0x0 ./cgifuncs.o
 .text          0x000002bc        0x0 ./enet_io.o
 .text          0x000002bc        0x0 ./io.o
 .text          0x000002bc        0x0 ./io_fs.o
 .text          0x000002bc        0x0 ./pinout.o
 .text          0x000002bc        0x0 ./system_msp432e401y.o
 .text          0x000002bc        0x0 ./ustdlib.o
 .text          0x000002bc        0x0 ./gcc/startup_msp432e401y_gcc.o
 .text          0x000002bc        0x0 ./kernal/List.o
 .text          0x000002bc        0x0 ./kernal/Mutex.o
 .text          0x000002bc        0x0 ./kernal/PeridicTask.o
 .text          0x000002bc        0x0 ./kernal/SquadRTOS.o
 .text          0x000002bc       0x7c ./kernal/SquadRTOS_Handlers.o
                0x000002bc                SquadRTOS_SVC_Handler
                0x000002dc                SquadRTOS_PendSV_Handler
 .text          0x00000338       0x4c ./kernal/SquadRTOS_Systemcall.o
                0x00000338                SquadRTOS_SVC_vthreadCreate
                0x0000033c                SquadRTOS_SVC_vSchedulerStart
                0x00000340                SquadRTOS_SVC_vDelay
                0x00000344                SquadRTOS_SVC_vTaskTimeOut
                0x00000348                SquadRTOS_SVC_vRecieve
                0x0000034c                SquadRTOS_SVC_vChangePriority
                0x00000350                SquadRTOS_SVC_vthreadDestroy
                0x00000354                SquadRTOS_SVC_vTaskResume
                0x00000358                SquadRTOS_SVC_vMakeTimer
                0x0000035c                SquadRTOS_SVC_vDeleteTimer
                0x00000360                SquadRTOS_SVC_vStart
                0x00000364                SquadRTOS_SVC_vEnd
                0x00000368                SquadRTOS_SVC_ChangePeriod
                0x0000036c                SquadRTOS_SVC_vCreateMutex
                0x00000370                SquadRTOS_SVC_vTakeMutex
                0x00000374                SquadRTOS_SVC_vReleaseMutex
                0x00000378                SquadRTOS_SVC_vMailboxCreate
                0x0000037c                SquadRTOS_SVC_u32MailboxRead
                0x00000380                SquadRTOS_SVC_u32MailboxWrite
 .text          0x00000384        0x0 ./kernal/kenal.o
 .text          0x00000384        0x0 ./kernal/mailBox.o
 .text          0x00000384        0x0 ./kernal/queue.o
 .text          0x00000384        0x0 ./kernal/thread.o
 .text          0x00000384        0x0 ./lwip/ports/msp432e4/netif/msp432e4if.o
 .text          0x00000384        0x0 ./lwip/ports/msp432e4/perf.o
 .text          0x00000384        0x0 ./lwip/ports/msp432e4/sys_arch.o
 .text          0x00000384        0x0 ./lwip/ports/msp432e4/utils/locator.o
 .text          0x00000384        0x0 ./lwip/ports/msp432e4/utils/lwiplib.o
 .text          0x00000384        0x0 ./lwip/ports/msp432e4/utils/swupdate.o
 .text          0x00000384        0x0 ./lwip/src/api/api_lib.o
 .text          0x00000384        0x0 ./lwip/src/api/api_msg.o
 .text          0x00000384        0x0 ./lwip/src/api/err.o
 .text          0x00000384        0x0 ./lwip/src/api/netbuf.o
 .text          0x00000384        0x0 ./lwip/src/api/netdb.o
 .text          0x00000384        0x0 ./lwip/src/api/netifapi.o
 .text          0x00000384        0x0 ./lwip/src/api/sockets.o
 .text          0x00000384        0x0 ./lwip/src/api/tcpip.o
 .text          0x00000384        0x0 ./lwip/src/apps/httpd/httpd.o
 .text          0x00000384        0x0 ./lwip/src/apps/lwiperf/lwiperf.o
 .text          0x00000384        0x0 ./lwip/src/apps/mdns/mdns.o
 .text          0x00000384        0x0 ./lwip/src/apps/mqtt/mqtt.o
 .text          0x00000384        0x0 ./lwip/src/apps/netbiosns/netbiosns.o
 .text          0x00000384        0x0 ./lwip/src/apps/snmp/snmp_asn1.o
 .text          0x00000384        0x0 ./lwip/src/apps/snmp/snmp_core.o
 .text          0x00000384        0x0 ./lwip/src/apps/snmp/snmp_mib2.o
 .text          0x00000384        0x0 ./lwip/src/apps/snmp/snmp_mib2_icmp.o
 .text          0x00000384        0x0 ./lwip/src/apps/snmp/snmp_mib2_interfaces.o
 .text          0x00000384        0x0 ./lwip/src/apps/snmp/snmp_mib2_ip.o
 .text          0x00000384        0x0 ./lwip/src/apps/snmp/snmp_mib2_snmp.o
 .text          0x00000384        0x0 ./lwip/src/apps/snmp/snmp_mib2_system.o
 .text          0x00000384        0x0 ./lwip/src/apps/snmp/snmp_mib2_tcp.o
 .text          0x00000384        0x0 ./lwip/src/apps/snmp/snmp_mib2_udp.o
 .text          0x00000384        0x0 ./lwip/src/apps/snmp/snmp_msg.o
 .text          0x00000384        0x0 ./lwip/src/apps/snmp/snmp_netconn.o
 .text          0x00000384        0x0 ./lwip/src/apps/snmp/snmp_pbuf_stream.o
 .text          0x00000384        0x0 ./lwip/src/apps/snmp/snmp_raw.o
 .text          0x00000384        0x0 ./lwip/src/apps/snmp/snmp_scalar.o
 .text          0x00000384        0x0 ./lwip/src/apps/snmp/snmp_table.o
 .text          0x00000384        0x0 ./lwip/src/apps/snmp/snmp_threadsync.o
 .text          0x00000384        0x0 ./lwip/src/apps/snmp/snmp_traps.o
 .text          0x00000384        0x0 ./lwip/src/apps/snmp/snmpv3.o
 .text          0x00000384        0x0 ./lwip/src/apps/snmp/snmpv3_dummy.o
 .text          0x00000384        0x0 ./lwip/src/apps/snmp/snmpv3_mbedtls.o
 .text          0x00000384        0x0 ./lwip/src/apps/sntp/sntp.o
 .text          0x00000384        0x0 ./lwip/src/apps/tftp/tftp_server.o
 .text          0x00000384        0x0 ./lwip/src/core/def.o
 .text          0x00000384        0x0 ./lwip/src/core/dns.o
 .text          0x00000384        0x0 ./lwip/src/core/inet_chksum.o
 .text          0x00000384        0x0 ./lwip/src/core/init.o
 .text          0x00000384        0x0 ./lwip/src/core/ip.o
 .text          0x00000384        0x0 ./lwip/src/core/mem.o
 .text          0x00000384        0x0 ./lwip/src/core/memp.o
 .text          0x00000384        0x0 ./lwip/src/core/netif.o
 .text          0x00000384        0x0 ./lwip/src/core/pbuf.o
 .text          0x00000384        0x0 ./lwip/src/core/raw.o
 .text          0x00000384        0x0 ./lwip/src/core/stats.o
 .text          0x00000384        0x0 ./lwip/src/core/sys.o
 .text          0x00000384        0x0 ./lwip/src/core/tcp.o
 .text          0x00000384        0x0 ./lwip/src/core/tcp_in.o
 .text          0x00000384        0x0 ./lwip/src/core/tcp_out.o
 .text          0x00000384        0x0 ./lwip/src/core/timeouts.o
 .text          0x00000384        0x0 ./lwip/src/core/udp.o
 .text          0x00000384        0x0 ./lwip/src/core/ipv4/autoip.o
 .text          0x00000384        0x0 ./lwip/src/core/ipv4/dhcp.o
 .text          0x00000384        0x0 ./lwip/src/core/ipv4/etharp.o
 .text          0x00000384        0x0 ./lwip/src/core/ipv4/icmp.o
 .text          0x00000384        0x0 ./lwip/src/core/ipv4/igmp.o
 .text          0x00000384        0x0 ./lwip/src/core/ipv4/ip4.o
 .text          0x00000384        0x0 ./lwip/src/core/ipv4/ip4_addr.o
 .text          0x00000384        0x0 ./lwip/src/core/ipv4/ip4_frag.o
 .text          0x00000384        0x0 ./lwip/src/core/ipv6/dhcp6.o
 .text          0x00000384        0x0 ./lwip/src/core/ipv6/ethip6.o
 .text          0x00000384        0x0 ./lwip/src/core/ipv6/icmp6.o
 .text          0x00000384        0x0 ./lwip/src/core/ipv6/inet6.o
 .text          0x00000384        0x0 ./lwip/src/core/ipv6/ip6.o
 .text          0x00000384        0x0 ./lwip/src/core/ipv6/ip6_addr.o
 .text          0x00000384        0x0 ./lwip/src/core/ipv6/ip6_frag.o
 .text          0x00000384        0x0 ./lwip/src/core/ipv6/mld6.o
 .text          0x00000384        0x0 ./lwip/src/core/ipv6/nd6.o
 .text          0x00000384        0x0 ./lwip/src/netif/ethernet.o
 .text          0x00000384        0x0 ./lwip/src/netif/ethernetif.o
 .text          0x00000384        0x0 ./lwip/src/netif/lowpan6.o
 .text          0x00000384        0x0 ./lwip/src/netif/slipif.o
 .text          0x00000384        0x0 ./lwip/src/netif/ppp/auth.o
 .text          0x00000384        0x0 ./lwip/src/netif/ppp/ccp.o
 .text          0x00000384        0x0 ./lwip/src/netif/ppp/chap-md5.o
 .text          0x00000384        0x0 ./lwip/src/netif/ppp/chap-new.o
 .text          0x00000384        0x0 ./lwip/src/netif/ppp/chap_ms.o
 .text          0x00000384        0x0 ./lwip/src/netif/ppp/demand.o
 .text          0x00000384        0x0 ./lwip/src/netif/ppp/eap.o
 .text          0x00000384        0x0 ./lwip/src/netif/ppp/ecp.o
 .text          0x00000384        0x0 ./lwip/src/netif/ppp/eui64.o
 .text          0x00000384        0x0 ./lwip/src/netif/ppp/fsm.o
 .text          0x00000384        0x0 ./lwip/src/netif/ppp/ipcp.o
 .text          0x00000384        0x0 ./lwip/src/netif/ppp/ipv6cp.o
 .text          0x00000384        0x0 ./lwip/src/netif/ppp/lcp.o
 .text          0x00000384        0x0 ./lwip/src/netif/ppp/magic.o
 .text          0x00000384        0x0 ./lwip/src/netif/ppp/mppe.o
 .text          0x00000384        0x0 ./lwip/src/netif/ppp/multilink.o
 .text          0x00000384        0x0 ./lwip/src/netif/ppp/ppp.o
 .text          0x00000384        0x0 ./lwip/src/netif/ppp/pppapi.o
 .text          0x00000384        0x0 ./lwip/src/netif/ppp/pppcrypt.o
 .text          0x00000384        0x0 ./lwip/src/netif/ppp/pppoe.o
 .text          0x00000384        0x0 ./lwip/src/netif/ppp/pppol2tp.o
 .text          0x00000384        0x0 ./lwip/src/netif/ppp/pppos.o
 .text          0x00000384        0x0 ./lwip/src/netif/ppp/upap.o
 .text          0x00000384        0x0 ./lwip/src/netif/ppp/utils.o
 .text          0x00000384        0x0 ./lwip/src/netif/ppp/vj.o
 .text          0x00000384        0x0 ./lwip/src/netif/ppp/polarssl/arc4.o
 .text          0x00000384        0x0 ./lwip/src/netif/ppp/polarssl/des.o
 .text          0x00000384        0x0 ./lwip/src/netif/ppp/polarssl/md4.o
 .text          0x00000384        0x0 ./lwip/src/netif/ppp/polarssl/md5.o
 .text          0x00000384        0x0 ./lwip/src/netif/ppp/polarssl/sha1.o
 .text          0x00000384        0x0 C:/ti/simplelink_msp432e4_sdk_4_20_00_12/source\ti/devices/msp432e4/driverlib/lib/gcc/m4f/msp432e4_driverlib.a(emac.o)
 .text          0x00000384        0x0 C:/ti/simplelink_msp432e4_sdk_4_20_00_12/source\ti/devices/msp432e4/driverlib/lib/gcc/m4f/msp432e4_driverlib.a(flash.o)
 .text          0x00000384        0x0 C:/ti/simplelink_msp432e4_sdk_4_20_00_12/source\ti/devices/msp432e4/driverlib/lib/gcc/m4f/msp432e4_driverlib.a(gpio.o)
 .text          0x00000384        0x0 C:/ti/simplelink_msp432e4_sdk_4_20_00_12/source\ti/devices/msp432e4/driverlib/lib/gcc/m4f/msp432e4_driverlib.a(interrupt.o)
 .text          0x00000384        0x0 C:/ti/simplelink_msp432e4_sdk_4_20_00_12/source\ti/devices/msp432e4/driverlib/lib/gcc/m4f/msp432e4_driverlib.a(sw_crc.o)
 .text          0x00000384        0x0 C:/ti/simplelink_msp432e4_sdk_4_20_00_12/source\ti/devices/msp432e4/driverlib/lib/gcc/m4f/msp432e4_driverlib.a(sysctl.o)
 .text          0x00000384        0x0 C:/ti/simplelink_msp432e4_sdk_4_20_00_12/source\ti/devices/msp432e4/driverlib/lib/gcc/m4f/msp432e4_driverlib.a(systick.o)
 .text          0x00000384        0x0 C:/ti/simplelink_msp432e4_sdk_4_20_00_12/source\ti/devices/msp432e4/driverlib/lib/gcc/m4f/msp432e4_driverlib.a(cpu.o)
 .text          0x00000384       0xa0 c:/ti/gcc_arm_none_eabi_9_2_1/bin/../lib/gcc/arm-none-eabi/9.2.1/thumb/v7e-m+fp/hard\libgcc.a(_aeabi_ldivmod.o)
                0x00000384                __aeabi_ldivmod
 .text          0x00000424      0x2c4 c:/ti/gcc_arm_none_eabi_9_2_1/bin/../lib/gcc/arm-none-eabi/9.2.1/thumb/v7e-m+fp/hard\libgcc.a(_udivmoddi4.o)
                0x00000424                __udivmoddi4
 .text          0x000006e8        0x4 c:/ti/gcc_arm_none_eabi_9_2_1/bin/../lib/gcc/arm-none-eabi/9.2.1/thumb/v7e-m+fp/hard\libgcc.a(_dvmd_tls.o)
                0x000006e8                __aeabi_idiv0
                0x000006e8                __aeabi_ldiv0
 .text          0x000006ec        0x0 c:/ti/gcc_arm_none_eabi_9_2_1/bin/../lib/gcc/arm-none-eabi/9.2.1/../../../../arm-none-eabi/lib/thumb/v7e-m+fp/hard\libc_nano.a(lib_a-exit.o)
 .text          0x000006ec        0x0 c:/ti/gcc_arm_none_eabi_9_2_1/bin/../lib/gcc/arm-none-eabi/9.2.1/../../../../arm-none-eabi/lib/thumb/v7e-m+fp/hard\libc_nano.a(lib_a-impure.o)
 .text          0x000006ec        0x0 c:/ti/gcc_arm_none_eabi_9_2_1/bin/../lib/gcc/arm-none-eabi/9.2.1/../../../../arm-none-eabi/lib/thumb/v7e-m+fp/hard\libc_nano.a(lib_a-init.o)
 .text          0x000006ec        0x0 c:/ti/gcc_arm_none_eabi_9_2_1/bin/../lib/gcc/arm-none-eabi/9.2.1/../../../../arm-none-eabi/lib/thumb/v7e-m+fp/hard\libc_nano.a(lib_a-malloc.o)
 .text          0x000006ec        0x0 c:/ti/gcc_arm_none_eabi_9_2_1/bin/../lib/gcc/arm-none-eabi/9.2.1/../../../../arm-none-eabi/lib/thumb/v7e-m+fp/hard\libc_nano.a(lib_a-memcmp.o)
 .text          0x000006ec        0x0 c:/ti/gcc_arm_none_eabi_9_2_1/bin/../lib/gcc/arm-none-eabi/9.2.1/../../../../arm-none-eabi/lib/thumb/v7e-m+fp/hard\libc_nano.a(lib_a-memcpy-stub.o)
 .text          0x000006ec        0x0 c:/ti/gcc_arm_none_eabi_9_2_1/bin/../lib/gcc/arm-none-eabi/9.2.1/../../../../arm-none-eabi/lib/thumb/v7e-m+fp/hard\libc_nano.a(lib_a-memset.o)
 .text          0x000006ec        0x0 c:/ti/gcc_arm_none_eabi_9_2_1/bin/../lib/gcc/arm-none-eabi/9.2.1/../../../../arm-none-eabi/lib/thumb/v7e-m+fp/hard\libc_nano.a(lib_a-nano-freer.o)
 .text          0x000006ec        0x0 c:/ti/gcc_arm_none_eabi_9_2_1/bin/../lib/gcc/arm-none-eabi/9.2.1/../../../../arm-none-eabi/lib/thumb/v7e-m+fp/hard\libc_nano.a(lib_a-nano-mallocr.o)
 .text          0x000006ec        0x0 c:/ti/gcc_arm_none_eabi_9_2_1/bin/../lib/gcc/arm-none-eabi/9.2.1/../../../../arm-none-eabi/lib/thumb/v7e-m+fp/hard\libc_nano.a(lib_a-rand.o)
 .text          0x000006ec        0x0 c:/ti/gcc_arm_none_eabi_9_2_1/bin/../lib/gcc/arm-none-eabi/9.2.1/../../../../arm-none-eabi/lib/thumb/v7e-m+fp/hard\libc_nano.a(lib_a-sbrkr.o)
 .text          0x000006ec        0x0 c:/ti/gcc_arm_none_eabi_9_2_1/bin/../lib/gcc/arm-none-eabi/9.2.1/../../../../arm-none-eabi/lib/thumb/v7e-m+fp/hard\libc_nano.a(lib_a-strchr.o)
 .text          0x000006ec       0x14 c:/ti/gcc_arm_none_eabi_9_2_1/bin/../lib/gcc/arm-none-eabi/9.2.1/../../../../arm-none-eabi/lib/thumb/v7e-m+fp/hard\libc_nano.a(lib_a-strcmp.o)
                0x000006ec                strcmp
 .text          0x00000700       0x10 c:/ti/gcc_arm_none_eabi_9_2_1/bin/../lib/gcc/arm-none-eabi/9.2.1/../../../../arm-none-eabi/lib/thumb/v7e-m+fp/hard\libc_nano.a(lib_a-strlen.o)
                0x00000700                strlen
 .text          0x00000710        0x0 c:/ti/gcc_arm_none_eabi_9_2_1/bin/../lib/gcc/arm-none-eabi/9.2.1/../../../../arm-none-eabi/lib/thumb/v7e-m+fp/hard\libc_nano.a(lib_a-strncmp.o)
 .text          0x00000710        0x0 c:/ti/gcc_arm_none_eabi_9_2_1/bin/../lib/gcc/arm-none-eabi/9.2.1/../../../../arm-none-eabi/lib/thumb/v7e-m+fp/hard\libc_nano.a(lib_a-strstr.o)
 .text          0x00000710        0x0 c:/ti/gcc_arm_none_eabi_9_2_1/bin/../lib/gcc/arm-none-eabi/9.2.1/../../../../arm-none-eabi/lib/thumb/v7e-m+fp/hard\libc_nano.a(lib_a-mlock.o)
 .text          0x00000710        0x0 c:/ti/gcc_arm_none_eabi_9_2_1/bin/../lib/gcc/arm-none-eabi/9.2.1/../../../../arm-none-eabi/lib/thumb/v7e-m+fp/hard\libc_nano.a(lib_a-reent.o)
 .text          0x00000710        0x0 c:/ti/gcc_arm_none_eabi_9_2_1/bin/../lib/gcc/arm-none-eabi/9.2.1/../../../../arm-none-eabi/lib/thumb/v7e-m+fp/hard\libc_nano.a(lib_a-lock.o)
 .text          0x00000710        0x0 c:/ti/gcc_arm_none_eabi_9_2_1/bin/../lib/gcc/arm-none-eabi/9.2.1/../../../../arm-none-eabi/lib/thumb/v7e-m+fp/hard\libnosys.a(sbrk.o)
 .text          0x00000710        0x0 c:/ti/gcc_arm_none_eabi_9_2_1/bin/../lib/gcc/arm-none-eabi/9.2.1/../../../../arm-none-eabi/lib/thumb/v7e-m+fp/hard\libnosys.a(_exit.o)
 .text          0x00000710        0x0 c:/ti/gcc_arm_none_eabi_9_2_1/bin/../lib/gcc/arm-none-eabi/9.2.1/thumb/v7e-m+fp/hard/crtend.o
 .text          0x00000710        0x0 c:/ti/gcc_arm_none_eabi_9_2_1/bin/../lib/gcc/arm-none-eabi/9.2.1/thumb/v7e-m+fp/hard/crtn.o
 *(.text.*)
 .text.FindCGIParameter
                0x00000710       0x48 ./cgifuncs.o
                0x00000710                FindCGIParameter
 .text.IsValidHexDigit
                0x00000758       0x40 ./cgifuncs.o
                0x00000758                IsValidHexDigit
 .text.HexDigit
                0x00000798       0x54 ./cgifuncs.o
                0x00000798                HexDigit
 .text.DecodeHexEscape
                0x000007ec       0x78 ./cgifuncs.o
                0x000007ec                DecodeHexEscape
 .text.DecodeFormString
                0x00000864       0xd4 ./cgifuncs.o
                0x00000864                DecodeFormString
 .text.CheckDecimalParam
                0x00000938      0x13c ./cgifuncs.o
                0x00000938                CheckDecimalParam
 .text.GetCGIParam
                0x00000a74       0x56 ./cgifuncs.o
                0x00000a74                GetCGIParam
 *fill*         0x00000aca        0x2 
 .text.UART0_IRQHandler
                0x00000acc       0x74 ./enet_io.o
                0x00000acc                UART0_IRQHandler
 .text.UARTprintf
                0x00000b40       0x50 ./enet_io.o
                0x00000b40                UARTprintf
 .text.ControlCGIHandler
                0x00000b90       0x80 ./enet_io.o
 .text.SetTextCGIHandler
                0x00000c10       0x74 ./enet_io.o
 .text.SSIHandler
                0x00000c84       0x8c ./enet_io.o
 .text.TIMER2A_IRQHandler
                0x00000d10       0x40 ./enet_io.o
                0x00000d10                TIMER2A_IRQHandler
 .text.DisplayIPAddress
                0x00000d50       0x44 ./enet_io.o
                0x00000d50                DisplayIPAddress
 .text.lwIPHostTimerHandler
                0x00000d94       0x74 ./enet_io.o
                0x00000d94                lwIPHostTimerHandler
 .text.thread1function
                0x00000e08       0x64 ./enet_io.o
                0x00000e08                thread1function
 .text.thread2function
                0x00000e6c       0x54 ./enet_io.o
                0x00000e6c                thread2function
 .text.thread3function
                0x00000ec0       0x20 ./enet_io.o
                0x00000ec0                thread3function
 .text.main     0x00000ee0      0x23c ./enet_io.o
                0x00000ee0                main
 .text.io_set_timer
                0x0000111c       0x70 ./io.o
 .text.io_init  0x0000118c       0x9c ./io.o
                0x0000118c                io_init
 .text.io_set_led
                0x00001228       0x28 ./io.o
                0x00001228                io_set_led
 .text.io_get_ledstate
                0x00001250       0x50 ./io.o
                0x00001250                io_get_ledstate
 .text.io_is_led_on
                0x000012a0       0x2c ./io.o
                0x000012a0                io_is_led_on
 .text.io_set_animation_speed_string
                0x000012cc       0x60 ./io.o
                0x000012cc                io_set_animation_speed_string
 .text.io_set_animation_speed
                0x0000132c       0x2c ./io.o
                0x0000132c                io_set_animation_speed
 .text.io_get_animation_speed_string
                0x00001358       0x28 ./io.o
                0x00001358                io_get_animation_speed_string
 .text.io_get_animation_speed
                0x00001380       0x18 ./io.o
                0x00001380                io_get_animation_speed
 .text.fs_open  0x00001398      0x1b8 ./io_fs.o
                0x00001398                fs_open
 .text.fs_close
                0x00001550       0x16 ./io_fs.o
                0x00001550                fs_close
 .text.fs_bytes_left
                0x00001566       0x1e ./io_fs.o
                0x00001566                fs_bytes_left
 .text.PinoutSet
                0x00001584      0x270 ./pinout.o
                0x00001584                PinoutSet
 .text.SystemInit
                0x000017f4       0x30 ./system_msp432e401y.o
                0x000017f4                SystemInit
 .text.ustrncpy
                0x00001824       0x6a ./ustdlib.o
                0x00001824                ustrncpy
 *fill*         0x0000188e        0x2 
 .text.uvsnprintf
                0x00001890      0x508 ./ustdlib.o
                0x00001890                uvsnprintf
 .text.usprintf
                0x00001d98       0x30 ./ustdlib.o
                0x00001d98                usprintf
 .text.usnprintf
                0x00001dc8       0x30 ./ustdlib.o
                0x00001dc8                usnprintf
 .text.ustrncmp
                0x00001df8       0x6a ./ustdlib.o
                0x00001df8                ustrncmp
 *fill*         0x00001e62        0x2 
 .text.Reset_Handler
                0x00001e64       0x44 ./gcc/startup_msp432e401y_gcc.o
                0x00001e64                Reset_Handler
 .text.Default_Handler
                0x00001ea8        0xe ./gcc/startup_msp432e401y_gcc.o
                0x00001ea8                GPIOP3_IRQHandler
                0x00001ea8                DebugMon_Handler
                0x00001ea8                I2C0_IRQHandler
                0x00001ea8                GPIOQ0_IRQHandler
                0x00001ea8                HardFault_Handler
                0x00001ea8                DES0_IRQHandler
                0x00001ea8                EPI0_IRQHandler
                0x00001ea8                GPIOE_IRQHandler
                0x00001ea8                GPIOB_IRQHandler
                0x00001ea8                GPIOA_IRQHandler
                0x00001ea8                GPIOL_IRQHandler
                0x00001ea8                NMI_Handler
                0x00001ea8                I2C1_IRQHandler
                0x00001ea8                AES0_IRQHandler
                0x00001ea8                UART1_IRQHandler
                0x00001ea8                CAN1_IRQHandler
                0x00001ea8                GPIOQ4_IRQHandler
                0x00001ea8                TIMER4B_IRQHandler
                0x00001ea8                TIMER3A_IRQHandler
                0x00001ea8                TIMER4A_IRQHandler
                0x00001ea8                GPIOK_IRQHandler
                0x00001ea8                SSI0_IRQHandler
                0x00001ea8                PWM0_0_IRQHandler
                0x00001ea8                WATCHDOG_IRQHandler
                0x00001ea8                GPIOQ7_IRQHandler
                0x00001ea8                UsageFault_Handler
                0x00001ea8                I2C7_IRQHandler
                0x00001ea8                GPIOQ2_IRQHandler
                0x00001ea8                GPIOP5_IRQHandler
                0x00001ea8                GPIOM_IRQHandler
                0x00001ea8                GPIOP2_IRQHandler
                0x00001ea8                TIMER2B_IRQHandler
                0x00001ea8                I2C5_IRQHandler
                0x00001ea8                I2C4_IRQHandler
                0x00001ea8                TIMER6A_IRQHandler
                0x00001ea8                SSI1_IRQHandler
                0x00001ea8                GPIOF_IRQHandler
                0x00001ea8                I2C2_IRQHandler
                0x00001ea8                GPIOQ1_IRQHandler
                0x00001ea8                ADC1SS0_IRQHandler
                0x00001ea8                GPIOP7_IRQHandler
                0x00001ea8                TIMER0B_IRQHandler
                0x00001ea8                TIMER3B_IRQHandler
                0x00001ea8                UART5_IRQHandler
                0x00001ea8                GPIOD_IRQHandler
                0x00001ea8                TIMER0A_IRQHandler
                0x00001ea8                COMP0_IRQHandler
                0x00001ea8                PWM0_2_IRQHandler
                0x00001ea8                GPIOC_IRQHandler
                0x00001ea8                SHA0_IRQHandler
                0x00001ea8                UDMA_IRQHandler
                0x00001ea8                UART2_IRQHandler
                0x00001ea8                UART4_IRQHandler
                0x00001ea8                GPIOP4_IRQHandler
                0x00001ea8                I2C6_IRQHandler
                0x00001ea8                Default_Handler
                0x00001ea8                COMP2_IRQHandler
                0x00001ea8                I2C9_IRQHandler
                0x00001ea8                ADC0SS3_IRQHandler
                0x00001ea8                QEI0_IRQHandler
                0x00001ea8                GPIOG_IRQHandler
                0x00001ea8                GPIOH_IRQHandler
                0x00001ea8                ADC1SS2_IRQHandler
                0x00001ea8                TIMER5A_IRQHandler
                0x00001ea8                USB0_IRQHandler
                0x00001ea8                I2C3_IRQHandler
                0x00001ea8                GPIOQ3_IRQHandler
                0x00001ea8                MemManage_Handler
                0x00001ea8                ADC0SS2_IRQHandler
                0x00001ea8                SYSEXC_IRQHandler
                0x00001ea8                UDMAERR_IRQHandler
                0x00001ea8                GPIOQ5_IRQHandler
                0x00001ea8                ADC1SS1_IRQHandler
                0x00001ea8                GPIOJ_IRQHandler
                0x00001ea8                ADC0SS0_IRQHandler
                0x00001ea8                ADC0SS1_IRQHandler
                0x00001ea8                CAN0_IRQHandler
                0x00001ea8                TIMER6B_IRQHandler
                0x00001ea8                TIMER5B_IRQHandler
                0x00001ea8                GPIOQ6_IRQHandler
                0x00001ea8                GPIOP6_IRQHandler
                0x00001ea8                GPIOP0_IRQHandler
                0x00001ea8                PWM0_3_IRQHandler
                0x00001ea8                SYSCTL_IRQHandler
                0x00001ea8                PWM0_1_IRQHandler
                0x00001ea8                SSI2_IRQHandler
                0x00001ea8                UART7_IRQHandler
                0x00001ea8                HIBERNATE_IRQHandler
                0x00001ea8                UART6_IRQHandler
                0x00001ea8                PWM0_FAULT_IRQHandler
                0x00001ea8                TAMPER0_IRQHandler
                0x00001ea8                TIMER7B_IRQHandler
                0x00001ea8                TIMER7A_IRQHandler
                0x00001ea8                TIMER1A_IRQHandler
                0x00001ea8                FLASH_IRQHandler
                0x00001ea8                GPION_IRQHandler
                0x00001ea8                BusFault_Handler
                0x00001ea8                SSI3_IRQHandler
                0x00001ea8                UART3_IRQHandler
                0x00001ea8                I2C8_IRQHandler
                0x00001ea8                COMP1_IRQHandler
                0x00001ea8                TIMER1B_IRQHandler
                0x00001ea8                GPIOP1_IRQHandler
                0x00001ea8                ADC1SS3_IRQHandler
 .text.SquadRTOS_vListInit
                0x00001eb6       0x40 ./kernal/List.o
                0x00001eb6                SquadRTOS_vListInit
 .text.SquadRTOS_vListInsertEnd
                0x00001ef6       0x52 ./kernal/List.o
                0x00001ef6                SquadRTOS_vListInsertEnd
 .text.SquadRTOS_vListRemove
                0x00001f48       0x50 ./kernal/List.o
                0x00001f48                SquadRTOS_vListRemove
 .text.SquadRTOS_vListInsert
                0x00001f98       0x6a ./kernal/List.o
                0x00001f98                SquadRTOS_vListInsert
 .text.SquadRTOS_vCreateMutex
                0x00002002       0x22 ./kernal/Mutex.o
                0x00002002                SquadRTOS_vCreateMutex
 .text.SquadRTOS_vTakeMutex
                0x00002024       0xa4 ./kernal/Mutex.o
                0x00002024                SquadRTOS_vTakeMutex
 .text.SquadRTOS_vReleaseMutex
                0x000020c8       0x3c ./kernal/Mutex.o
                0x000020c8                SquadRTOS_vReleaseMutex
 .text.SquadRTOS_vMakeTimer
                0x00002104      0x154 ./kernal/PeridicTask.o
                0x00002104                SquadRTOS_vMakeTimer
 .text.SquadRTOS_vDeleteTimer
                0x00002258       0x40 ./kernal/PeridicTask.o
                0x00002258                SquadRTOS_vDeleteTimer
 .text.SquadRTOS_vStart
                0x00002298       0x20 ./kernal/PeridicTask.o
                0x00002298                SquadRTOS_vStart
 .text.SquadRTOS_vEnd
                0x000022b8       0x20 ./kernal/PeridicTask.o
                0x000022b8                SquadRTOS_vEnd
 .text.SquadRTOS_ChangePeriod
                0x000022d8       0x22 ./kernal/PeridicTask.o
                0x000022d8                SquadRTOS_ChangePeriod
 *fill*         0x000022fa        0x2 
 .text.SquadRTOS_CheckPerTasks
                0x000022fc      0x120 ./kernal/PeridicTask.o
                0x000022fc                SquadRTOS_CheckPerTasks
 .text.__NVIC_SetPriorityGrouping
                0x0000241c       0x48 ./kernal/SquadRTOS.o
 .text.__NVIC_EnableIRQ
                0x00002464       0x3c ./kernal/SquadRTOS.o
 .text.__NVIC_SetPriority
                0x000024a0       0x54 ./kernal/SquadRTOS.o
 .text.vIdleThreadFunction
                0x000024f4        0x6 ./kernal/SquadRTOS.o
 *fill*         0x000024fa        0x2 
 .text.SquadRTOS_vinit
                0x000024fc       0xe4 ./kernal/SquadRTOS.o
                0x000024fc                SquadRTOS_vinit
 .text.SquadRTOS_vschedulerStart
                0x000025e0       0x7c ./kernal/SquadRTOS.o
                0x000025e0                SquadRTOS_vschedulerStart
 .text.SquadRTOS_SVC_vHandler_main
                0x0000265c      0x236 ./kernal/SquadRTOS.o
                0x0000265c                SquadRTOS_SVC_vHandler_main
 *fill*         0x00002892        0x2 
 .text.SquadRTOS_SysTick_Handler
                0x00002894       0x38 ./kernal/SquadRTOS.o
                0x00002894                SquadRTOS_SysTick_Handler
 .text.checkWaitingThreads
                0x000028cc       0x42 ./kernal/mailBox.o
 .text.SquadRTOS_vMailboxCreate
                0x0000290e       0x5a ./kernal/mailBox.o
                0x0000290e                SquadRTOS_vMailboxCreate
 .text.SquadRTOS_u32MailboxWrite
                0x00002968       0xb0 ./kernal/mailBox.o
                0x00002968                SquadRTOS_u32MailboxWrite
 .text.SquadRTOS_u32MailboxRead
                0x00002a18       0xac ./kernal/mailBox.o
                0x00002a18                SquadRTOS_u32MailboxRead
 .text.pvCreateStaticQueue
                0x00002ac4       0x3e ./kernal/queue.o
                0x00002ac4                pvCreateStaticQueue
 .text.vQueueStaticPush
                0x00002b02       0x68 ./kernal/queue.o
                0x00002b02                vQueueStaticPush
 .text.pvQueueStaticDeque
                0x00002b6a       0x68 ./kernal/queue.o
                0x00002b6a                pvQueueStaticDeque
 .text.bQueueIsEmpty
                0x00002bd2       0x30 ./kernal/queue.o
                0x00002bd2                bQueueIsEmpty
 .text.vQueueReset
                0x00002c02       0x22 ./kernal/queue.o
                0x00002c02                vQueueReset
 .text.SquadRTOS_vThreadAddToReadyList
                0x00002c24       0x74 ./kernal/thread.o
                0x00002c24                SquadRTOS_vThreadAddToReadyList
 .text.SquadRTOS_vThreadCreate
                0x00002c98       0xa4 ./kernal/thread.o
                0x00002c98                SquadRTOS_vThreadCreate
 .text.SquadRTOS_ThreadGetRunning
                0x00002d3c       0x18 ./kernal/thread.o
                0x00002d3c                SquadRTOS_ThreadGetRunning
 .text.SquadRTOS_vthreadSwitchRunning
                0x00002d54       0x8c ./kernal/thread.o
                0x00002d54                SquadRTOS_vthreadSwitchRunning
 .text.SquadRTOS_vthreadInitLists
                0x00002de0       0x4c ./kernal/thread.o
                0x00002de0                SquadRTOS_vthreadInitLists
 .text.vTaskDelay
                0x00002e2c       0x5c ./kernal/thread.o
                0x00002e2c                vTaskDelay
 .text.SquadRTOS_vCheckWaitingList
                0x00002e88       0x64 ./kernal/thread.o
                0x00002e88                SquadRTOS_vCheckWaitingList
 .text.SquadRTOS_vTaskTimeOut
                0x00002eec       0x28 ./kernal/thread.o
                0x00002eec                SquadRTOS_vTaskTimeOut
 .text.SquadRTOS_vCheckTimeOut
                0x00002f14       0x44 ./kernal/thread.o
                0x00002f14                SquadRTOS_vCheckTimeOut
 .text.SquadRTOS_vthreadDestroy
                0x00002f58       0x2c ./kernal/thread.o
                0x00002f58                SquadRTOS_vthreadDestroy
 .text.SquadRTOS_vTaskResume
                0x00002f84       0x38 ./kernal/thread.o
                0x00002f84                SquadRTOS_vTaskResume
 .text.SquadRTOS_vChangePriority
                0x00002fbc       0x44 ./kernal/thread.o
                0x00002fbc                SquadRTOS_vChangePriority
 .text.SquadRTOS_vRecieve
                0x00003000       0x3c ./kernal/thread.o
                0x00003000                SquadRTOS_vRecieve
 .text.InitDMADescriptors
                0x0000303c      0x200 ./lwip/ports/msp432e4/netif/msp432e4if.o
                0x0000303c                InitDMADescriptors
 .text.msp432e4if_hwinit
                0x0000323c       0xe4 ./lwip/ports/msp432e4/netif/msp432e4if.o
 .text.msp432e4if_check_pbuf
                0x00003320       0x7c ./lwip/ports/msp432e4/netif/msp432e4if.o
 .text.msp432e4if_transmit
                0x0000339c      0x1d8 ./lwip/ports/msp432e4/netif/msp432e4if.o
 .text.msp432e4if_process_transmit
                0x00003574       0xcc ./lwip/ports/msp432e4/netif/msp432e4if.o
 .text.msp432e4if_receive
                0x00003640      0x30c ./lwip/ports/msp432e4/netif/msp432e4if.o
 .text.msp432e4if_init
                0x0000394c       0x50 ./lwip/ports/msp432e4/netif/msp432e4if.o
                0x0000394c                msp432e4if_init
 .text.msp432e4if_process_phy_interrupt
                0x0000399c       0xb4 ./lwip/ports/msp432e4/netif/msp432e4if.o
                0x0000399c                msp432e4if_process_phy_interrupt
 .text.msp432e4if_interrupt
                0x00003a50       0x74 ./lwip/ports/msp432e4/netif/msp432e4if.o
                0x00003a50                msp432e4if_interrupt
 .text.sys_now  0x00003ac4       0x18 ./lwip/ports/msp432e4/sys_arch.o
                0x00003ac4                sys_now
 .text.sys_arch_protect
                0x00003adc       0x18 ./lwip/ports/msp432e4/sys_arch.o
                0x00003adc                sys_arch_protect
 .text.sys_arch_unprotect
                0x00003af4       0x2c ./lwip/ports/msp432e4/sys_arch.o
                0x00003af4                sys_arch_unprotect
 .text.LocatorReceive
                0x00003b20       0xdc ./lwip/ports/msp432e4/utils/locator.o
 .text.LocatorInit
                0x00003bfc       0x88 ./lwip/ports/msp432e4/utils/locator.o
                0x00003bfc                LocatorInit
 .text.LocatorMACAddrSet
                0x00003c84       0x48 ./lwip/ports/msp432e4/utils/locator.o
                0x00003c84                LocatorMACAddrSet
 .text.LocatorAppTitleSet
                0x00003ccc       0x5c ./lwip/ports/msp432e4/utils/locator.o
                0x00003ccc                LocatorAppTitleSet
 .text.lwIPLinkDetect
                0x00003d28       0xb0 ./lwip/ports/msp432e4/utils/lwiplib.o
 .text.lwIPServiceTimers
                0x00003dd8      0x108 ./lwip/ports/msp432e4/utils/lwiplib.o
 .text.lwIPPrivateInit
                0x00003ee0       0xe8 ./lwip/ports/msp432e4/utils/lwiplib.o
 .text.lwIPInit
                0x00003fc8      0x108 ./lwip/ports/msp432e4/utils/lwiplib.o
                0x00003fc8                lwIPInit
 .text.lwIPTimer
                0x000040d0       0x38 ./lwip/ports/msp432e4/utils/lwiplib.o
                0x000040d0                lwIPTimer
 .text.EMAC0_IRQHandler
                0x00004108       0xa4 ./lwip/ports/msp432e4/utils/lwiplib.o
                0x00004108                EMAC0_IRQHandler
 .text.lwIPLocalIPAddrGet
                0x000041ac       0x28 ./lwip/ports/msp432e4/utils/lwiplib.o
                0x000041ac                lwIPLocalIPAddrGet
 .text.http_ssi_state_alloc
                0x000041d4       0x28 ./lwip/src/apps/httpd/httpd.o
 .text.http_ssi_state_free
                0x000041fc       0x1c ./lwip/src/apps/httpd/httpd.o
 .text.http_state_init
                0x00004218       0x22 ./lwip/src/apps/httpd/httpd.o
 .text.http_state_alloc
                0x0000423a       0x24 ./lwip/src/apps/httpd/httpd.o
 .text.http_state_eof
                0x0000425e       0x58 ./lwip/src/apps/httpd/httpd.o
 .text.http_state_free
                0x000042b6       0x22 ./lwip/src/apps/httpd/httpd.o
 .text.http_write
                0x000042d8       0xb2 ./lwip/src/apps/httpd/httpd.o
 *fill*         0x0000438a        0x2 
 .text.http_close_or_abort_conn
                0x0000438c       0x80 ./lwip/src/apps/httpd/httpd.o
 .text.http_close_conn
                0x0000440c       0x1e ./lwip/src/apps/httpd/httpd.o
 .text.http_eof
                0x0000442a       0x1a ./lwip/src/apps/httpd/httpd.o
 .text.extract_uri_parameters
                0x00004444       0xbc ./lwip/src/apps/httpd/httpd.o
 .text.get_tag_insert
                0x00004500      0x12c ./lwip/src/apps/httpd/httpd.o
 .text.get_http_headers
                0x0000462c      0x224 ./lwip/src/apps/httpd/httpd.o
 .text.http_send_headers
                0x00004850      0x190 ./lwip/src/apps/httpd/httpd.o
 .text.http_check_eof
                0x000049e0       0x46 ./lwip/src/apps/httpd/httpd.o
 .text.http_send_data_nonssi
                0x00004a26       0x76 ./lwip/src/apps/httpd/httpd.o
 .text.http_send_data_ssi
                0x00004a9c      0x53c ./lwip/src/apps/httpd/httpd.o
 .text.http_send
                0x00004fd8       0xac ./lwip/src/apps/httpd/httpd.o
 .text.http_get_404_file
                0x00005084       0x8c ./lwip/src/apps/httpd/httpd.o
 .text.http_parse_request
                0x00005110      0x198 ./lwip/src/apps/httpd/httpd.o
 .text.http_find_file
                0x000052a8      0x2b0 ./lwip/src/apps/httpd/httpd.o
 .text.http_init_file
                0x00005558      0x110 ./lwip/src/apps/httpd/httpd.o
 .text.http_err
                0x00005668       0x24 ./lwip/src/apps/httpd/httpd.o
 .text.http_sent
                0x0000568c       0x36 ./lwip/src/apps/httpd/httpd.o
 .text.http_poll
                0x000056c2       0x76 ./lwip/src/apps/httpd/httpd.o
 .text.http_recv
                0x00005738       0xca ./lwip/src/apps/httpd/httpd.o
 *fill*         0x00005802        0x2 
 .text.http_accept
                0x00005804       0x88 ./lwip/src/apps/httpd/httpd.o
 .text.httpd_init
                0x0000588c       0x48 ./lwip/src/apps/httpd/httpd.o
                0x0000588c                httpd_init
 .text.http_set_ssi_handler
                0x000058d4       0x38 ./lwip/src/apps/httpd/httpd.o
                0x000058d4                http_set_ssi_handler
 .text.http_set_cgi_handlers
                0x0000590c       0x2c ./lwip/src/apps/httpd/httpd.o
                0x0000590c                http_set_cgi_handlers
 .text.lwip_htons
                0x00005938       0x1c ./lwip/src/core/def.o
                0x00005938                lwip_htons
 .text.lwip_htonl
                0x00005954       0x32 ./lwip/src/core/def.o
                0x00005954                lwip_htonl
 .text.lwip_strnstr
                0x00005986       0x6c ./lwip/src/core/def.o
                0x00005986                lwip_strnstr
 .text.lwip_stricmp
                0x000059f2       0x68 ./lwip/src/core/def.o
                0x000059f2                lwip_stricmp
 *fill*         0x00005a5a        0x2 
 .text.lwip_itoa
                0x00005a5c       0x9c ./lwip/src/core/def.o
                0x00005a5c                lwip_itoa
 .text.dns_init
                0x00005af8        0xe ./lwip/src/core/dns.o
                0x00005af8                dns_init
 *fill*         0x00005b06        0x2 
 .text.dns_setserver
                0x00005b08       0x48 ./lwip/src/core/dns.o
                0x00005b08                dns_setserver
 .text.dns_tmr  0x00005b50        0xc ./lwip/src/core/dns.o
                0x00005b50                dns_tmr
 .text.dns_send
                0x00005b5c      0x19c ./lwip/src/core/dns.o
 .text.dns_call_found
                0x00005cf8      0x180 ./lwip/src/core/dns.o
 .text.dns_create_txid
                0x00005e78       0x60 ./lwip/src/core/dns.o
 .text.dns_check_entry
                0x00005ed8      0x128 ./lwip/src/core/dns.o
 .text.dns_check_entries
                0x00006000       0x2a ./lwip/src/core/dns.o
 .text.lwip_standard_chksum
                0x0000602a       0xba ./lwip/src/core/inet_chksum.o
                0x0000602a                lwip_standard_chksum
 .text.inet_chksum_pbuf
                0x000060e4       0x94 ./lwip/src/core/inet_chksum.o
                0x000060e4                inet_chksum_pbuf
 .text.lwip_init
                0x00006178       0x32 ./lwip/src/core/init.o
                0x00006178                lwip_init
 *fill*         0x000061aa        0x2 
 .text.plug_holes
                0x000061ac       0xc0 ./lwip/src/core/mem.o
 .text.mem_init
                0x0000626c       0x88 ./lwip/src/core/mem.o
                0x0000626c                mem_init
 .text.mem_free
                0x000062f4       0xac ./lwip/src/core/mem.o
                0x000062f4                mem_free
 .text.mem_trim
                0x000063a0      0x1cc ./lwip/src/core/mem.o
                0x000063a0                mem_trim
 .text.mem_malloc
                0x0000656c      0x1d8 ./lwip/src/core/mem.o
                0x0000656c                mem_malloc
 .text.memp_init_pool
                0x00006744       0x68 ./lwip/src/core/memp.o
                0x00006744                memp_init_pool
 .text.memp_init
                0x000067ac       0x50 ./lwip/src/core/memp.o
                0x000067ac                memp_init
 .text.do_memp_malloc_pool
                0x000067fc       0x7a ./lwip/src/core/memp.o
 *fill*         0x00006876        0x2 
 .text.memp_malloc
                0x00006878       0x34 ./lwip/src/core/memp.o
                0x00006878                memp_malloc
 .text.do_memp_free_pool
                0x000068ac       0x44 ./lwip/src/core/memp.o
 .text.memp_free
                0x000068f0       0x3c ./lwip/src/core/memp.o
                0x000068f0                memp_free
 .text.netif_init
                0x0000692c        0xe ./lwip/src/core/netif.o
                0x0000692c                netif_init
 *fill*         0x0000693a        0x2 
 .text.netif_add
                0x0000693c       0x98 ./lwip/src/core/netif.o
                0x0000693c                netif_add
 .text.netif_set_addr
                0x000069d4       0x58 ./lwip/src/core/netif.o
                0x000069d4                netif_set_addr
 .text.netif_set_ipaddr
                0x00006a2c       0x70 ./lwip/src/core/netif.o
                0x00006a2c                netif_set_ipaddr
 .text.netif_set_gw
                0x00006a9c       0x28 ./lwip/src/core/netif.o
                0x00006a9c                netif_set_gw
 .text.netif_set_netmask
                0x00006ac4       0x28 ./lwip/src/core/netif.o
                0x00006ac4                netif_set_netmask
 .text.netif_set_default
                0x00006aec       0x20 ./lwip/src/core/netif.o
                0x00006aec                netif_set_default
 .text.netif_set_up
                0x00006b0c       0x46 ./lwip/src/core/netif.o
                0x00006b0c                netif_set_up
 .text.netif_issue_reports
                0x00006b52       0x42 ./lwip/src/core/netif.o
 .text.netif_set_link_up
                0x00006b94       0x52 ./lwip/src/core/netif.o
                0x00006b94                netif_set_link_up
 .text.netif_set_link_down
                0x00006be6       0x34 ./lwip/src/core/netif.o
                0x00006be6                netif_set_link_down
 *fill*         0x00006c1a        0x2 
 .text.pbuf_pool_is_empty
                0x00006c1c       0x28 ./lwip/src/core/pbuf.o
 .text.pbuf_alloc
                0x00006c44      0x21c ./lwip/src/core/pbuf.o
                0x00006c44                pbuf_alloc
 .text.pbuf_realloc
                0x00006e60       0xc6 ./lwip/src/core/pbuf.o
                0x00006e60                pbuf_realloc
 .text.pbuf_header_impl
                0x00006f26      0x104 ./lwip/src/core/pbuf.o
 .text.pbuf_header
                0x0000702a       0x24 ./lwip/src/core/pbuf.o
                0x0000702a                pbuf_header
 .text.pbuf_header_force
                0x0000704e       0x24 ./lwip/src/core/pbuf.o
                0x0000704e                pbuf_header_force
 .text.pbuf_free
                0x00007072       0xae ./lwip/src/core/pbuf.o
                0x00007072                pbuf_free
 .text.pbuf_clen
                0x00007120       0x2e ./lwip/src/core/pbuf.o
                0x00007120                pbuf_clen
 .text.pbuf_ref
                0x0000714e       0x32 ./lwip/src/core/pbuf.o
                0x0000714e                pbuf_ref
 .text.pbuf_cat
                0x00007180       0x5e ./lwip/src/core/pbuf.o
                0x00007180                pbuf_cat
 .text.pbuf_chain
                0x000071de       0x20 ./lwip/src/core/pbuf.o
                0x000071de                pbuf_chain
 .text.pbuf_copy
                0x000071fe      0x110 ./lwip/src/core/pbuf.o
                0x000071fe                pbuf_copy
 .text.pbuf_copy_partial
                0x0000730e       0xc8 ./lwip/src/core/pbuf.o
                0x0000730e                pbuf_copy_partial
 .text.pbuf_skip_const
                0x000073d6       0x52 ./lwip/src/core/pbuf.o
 .text.pbuf_skip
                0x00007428       0x26 ./lwip/src/core/pbuf.o
                0x00007428                pbuf_skip
 .text.pbuf_take
                0x0000744e       0xac ./lwip/src/core/pbuf.o
                0x0000744e                pbuf_take
 .text.pbuf_take_at
                0x000074fa       0xa4 ./lwip/src/core/pbuf.o
                0x000074fa                pbuf_take_at
 .text.pbuf_put_at
                0x0000759e       0x44 ./lwip/src/core/pbuf.o
                0x0000759e                pbuf_put_at
 .text.stats_init
                0x000075e2        0xe ./lwip/src/core/stats.o
                0x000075e2                stats_init
 .text.tcp_init
                0x000075f0        0xe ./lwip/src/core/tcp.o
                0x000075f0                tcp_init
 *fill*         0x000075fe        0x2 
 .text.tcp_tmr  0x00007600       0x2c ./lwip/src/core/tcp.o
                0x00007600                tcp_tmr
 .text.tcp_remove_listener
                0x0000762c       0x3a ./lwip/src/core/tcp.o
 *fill*         0x00007666        0x2 
 .text.tcp_listen_closed
                0x00007668       0x3c ./lwip/src/core/tcp.o
 .text.tcp_close_shutdown
                0x000076a4      0x1ac ./lwip/src/core/tcp.o
 .text.tcp_close_shutdown_fin
                0x00007850       0xae ./lwip/src/core/tcp.o
 .text.tcp_close
                0x000078fe       0x30 ./lwip/src/core/tcp.o
                0x000078fe                tcp_close
 *fill*         0x0000792e        0x2 
 .text.tcp_abandon
                0x00007930      0x140 ./lwip/src/core/tcp.o
                0x00007930                tcp_abandon
 .text.tcp_abort
                0x00007a70       0x18 ./lwip/src/core/tcp.o
                0x00007a70                tcp_abort
 .text.tcp_bind
                0x00007a88      0x10c ./lwip/src/core/tcp.o
                0x00007a88                tcp_bind
 .text.tcp_accept_null
                0x00007b94       0x20 ./lwip/src/core/tcp.o
 .text.tcp_listen_with_backlog
                0x00007bb4       0x22 ./lwip/src/core/tcp.o
                0x00007bb4                tcp_listen_with_backlog
 *fill*         0x00007bd6        0x2 
 .text.tcp_listen_with_backlog_and_err
                0x00007bd8      0x118 ./lwip/src/core/tcp.o
                0x00007bd8                tcp_listen_with_backlog_and_err
 .text.tcp_update_rcv_ann_wnd
                0x00007cf0       0x7c ./lwip/src/core/tcp.o
                0x00007cf0                tcp_update_rcv_ann_wnd
 .text.tcp_recved
                0x00007d6c       0x7c ./lwip/src/core/tcp.o
                0x00007d6c                tcp_recved
 .text.tcp_new_port
                0x00007de8       0x88 ./lwip/src/core/tcp.o
 .text.tcp_slowtmr
                0x00007e70      0x490 ./lwip/src/core/tcp.o
                0x00007e70                tcp_slowtmr
 .text.tcp_fasttmr
                0x00008300       0xc8 ./lwip/src/core/tcp.o
                0x00008300                tcp_fasttmr
 .text.tcp_process_refused_data
                0x000083c8       0xd2 ./lwip/src/core/tcp.o
                0x000083c8                tcp_process_refused_data
 .text.tcp_segs_free
                0x0000849a       0x2a ./lwip/src/core/tcp.o
                0x0000849a                tcp_segs_free
 .text.tcp_seg_free
                0x000084c4       0x30 ./lwip/src/core/tcp.o
                0x000084c4                tcp_seg_free
 .text.tcp_setprio
                0x000084f4       0x1e ./lwip/src/core/tcp.o
                0x000084f4                tcp_setprio
 .text.tcp_seg_copy
                0x00008512       0x38 ./lwip/src/core/tcp.o
                0x00008512                tcp_seg_copy
 .text.tcp_recv_null
                0x0000854a       0x44 ./lwip/src/core/tcp.o
                0x0000854a                tcp_recv_null
 *fill*         0x0000858e        0x2 
 .text.tcp_kill_prio
                0x00008590       0x84 ./lwip/src/core/tcp.o
 .text.tcp_kill_state
                0x00008614       0x70 ./lwip/src/core/tcp.o
 .text.tcp_kill_timewait
                0x00008684       0x60 ./lwip/src/core/tcp.o
 .text.tcp_alloc
                0x000086e4      0x158 ./lwip/src/core/tcp.o
                0x000086e4                tcp_alloc
 .text.tcp_new_ip_type
                0x0000883c       0x1c ./lwip/src/core/tcp.o
                0x0000883c                tcp_new_ip_type
 .text.tcp_arg  0x00008858       0x22 ./lwip/src/core/tcp.o
                0x00008858                tcp_arg
 .text.tcp_recv
                0x0000887a       0x24 ./lwip/src/core/tcp.o
                0x0000887a                tcp_recv
 .text.tcp_sent
                0x0000889e       0x22 ./lwip/src/core/tcp.o
                0x0000889e                tcp_sent
 .text.tcp_err  0x000088c0       0x24 ./lwip/src/core/tcp.o
                0x000088c0                tcp_err
 .text.tcp_accept
                0x000088e4       0x2e ./lwip/src/core/tcp.o
                0x000088e4                tcp_accept
 .text.tcp_poll
                0x00008912       0x28 ./lwip/src/core/tcp.o
                0x00008912                tcp_poll
 .text.tcp_pcb_purge
                0x0000893a       0x82 ./lwip/src/core/tcp.o
                0x0000893a                tcp_pcb_purge
 .text.tcp_pcb_remove
                0x000089bc       0x9e ./lwip/src/core/tcp.o
                0x000089bc                tcp_pcb_remove
 *fill*         0x00008a5a        0x2 
 .text.tcp_next_iss
                0x00008a5c       0x30 ./lwip/src/core/tcp.o
                0x00008a5c                tcp_next_iss
 .text.tcp_eff_send_mss_impl
                0x00008a8c       0x48 ./lwip/src/core/tcp.o
                0x00008a8c                tcp_eff_send_mss_impl
 .text.tcp_netif_ip_addr_changed_pcblist
                0x00008ad4       0x52 ./lwip/src/core/tcp.o
 *fill*         0x00008b26        0x2 
 .text.tcp_netif_ip_addr_changed
                0x00008b28       0x80 ./lwip/src/core/tcp.o
                0x00008b28                tcp_netif_ip_addr_changed
 .text.tcp_input
                0x00008ba8      0x744 ./lwip/src/core/tcp_in.o
                0x00008ba8                tcp_input
 .text.tcp_listen_input
                0x000092ec      0x1d4 ./lwip/src/core/tcp_in.o
 .text.tcp_timewait_input
                0x000094c0       0xd0 ./lwip/src/core/tcp_in.o
 .text.tcp_process
                0x00009590      0x6f8 ./lwip/src/core/tcp_in.o
 .text.tcp_oos_insert_segment
                0x00009c88       0xec ./lwip/src/core/tcp_in.o
 .text.tcp_receive
                0x00009d74      0xdd4 ./lwip/src/core/tcp_in.o
 .text.tcp_getoptbyte
                0x0000ab48       0x78 ./lwip/src/core/tcp_in.o
 .text.tcp_parseopt
                0x0000abc0       0xcc ./lwip/src/core/tcp_in.o
 .text.tcp_trigger_input_pcb_close
                0x0000ac8c       0x20 ./lwip/src/core/tcp_in.o
                0x0000ac8c                tcp_trigger_input_pcb_close
 .text.tcp_output_alloc_header
                0x0000acac       0xd0 ./lwip/src/core/tcp_out.o
 .text.tcp_send_fin
                0x0000ad7c       0x7e ./lwip/src/core/tcp_out.o
                0x0000ad7c                tcp_send_fin
 *fill*         0x0000adfa        0x2 
 .text.tcp_create_segment
                0x0000adfc      0x100 ./lwip/src/core/tcp_out.o
 .text.tcp_pbuf_prealloc
                0x0000aefc       0xa2 ./lwip/src/core/tcp_out.o
 *fill*         0x0000af9e        0x2 
 .text.tcp_write_checks
                0x0000afa0       0xc4 ./lwip/src/core/tcp_out.o
 .text.tcp_write
                0x0000b064      0x54c ./lwip/src/core/tcp_out.o
                0x0000b064                tcp_write
 .text.tcp_enqueue_flags
                0x0000b5b0      0x194 ./lwip/src/core/tcp_out.o
                0x0000b5b0                tcp_enqueue_flags
 .text.tcp_send_empty_ack
                0x0000b744       0xb8 ./lwip/src/core/tcp_out.o
                0x0000b744                tcp_send_empty_ack
 .text.tcp_output
                0x0000b7fc      0x390 ./lwip/src/core/tcp_out.o
                0x0000b7fc                tcp_output
 .text.tcp_output_segment
                0x0000bb8c      0x150 ./lwip/src/core/tcp_out.o
 .text.tcp_rst  0x0000bcdc       0xdc ./lwip/src/core/tcp_out.o
                0x0000bcdc                tcp_rst
 .text.tcp_rexmit_rto
                0x0000bdb8       0x6c ./lwip/src/core/tcp_out.o
                0x0000bdb8                tcp_rexmit_rto
 .text.tcp_rexmit
                0x0000be24       0xa0 ./lwip/src/core/tcp_out.o
                0x0000be24                tcp_rexmit
 .text.tcp_rexmit_fast
                0x0000bec4       0x9c ./lwip/src/core/tcp_out.o
                0x0000bec4                tcp_rexmit_fast
 .text.tcp_keepalive
                0x0000bf60       0x90 ./lwip/src/core/tcp_out.o
                0x0000bf60                tcp_keepalive
 .text.tcp_zero_window_probe
                0x0000bff0      0x14c ./lwip/src/core/tcp_out.o
                0x0000bff0                tcp_zero_window_probe
 .text.tcpip_tcp_timer
                0x0000c13c       0x48 ./lwip/src/core/timeouts.o
 .text.tcp_timer_needed
                0x0000c184       0x40 ./lwip/src/core/timeouts.o
                0x0000c184                tcp_timer_needed
 .text.cyclic_timer
                0x0000c1c4       0x2c ./lwip/src/core/timeouts.o
 .text.sys_timeouts_init
                0x0000c1f0       0x50 ./lwip/src/core/timeouts.o
                0x0000c1f0                sys_timeouts_init
 .text.sys_timeout
                0x0000c240      0x124 ./lwip/src/core/timeouts.o
                0x0000c240                sys_timeout
 .text.udp_init
                0x0000c364        0xe ./lwip/src/core/udp.o
                0x0000c364                udp_init
 *fill*         0x0000c372        0x2 
 .text.udp_new_port
                0x0000c374       0x70 ./lwip/src/core/udp.o
 .text.udp_input_local_match
                0x0000c3e4       0x78 ./lwip/src/core/udp.o
 .text.udp_input
                0x0000c45c      0x224 ./lwip/src/core/udp.o
                0x0000c45c                udp_input
 .text.udp_sendto
                0x0000c680       0x68 ./lwip/src/core/udp.o
                0x0000c680                udp_sendto
 .text.udp_sendto_if
                0x0000c6e8       0x7a ./lwip/src/core/udp.o
                0x0000c6e8                udp_sendto_if
 *fill*         0x0000c762        0x2 
 .text.udp_sendto_if_src
                0x0000c764      0x124 ./lwip/src/core/udp.o
                0x0000c764                udp_sendto_if_src
 .text.udp_bind
                0x0000c888       0xe0 ./lwip/src/core/udp.o
                0x0000c888                udp_bind
 .text.udp_connect
                0x0000c968       0xac ./lwip/src/core/udp.o
                0x0000c968                udp_connect
 .text.udp_recv
                0x0000ca14       0x24 ./lwip/src/core/udp.o
                0x0000ca14                udp_recv
 .text.udp_remove
                0x0000ca38       0x64 ./lwip/src/core/udp.o
                0x0000ca38                udp_remove
 .text.udp_new  0x0000ca9c       0x2e ./lwip/src/core/udp.o
                0x0000ca9c                udp_new
 *fill*         0x0000caca        0x2 
 .text.udp_netif_ip_addr_changed
                0x0000cacc       0x60 ./lwip/src/core/udp.o
                0x0000cacc                udp_netif_ip_addr_changed
 .text.autoip_restart
                0x0000cb2c       0x28 ./lwip/src/core/ipv4/autoip.o
 .text.autoip_handle_arp_conflict
                0x0000cb54       0x32 ./lwip/src/core/ipv4/autoip.o
 *fill*         0x0000cb86        0x2 
 .text.autoip_create_addr
                0x0000cb88       0x90 ./lwip/src/core/ipv4/autoip.o
 .text.autoip_arp_probe
                0x0000cc18       0x22 ./lwip/src/core/ipv4/autoip.o
 .text.autoip_arp_announce
                0x0000cc3a       0x1e ./lwip/src/core/ipv4/autoip.o
 .text.autoip_bind
                0x0000cc58       0x32 ./lwip/src/core/ipv4/autoip.o
 *fill*         0x0000cc8a        0x2 
 .text.autoip_start
                0x0000cc8c       0x9c ./lwip/src/core/ipv4/autoip.o
                0x0000cc8c                autoip_start
 .text.autoip_start_probing
                0x0000cd28       0x8c ./lwip/src/core/ipv4/autoip.o
 .text.autoip_network_changed
                0x0000cdb4       0x2a ./lwip/src/core/ipv4/autoip.o
                0x0000cdb4                autoip_network_changed
 *fill*         0x0000cdde        0x2 
 .text.autoip_stop
                0x0000cde0       0x44 ./lwip/src/core/ipv4/autoip.o
                0x0000cde0                autoip_stop
 .text.autoip_tmr
                0x0000ce24      0x15c ./lwip/src/core/ipv4/autoip.o
                0x0000ce24                autoip_tmr
 .text.autoip_arp_reply
                0x0000cf80       0xb2 ./lwip/src/core/ipv4/autoip.o
                0x0000cf80                autoip_arp_reply
 .text.autoip_accept_packet
                0x0000d032       0x36 ./lwip/src/core/ipv4/autoip.o
                0x0000d032                autoip_accept_packet
 .text.dhcp_inc_pcb_refcount
                0x0000d068       0x84 ./lwip/src/core/ipv4/dhcp.o
 .text.dhcp_dec_pcb_refcount
                0x0000d0ec       0x34 ./lwip/src/core/ipv4/dhcp.o
 .text.dhcp_handle_nak
                0x0000d120       0x34 ./lwip/src/core/ipv4/dhcp.o
 .text.dhcp_check
                0x0000d154       0x68 ./lwip/src/core/ipv4/dhcp.o
 .text.dhcp_handle_offer
                0x0000d1bc       0x48 ./lwip/src/core/ipv4/dhcp.o
 .text.dhcp_select
                0x0000d204      0x14c ./lwip/src/core/ipv4/dhcp.o
 .text.dhcp_coarse_tmr
                0x0000d350       0xa8 ./lwip/src/core/ipv4/dhcp.o
                0x0000d350                dhcp_coarse_tmr
 .text.dhcp_fine_tmr
                0x0000d3f8       0x64 ./lwip/src/core/ipv4/dhcp.o
                0x0000d3f8                dhcp_fine_tmr
 .text.dhcp_timeout
                0x0000d45c       0x92 ./lwip/src/core/ipv4/dhcp.o
 .text.dhcp_t1_timeout
                0x0000d4ee       0x5c ./lwip/src/core/ipv4/dhcp.o
 .text.dhcp_t2_timeout
                0x0000d54a       0x64 ./lwip/src/core/ipv4/dhcp.o
 *fill*         0x0000d5ae        0x2 
 .text.dhcp_handle_ack
                0x0000d5b0      0x100 ./lwip/src/core/ipv4/dhcp.o
 .text.dhcp_start
                0x0000d6b0       0xb6 ./lwip/src/core/ipv4/dhcp.o
                0x0000d6b0                dhcp_start
 .text.dhcp_network_changed
                0x0000d766       0x6a ./lwip/src/core/ipv4/dhcp.o
                0x0000d766                dhcp_network_changed
 .text.dhcp_arp_reply
                0x0000d7d0       0x40 ./lwip/src/core/ipv4/dhcp.o
                0x0000d7d0                dhcp_arp_reply
 .text.dhcp_decline
                0x0000d810       0xd4 ./lwip/src/core/ipv4/dhcp.o
 .text.dhcp_discover
                0x0000d8e4      0x134 ./lwip/src/core/ipv4/dhcp.o
 .text.dhcp_bind
                0x0000da18      0x1a4 ./lwip/src/core/ipv4/dhcp.o
 .text.dhcp_renew
                0x0000dbbc      0x10c ./lwip/src/core/ipv4/dhcp.o
                0x0000dbbc                dhcp_renew
 .text.dhcp_rebind
                0x0000dcc8      0x10c ./lwip/src/core/ipv4/dhcp.o
 .text.dhcp_reboot
                0x0000ddd4      0x128 ./lwip/src/core/ipv4/dhcp.o
 .text.dhcp_release
                0x0000defc      0x110 ./lwip/src/core/ipv4/dhcp.o
                0x0000defc                dhcp_release
 .text.dhcp_stop
                0x0000e00c       0x52 ./lwip/src/core/ipv4/dhcp.o
                0x0000e00c                dhcp_stop
 .text.dhcp_set_state
                0x0000e05e       0x34 ./lwip/src/core/ipv4/dhcp.o
 .text.dhcp_option
                0x0000e092       0x4c ./lwip/src/core/ipv4/dhcp.o
 .text.dhcp_option_byte
                0x0000e0de       0x30 ./lwip/src/core/ipv4/dhcp.o
 .text.dhcp_option_short
                0x0000e10e       0x52 ./lwip/src/core/ipv4/dhcp.o
 .text.dhcp_option_long
                0x0000e160       0x8a ./lwip/src/core/ipv4/dhcp.o
 *fill*         0x0000e1ea        0x2 
 .text.dhcp_parse_reply
                0x0000e1ec      0x45c ./lwip/src/core/ipv4/dhcp.o
 .text.dhcp_recv
                0x0000e648      0x1a8 ./lwip/src/core/ipv4/dhcp.o
 .text.dhcp_create_msg
                0x0000e7f0      0x23c ./lwip/src/core/ipv4/dhcp.o
 .text.dhcp_delete_msg
                0x0000ea2c       0x36 ./lwip/src/core/ipv4/dhcp.o
 .text.dhcp_option_trailer
                0x0000ea62       0x6a ./lwip/src/core/ipv4/dhcp.o
 .text.dhcp_supplied_address
                0x0000eacc       0x44 ./lwip/src/core/ipv4/dhcp.o
                0x0000eacc                dhcp_supplied_address
 .text.etharp_free_entry
                0x0000eb10       0x64 ./lwip/src/core/ipv4/etharp.o
 .text.etharp_tmr
                0x0000eb74      0x150 ./lwip/src/core/ipv4/etharp.o
                0x0000eb74                etharp_tmr
 .text.etharp_find_entry
                0x0000ecc4      0x208 ./lwip/src/core/ipv4/etharp.o
 .text.etharp_update_arp_entry
                0x0000eecc      0x128 ./lwip/src/core/ipv4/etharp.o
 .text.etharp_input
                0x0000eff4      0x144 ./lwip/src/core/ipv4/etharp.o
                0x0000eff4                etharp_input
 .text.etharp_output_to_arp_index
                0x0000f138      0x10c ./lwip/src/core/ipv4/etharp.o
 .text.etharp_output
                0x0000f244      0x1b0 ./lwip/src/core/ipv4/etharp.o
                0x0000f244                etharp_output
 .text.etharp_query
                0x0000f3f4      0x258 ./lwip/src/core/ipv4/etharp.o
                0x0000f3f4                etharp_query
 .text.etharp_raw
                0x0000f64c      0x104 ./lwip/src/core/ipv4/etharp.o
 .text.etharp_request_dst
                0x0000f750       0x44 ./lwip/src/core/ipv4/etharp.o
 .text.etharp_request
                0x0000f794       0x24 ./lwip/src/core/ipv4/etharp.o
                0x0000f794                etharp_request
 .text.icmp_input
                0x0000f7b8      0x270 ./lwip/src/core/ipv4/icmp.o
                0x0000f7b8                icmp_input
 .text.icmp_dest_unreach
                0x0000fa28       0x20 ./lwip/src/core/ipv4/icmp.o
                0x0000fa28                icmp_dest_unreach
 .text.icmp_send_response
                0x0000fa48       0xc4 ./lwip/src/core/ipv4/icmp.o
 .text.ip4_route
                0x0000fb0c       0xe4 ./lwip/src/core/ipv4/ip4.o
                0x0000fb0c                ip4_route
 .text.ip4_input
                0x0000fbf0      0x364 ./lwip/src/core/ipv4/ip4.o
                0x0000fbf0                ip4_input
 .text.ip4_output_if
                0x0000ff54       0x54 ./lwip/src/core/ipv4/ip4.o
                0x0000ff54                ip4_output_if
 .text.ip4_output_if_src
                0x0000ffa8      0x110 ./lwip/src/core/ipv4/ip4.o
                0x0000ffa8                ip4_output_if_src
 .text.ip4_addr_isbroadcast_u32
                0x000100b8       0x82 ./lwip/src/core/ipv4/ip4_addr.o
                0x000100b8                ip4_addr_isbroadcast_u32
 *fill*         0x0001013a        0x2 
 .text.ethernet_input
                0x0001013c      0x178 ./lwip/src/netif/ethernet.o
                0x0001013c                ethernet_input
 .text.ethernet_output
                0x000102b4       0x7c ./lwip/src/netif/ethernet.o
                0x000102b4                ethernet_output
 .text.EMACReset
                0x00010330       0x3a C:/ti/simplelink_msp432e4_sdk_4_20_00_12/source\ti/devices/msp432e4/driverlib/lib/gcc/m4f/msp432e4_driverlib.a(emac.o)
                0x00010330                EMACReset
 *fill*         0x0001036a        0x2 
 .text.EMACPHYConfigSet
                0x0001036c       0x8c C:/ti/simplelink_msp432e4_sdk_4_20_00_12/source\ti/devices/msp432e4/driverlib/lib/gcc/m4f/msp432e4_driverlib.a(emac.o)
                0x0001036c                EMACPHYConfigSet
 .text.EMACConfigSet
                0x000103f8       0x64 C:/ti/simplelink_msp432e4_sdk_4_20_00_12/source\ti/devices/msp432e4/driverlib/lib/gcc/m4f/msp432e4_driverlib.a(emac.o)
                0x000103f8                EMACConfigSet
 .text.EMACConfigGet
                0x0001045c       0x74 C:/ti/simplelink_msp432e4_sdk_4_20_00_12/source\ti/devices/msp432e4/driverlib/lib/gcc/m4f/msp432e4_driverlib.a(emac.o)
                0x0001045c                EMACConfigGet
 .text.EMACAddrGet
                0x000104d0       0x76 C:/ti/simplelink_msp432e4_sdk_4_20_00_12/source\ti/devices/msp432e4/driverlib/lib/gcc/m4f/msp432e4_driverlib.a(emac.o)
                0x000104d0                EMACAddrGet
 *fill*         0x00010546        0x2 
 .text.EMACFrameFilterSet
                0x00010548       0x30 C:/ti/simplelink_msp432e4_sdk_4_20_00_12/source\ti/devices/msp432e4/driverlib/lib/gcc/m4f/msp432e4_driverlib.a(emac.o)
                0x00010548                EMACFrameFilterSet
 .text.EMACTxDMAPollDemand
                0x00010578       0x20 C:/ti/simplelink_msp432e4_sdk_4_20_00_12/source\ti/devices/msp432e4/driverlib/lib/gcc/m4f/msp432e4_driverlib.a(emac.o)
                0x00010578                EMACTxDMAPollDemand
 .text.EMACRxDMADescriptorListSet
                0x00010598       0x22 C:/ti/simplelink_msp432e4_sdk_4_20_00_12/source\ti/devices/msp432e4/driverlib/lib/gcc/m4f/msp432e4_driverlib.a(emac.o)
                0x00010598                EMACRxDMADescriptorListSet
 .text.EMACTxDMADescriptorListSet
                0x000105ba       0x22 C:/ti/simplelink_msp432e4_sdk_4_20_00_12/source\ti/devices/msp432e4/driverlib/lib/gcc/m4f/msp432e4_driverlib.a(emac.o)
                0x000105ba                EMACTxDMADescriptorListSet
 .text.EMACTxEnable
                0x000105dc       0x34 C:/ti/simplelink_msp432e4_sdk_4_20_00_12/source\ti/devices/msp432e4/driverlib/lib/gcc/m4f/msp432e4_driverlib.a(emac.o)
                0x000105dc                EMACTxEnable
 .text.EMACRxEnable
                0x00010610       0x34 C:/ti/simplelink_msp432e4_sdk_4_20_00_12/source\ti/devices/msp432e4/driverlib/lib/gcc/m4f/msp432e4_driverlib.a(emac.o)
                0x00010610                EMACRxEnable
 .text.EMACIntEnable
                0x00010644       0x7a C:/ti/simplelink_msp432e4_sdk_4_20_00_12/source\ti/devices/msp432e4/driverlib/lib/gcc/m4f/msp432e4_driverlib.a(emac.o)
                0x00010644                EMACIntEnable
 .text.EMACIntStatus
                0x000106be       0x76 C:/ti/simplelink_msp432e4_sdk_4_20_00_12/source\ti/devices/msp432e4/driverlib/lib/gcc/m4f/msp432e4_driverlib.a(emac.o)
                0x000106be                EMACIntStatus
 .text.EMACIntClear
                0x00010734       0x72 C:/ti/simplelink_msp432e4_sdk_4_20_00_12/source\ti/devices/msp432e4/driverlib/lib/gcc/m4f/msp432e4_driverlib.a(emac.o)
                0x00010734                EMACIntClear
 .text.EMACPHYWrite
                0x000107a6       0x70 C:/ti/simplelink_msp432e4_sdk_4_20_00_12/source\ti/devices/msp432e4/driverlib/lib/gcc/m4f/msp432e4_driverlib.a(emac.o)
                0x000107a6                EMACPHYWrite
 .text.EMACPHYRead
                0x00010816       0x64 C:/ti/simplelink_msp432e4_sdk_4_20_00_12/source\ti/devices/msp432e4/driverlib/lib/gcc/m4f/msp432e4_driverlib.a(emac.o)
                0x00010816                EMACPHYRead
 .text.EMACTimestampIntStatus
                0x0001087a       0x1c C:/ti/simplelink_msp432e4_sdk_4_20_00_12/source\ti/devices/msp432e4/driverlib/lib/gcc/m4f/msp432e4_driverlib.a(emac.o)
                0x0001087a                EMACTimestampIntStatus
 .text.EMACPowerManagementStatusGet
                0x00010896       0x1e C:/ti/simplelink_msp432e4_sdk_4_20_00_12/source\ti/devices/msp432e4/driverlib/lib/gcc/m4f/msp432e4_driverlib.a(emac.o)
                0x00010896                EMACPowerManagementStatusGet
 .text.GPIODirModeSet
                0x000108b4       0x76 C:/ti/simplelink_msp432e4_sdk_4_20_00_12/source\ti/devices/msp432e4/driverlib/lib/gcc/m4f/msp432e4_driverlib.a(gpio.o)
                0x000108b4                GPIODirModeSet
 .text.GPIOPadConfigSet
                0x0001092a      0x2a4 C:/ti/simplelink_msp432e4_sdk_4_20_00_12/source\ti/devices/msp432e4/driverlib/lib/gcc/m4f/msp432e4_driverlib.a(gpio.o)
                0x0001092a                GPIOPadConfigSet
 .text.GPIOPinTypeEthernetLED
                0x00010bce       0x2c C:/ti/simplelink_msp432e4_sdk_4_20_00_12/source\ti/devices/msp432e4/driverlib/lib/gcc/m4f/msp432e4_driverlib.a(gpio.o)
                0x00010bce                GPIOPinTypeEthernetLED
 *fill*         0x00010bfa        0x2 
 .text.GPIOPinConfigure
                0x00010bfc       0x5c C:/ti/simplelink_msp432e4_sdk_4_20_00_12/source\ti/devices/msp432e4/driverlib/lib/gcc/m4f/msp432e4_driverlib.a(gpio.o)
                0x00010bfc                GPIOPinConfigure
 .text.IntMasterEnable
                0x00010c58       0x18 C:/ti/simplelink_msp432e4_sdk_4_20_00_12/source\ti/devices/msp432e4/driverlib/lib/gcc/m4f/msp432e4_driverlib.a(interrupt.o)
                0x00010c58                IntMasterEnable
 .text.IntEnable
                0x00010c70       0x94 C:/ti/simplelink_msp432e4_sdk_4_20_00_12/source\ti/devices/msp432e4/driverlib/lib/gcc/m4f/msp432e4_driverlib.a(interrupt.o)
                0x00010c70                IntEnable
 .text._SysCtlMemTimingGet
                0x00010d04       0x48 C:/ti/simplelink_msp432e4_sdk_4_20_00_12/source\ti/devices/msp432e4/driverlib/lib/gcc/m4f/msp432e4_driverlib.a(sysctl.o)
 .text._SysCtlFrequencyGet
                0x00010d4c       0x9c C:/ti/simplelink_msp432e4_sdk_4_20_00_12/source\ti/devices/msp432e4/driverlib/lib/gcc/m4f/msp432e4_driverlib.a(sysctl.o)
 .text.SysCtlPeripheralReady
                0x00010de8       0x58 C:/ti/simplelink_msp432e4_sdk_4_20_00_12/source\ti/devices/msp432e4/driverlib/lib/gcc/m4f/msp432e4_driverlib.a(sysctl.o)
                0x00010de8                SysCtlPeripheralReady
 .text.SysCtlPeripheralReset
                0x00010e40       0x9c C:/ti/simplelink_msp432e4_sdk_4_20_00_12/source\ti/devices/msp432e4/driverlib/lib/gcc/m4f/msp432e4_driverlib.a(sysctl.o)
                0x00010e40                SysCtlPeripheralReset
 .text.SysCtlDelay
                0x00010edc        0xa C:/ti/simplelink_msp432e4_sdk_4_20_00_12/source\ti/devices/msp432e4/driverlib/lib/gcc/m4f/msp432e4_driverlib.a(sysctl.o)
                0x00010edc                SysCtlDelay
 *fill*         0x00010ee6        0x2 
 .text.SysCtlMOSCConfigSet
                0x00010ee8       0x20 C:/ti/simplelink_msp432e4_sdk_4_20_00_12/source\ti/devices/msp432e4/driverlib/lib/gcc/m4f/msp432e4_driverlib.a(sysctl.o)
                0x00010ee8                SysCtlMOSCConfigSet
 .text.SysCtlClockFreqSet
                0x00010f08      0x32c C:/ti/simplelink_msp432e4_sdk_4_20_00_12/source\ti/devices/msp432e4/driverlib/lib/gcc/m4f/msp432e4_driverlib.a(sysctl.o)
                0x00010f08                SysCtlClockFreqSet
 .text.CPUcpsie
                0x00011234        0xe C:/ti/simplelink_msp432e4_sdk_4_20_00_12/source\ti/devices/msp432e4/driverlib/lib/gcc/m4f/msp432e4_driverlib.a(cpu.o)
                0x00011234                CPUcpsie
 *fill*         0x00011242        0x2 
 .text.exit     0x00011244       0x28 c:/ti/gcc_arm_none_eabi_9_2_1/bin/../lib/gcc/arm-none-eabi/9.2.1/../../../../arm-none-eabi/lib/thumb/v7e-m+fp/hard\libc_nano.a(lib_a-exit.o)
                0x00011244                exit
 .text.__libc_init_array
                0x0001126c       0x48 c:/ti/gcc_arm_none_eabi_9_2_1/bin/../lib/gcc/arm-none-eabi/9.2.1/../../../../arm-none-eabi/lib/thumb/v7e-m+fp/hard\libc_nano.a(lib_a-init.o)
                0x0001126c                __libc_init_array
 .text.malloc   0x000112b4       0x10 c:/ti/gcc_arm_none_eabi_9_2_1/bin/../lib/gcc/arm-none-eabi/9.2.1/../../../../arm-none-eabi/lib/thumb/v7e-m+fp/hard\libc_nano.a(lib_a-malloc.o)
                0x000112b4                malloc
 .text.free     0x000112c4       0x10 c:/ti/gcc_arm_none_eabi_9_2_1/bin/../lib/gcc/arm-none-eabi/9.2.1/../../../../arm-none-eabi/lib/thumb/v7e-m+fp/hard\libc_nano.a(lib_a-malloc.o)
                0x000112c4                free
 .text.memcmp   0x000112d4       0x1c c:/ti/gcc_arm_none_eabi_9_2_1/bin/../lib/gcc/arm-none-eabi/9.2.1/../../../../arm-none-eabi/lib/thumb/v7e-m+fp/hard\libc_nano.a(lib_a-memcmp.o)
                0x000112d4                memcmp
 .text.memcpy   0x000112f0       0x1c c:/ti/gcc_arm_none_eabi_9_2_1/bin/../lib/gcc/arm-none-eabi/9.2.1/../../../../arm-none-eabi/lib/thumb/v7e-m+fp/hard\libc_nano.a(lib_a-memcpy-stub.o)
                0x000112f0                memcpy
 .text.memset   0x0001130c       0x10 c:/ti/gcc_arm_none_eabi_9_2_1/bin/../lib/gcc/arm-none-eabi/9.2.1/../../../../arm-none-eabi/lib/thumb/v7e-m+fp/hard\libc_nano.a(lib_a-memset.o)
                0x0001130c                memset
 .text._free_r  0x0001131c       0xa0 c:/ti/gcc_arm_none_eabi_9_2_1/bin/../lib/gcc/arm-none-eabi/9.2.1/../../../../arm-none-eabi/lib/thumb/v7e-m+fp/hard\libc_nano.a(lib_a-nano-freer.o)
                0x0001131c                _free_r
 .text._malloc_r
                0x000113bc       0xb4 c:/ti/gcc_arm_none_eabi_9_2_1/bin/../lib/gcc/arm-none-eabi/9.2.1/../../../../arm-none-eabi/lib/thumb/v7e-m+fp/hard\libc_nano.a(lib_a-nano-mallocr.o)
                0x000113bc                _malloc_r
 .text.rand     0x00011470       0x68 c:/ti/gcc_arm_none_eabi_9_2_1/bin/../lib/gcc/arm-none-eabi/9.2.1/../../../../arm-none-eabi/lib/thumb/v7e-m+fp/hard\libc_nano.a(lib_a-rand.o)
                0x00011470                rand
 .text._sbrk_r  0x000114d8       0x20 c:/ti/gcc_arm_none_eabi_9_2_1/bin/../lib/gcc/arm-none-eabi/9.2.1/../../../../arm-none-eabi/lib/thumb/v7e-m+fp/hard\libc_nano.a(lib_a-sbrkr.o)
                0x000114d8                _sbrk_r
 .text.strchr   0x000114f8       0x1a c:/ti/gcc_arm_none_eabi_9_2_1/bin/../lib/gcc/arm-none-eabi/9.2.1/../../../../arm-none-eabi/lib/thumb/v7e-m+fp/hard\libc_nano.a(lib_a-strchr.o)
                0x000114f8                strchr
 .text.strncmp  0x00011512       0x24 c:/ti/gcc_arm_none_eabi_9_2_1/bin/../lib/gcc/arm-none-eabi/9.2.1/../../../../arm-none-eabi/lib/thumb/v7e-m+fp/hard\libc_nano.a(lib_a-strncmp.o)
                0x00011512                strncmp
 .text.strstr   0x00011536       0x2e c:/ti/gcc_arm_none_eabi_9_2_1/bin/../lib/gcc/arm-none-eabi/9.2.1/../../../../arm-none-eabi/lib/thumb/v7e-m+fp/hard\libc_nano.a(lib_a-strstr.o)
                0x00011536                strstr
 .text.__malloc_lock
                0x00011564        0xc c:/ti/gcc_arm_none_eabi_9_2_1/bin/../lib/gcc/arm-none-eabi/9.2.1/../../../../arm-none-eabi/lib/thumb/v7e-m+fp/hard\libc_nano.a(lib_a-mlock.o)
                0x00011564                __malloc_lock
 .text.__malloc_unlock
                0x00011570        0xc c:/ti/gcc_arm_none_eabi_9_2_1/bin/../lib/gcc/arm-none-eabi/9.2.1/../../../../arm-none-eabi/lib/thumb/v7e-m+fp/hard\libc_nano.a(lib_a-mlock.o)
                0x00011570                __malloc_unlock
 .text.__retarget_lock_acquire_recursive
                0x0001157c        0x2 c:/ti/gcc_arm_none_eabi_9_2_1/bin/../lib/gcc/arm-none-eabi/9.2.1/../../../../arm-none-eabi/lib/thumb/v7e-m+fp/hard\libc_nano.a(lib_a-lock.o)
                0x0001157c                __retarget_lock_acquire_recursive
 .text.__retarget_lock_release_recursive
                0x0001157e        0x2 c:/ti/gcc_arm_none_eabi_9_2_1/bin/../lib/gcc/arm-none-eabi/9.2.1/../../../../arm-none-eabi/lib/thumb/v7e-m+fp/hard\libc_nano.a(lib_a-lock.o)
                0x0001157e                __retarget_lock_release_recursive
 .text._sbrk    0x00011580       0x1c c:/ti/gcc_arm_none_eabi_9_2_1/bin/../lib/gcc/arm-none-eabi/9.2.1/../../../../arm-none-eabi/lib/thumb/v7e-m+fp/hard\libnosys.a(sbrk.o)
                0x00011580                _sbrk
 .text._exit    0x0001159c        0x4 c:/ti/gcc_arm_none_eabi_9_2_1/bin/../lib/gcc/arm-none-eabi/9.2.1/../../../../arm-none-eabi/lib/thumb/v7e-m+fp/hard\libnosys.a(_exit.o)
                0x0001159c                _exit
                0x000115a0                . = ALIGN (0x4)
 *(.ctors)
                0x000115a0                . = ALIGN (0x4)
 *(.dtors)
                0x000115a0                . = ALIGN (0x4)
                0x000115a0                __init_array_start = .
 *(.init_array*)
 .init_array    0x000115a0        0x4 c:/ti/gcc_arm_none_eabi_9_2_1/bin/../lib/gcc/arm-none-eabi/9.2.1/thumb/v7e-m+fp/hard/crtbegin.o
                0x000115a4                __init_array_end = .
 *(.init)
 .init          0x000115a4        0x4 c:/ti/gcc_arm_none_eabi_9_2_1/bin/../lib/gcc/arm-none-eabi/9.2.1/thumb/v7e-m+fp/hard/crti.o
                0x000115a4                _init
 .init          0x000115a8        0x8 c:/ti/gcc_arm_none_eabi_9_2_1/bin/../lib/gcc/arm-none-eabi/9.2.1/thumb/v7e-m+fp/hard/crtn.o
 *(.fini*)
 .fini          0x000115b0        0x4 c:/ti/gcc_arm_none_eabi_9_2_1/bin/../lib/gcc/arm-none-eabi/9.2.1/thumb/v7e-m+fp/hard/crti.o
                0x000115b0                _fini
 .fini_array    0x000115b4        0x4 c:/ti/gcc_arm_none_eabi_9_2_1/bin/../lib/gcc/arm-none-eabi/9.2.1/thumb/v7e-m+fp/hard/crtbegin.o
 .fini          0x000115b8        0x8 c:/ti/gcc_arm_none_eabi_9_2_1/bin/../lib/gcc/arm-none-eabi/9.2.1/thumb/v7e-m+fp/hard/crtn.o

.glue_7         0x000115c0        0x0
 .glue_7        0x000115c0        0x0 linker stubs

.glue_7t        0x000115c0        0x0
 .glue_7t       0x000115c0        0x0 linker stubs

.vfp11_veneer   0x000115c0        0x0
 .vfp11_veneer  0x000115c0        0x0 linker stubs

.v4_bx          0x000115c0        0x0
 .v4_bx         0x000115c0        0x0 linker stubs

.iplt           0x000115c0        0x0
 .iplt          0x000115c0        0x0 c:/ti/gcc_arm_none_eabi_9_2_1/bin/../lib/gcc/arm-none-eabi/9.2.1/thumb/v7e-m+fp/hard/crtbegin.o

.rodata         0x000115c0    0x3ea6c
 *(.rodata)
 .rodata        0x000115c0      0x1b1 ./enet_io.o
 *fill*         0x00011771        0x3 
 .rodata        0x00011774        0xd ./io.o
 *fill*         0x00011781        0x3 
 .rodata        0x00011784       0x48 ./io_fs.o
 .rodata        0x000117cc       0x1a ./ustdlib.o
 *fill*         0x000117e6        0x2 
 .rodata        0x000117e8      0x545 ./lwip/src/apps/httpd/httpd.o
 *fill*         0x00011d2d        0x3 
 .rodata        0x00011d30       0x48 ./lwip/src/core/def.o
 *(.rodata.*)
 .rodata.g_psConfigCGIURIs
                0x00011d78       0x10 ./enet_io.o
 .rodata.data_404_htm
                0x00011d88      0x133 ./io_fs.o
 *fill*         0x00011ebb        0x1 
 .rodata.data_about_htm
                0x00011ebc      0x676 ./io_fs.o
 *fill*         0x00012532        0x2 
 .rodata.data_block_htm
                0x00012534      0x1c2 ./io_fs.o
 *fill*         0x000126f6        0x2 
 .rodata.data_block_png
                0x000126f8    0x21bec ./io_fs.o
 .rodata.data_favicon_ico
                0x000342e4      0x6c3 ./io_fs.o
 *fill*         0x000349a7        0x1 
 .rodata.data_index_htm
                0x000349a8      0x847 ./io_fs.o
 *fill*         0x000351ef        0x1 
 .rodata.data_io_cgi_ssi
                0x000351f0     0x1dba ./io_fs.o
 *fill*         0x00036faa        0x2 
 .rodata.data_io_http_htm
                0x00036fac      0xbab ./io_fs.o
 *fill*         0x00037b57        0x1 
 .rodata.data_javascript_js
                0x00037b58     0x1217 ./io_fs.o
 *fill*         0x00038d6f        0x1 
 .rodata.data_javascript_load_js
                0x00038d70      0x1ea ./io_fs.o
 *fill*         0x00038f5a        0x2 
 .rodata.data_msp_jpg
                0x00038f5c     0x4991 ./io_fs.o
 *fill*         0x0003d8ed        0x3 
 .rodata.data_msp432e4_htm
                0x0003d8f0      0x60c ./io_fs.o
 .rodata.data_msp_orig_JPG
                0x0003defc     0xa304 ./io_fs.o
 .rodata.data_overview_htm
                0x00048200      0x47c ./io_fs.o
 .rodata.data_perror_htm
                0x0004867c      0xbe9 ./io_fs.o
 *fill*         0x00049265        0x3 
 .rodata.data_resources_htm
                0x00049268      0x4eb ./io_fs.o
 *fill*         0x00049753        0x1 
 .rodata.data_simplelink_png
                0x00049754     0x4039 ./io_fs.o
 *fill*         0x0004d78d        0x3 
 .rodata.data_styles_css
                0x0004d790      0x6dd ./io_fs.o
 *fill*         0x0004de6d        0x3 
 .rodata.data_ti_jpg
                0x0004de70     0x1bfc ./io_fs.o
 .rodata.file_ti_jpg
                0x0004fa6c       0x14 ./io_fs.o
                0x0004fa6c                file_ti_jpg
 .rodata.file_styles_css
                0x0004fa80       0x14 ./io_fs.o
                0x0004fa80                file_styles_css
 .rodata.file_simplelink_png
                0x0004fa94       0x14 ./io_fs.o
                0x0004fa94                file_simplelink_png
 .rodata.file_resources_htm
                0x0004faa8       0x14 ./io_fs.o
                0x0004faa8                file_resources_htm
 .rodata.file_perror_htm
                0x0004fabc       0x14 ./io_fs.o
                0x0004fabc                file_perror_htm
 .rodata.file_overview_htm
                0x0004fad0       0x14 ./io_fs.o
                0x0004fad0                file_overview_htm
 .rodata.file_msp_orig_JPG
                0x0004fae4       0x14 ./io_fs.o
                0x0004fae4                file_msp_orig_JPG
 .rodata.file_msp432e4_htm
                0x0004faf8       0x14 ./io_fs.o
                0x0004faf8                file_msp432e4_htm
 .rodata.file_msp_jpg
                0x0004fb0c       0x14 ./io_fs.o
                0x0004fb0c                file_msp_jpg
 .rodata.file_javascript_load_js
                0x0004fb20       0x14 ./io_fs.o
                0x0004fb20                file_javascript_load_js
 .rodata.file_javascript_js
                0x0004fb34       0x14 ./io_fs.o
                0x0004fb34                file_javascript_js
 .rodata.file_io_http_htm
                0x0004fb48       0x14 ./io_fs.o
                0x0004fb48                file_io_http_htm
 .rodata.file_io_cgi_ssi
                0x0004fb5c       0x14 ./io_fs.o
                0x0004fb5c                file_io_cgi_ssi
 .rodata.file_index_htm
                0x0004fb70       0x14 ./io_fs.o
                0x0004fb70                file_index_htm
 .rodata.file_favicon_ico
                0x0004fb84       0x14 ./io_fs.o
                0x0004fb84                file_favicon_ico
 .rodata.file_block_png
                0x0004fb98       0x14 ./io_fs.o
                0x0004fb98                file_block_png
 .rodata.file_block_htm
                0x0004fbac       0x14 ./io_fs.o
                0x0004fbac                file_block_htm
 .rodata.file_about_htm
                0x0004fbc0       0x14 ./io_fs.o
                0x0004fbc0                file_about_htm
 .rodata.file_404_htm
                0x0004fbd4       0x14 ./io_fs.o
                0x0004fbd4                file_404_htm
 .rodata.g_psHTTPHeaders
                0x0004fbe8       0xa0 ./lwip/src/apps/httpd/httpd.o
 .rodata.g_pcSSIExtensions
                0x0004fc88       0x10 ./lwip/src/apps/httpd/httpd.o
 .rodata.g_psDefaultFilenames
                0x0004fc98       0x28 ./lwip/src/apps/httpd/httpd.o
                0x0004fc98                g_psDefaultFilenames
 .rodata.memp_UDP_PCB
                0x0004fcc0       0x10 ./lwip/src/core/memp.o
                0x0004fcc0                memp_UDP_PCB
 .rodata.memp_TCP_PCB
                0x0004fcd0       0x10 ./lwip/src/core/memp.o
                0x0004fcd0                memp_TCP_PCB
 .rodata.memp_TCP_PCB_LISTEN
                0x0004fce0       0x10 ./lwip/src/core/memp.o
                0x0004fce0                memp_TCP_PCB_LISTEN
 .rodata.memp_TCP_SEG
                0x0004fcf0       0x10 ./lwip/src/core/memp.o
                0x0004fcf0                memp_TCP_SEG
 .rodata.memp_SYS_TIMEOUT
                0x0004fd00       0x10 ./lwip/src/core/memp.o
                0x0004fd00                memp_SYS_TIMEOUT
 .rodata.memp_PBUF
                0x0004fd10       0x10 ./lwip/src/core/memp.o
                0x0004fd10                memp_PBUF
 .rodata.memp_PBUF_POOL
                0x0004fd20       0x10 ./lwip/src/core/memp.o
                0x0004fd20                memp_PBUF_POOL
 .rodata.memp_pools
                0x0004fd30       0x1c ./lwip/src/core/memp.o
                0x0004fd30                memp_pools
 .rodata.tcp_backoff
                0x0004fd4c        0xd ./lwip/src/core/tcp.o
 *fill*         0x0004fd59        0x3 
 .rodata.tcp_persist_backoff
                0x0004fd5c        0x7 ./lwip/src/core/tcp.o
 *fill*         0x0004fd63        0x1 
 .rodata.tcp_pcb_lists
                0x0004fd64       0x10 ./lwip/src/core/tcp.o
                0x0004fd64                tcp_pcb_lists
 .rodata.lwip_cyclic_timers
                0x0004fd74       0x30 ./lwip/src/core/timeouts.o
                0x0004fd74                lwip_cyclic_timers
 .rodata.ip_addr_any
                0x0004fda4        0x4 ./lwip/src/core/ipv4/ip4_addr.o
                0x0004fda4                ip_addr_any
 .rodata.ip_addr_broadcast
                0x0004fda8        0x4 ./lwip/src/core/ipv4/ip4_addr.o
                0x0004fda8                ip_addr_broadcast
 .rodata.ethbroadcast
                0x0004fdac        0x6 ./lwip/src/netif/ethernet.o
                0x0004fdac                ethbroadcast
 *fill*         0x0004fdb2        0x2 
 .rodata.ethzero
                0x0004fdb4        0x6 ./lwip/src/netif/ethernet.o
                0x0004fdb4                ethzero
 *fill*         0x0004fdba        0x2 
 .rodata.g_pui32GPIOBaseAddrs
                0x0004fdbc       0x48 C:/ti/simplelink_msp432e4_sdk_4_20_00_12/source\ti/devices/msp432e4/driverlib/lib/gcc/m4f/msp432e4_driverlib.a(gpio.o)
 .rodata.g_pui32EnRegs
                0x0004fe04       0x14 C:/ti/simplelink_msp432e4_sdk_4_20_00_12/source\ti/devices/msp432e4/driverlib/lib/gcc/m4f/msp432e4_driverlib.a(interrupt.o)
 .rodata.g_pui32Xtals
                0x0004fe18       0x28 C:/ti/simplelink_msp432e4_sdk_4_20_00_12/source\ti/devices/msp432e4/driverlib/lib/gcc/m4f/msp432e4_driverlib.a(sysctl.o)
 .rodata.g_pppui32XTALtoVCO
                0x0004fe40      0x1b0 C:/ti/simplelink_msp432e4_sdk_4_20_00_12/source\ti/devices/msp432e4/driverlib/lib/gcc/m4f/msp432e4_driverlib.a(sysctl.o)
 .rodata.g_sXTALtoMEMTIM
                0x0004fff0       0x30 C:/ti/simplelink_msp432e4_sdk_4_20_00_12/source\ti/devices/msp432e4/driverlib/lib/gcc/m4f/msp432e4_driverlib.a(sysctl.o)
 .rodata.g_pui32VCOFrequencies
                0x00050020        0x8 C:/ti/simplelink_msp432e4_sdk_4_20_00_12/source\ti/devices/msp432e4/driverlib/lib/gcc/m4f/msp432e4_driverlib.a(sysctl.o)
 .rodata._global_impure_ptr
                0x00050028        0x4 c:/ti/gcc_arm_none_eabi_9_2_1/bin/../lib/gcc/arm-none-eabi/9.2.1/../../../../arm-none-eabi/lib/thumb/v7e-m+fp/hard\libc_nano.a(lib_a-impure.o)
                0x00050028                _global_impure_ptr
