Archive member included to satisfy reference by file (symbol)

C:/ti/simplelink_msp432e4_sdk_4_20_00_12/source\ti/devices/msp432e4/driverlib/lib/gcc/m4f/msp432e4_driverlib.a(emac.o)
                              ./lwip/ports/msp432e4/utils/lwiplib.o (EMACPHYConfigSet)
C:/ti/simplelink_msp432e4_sdk_4_20_00_12/source\ti/devices/msp432e4/driverlib/lib/gcc/m4f/msp432e4_driverlib.a(flash.o)
                              ./lwip/ports/msp432e4/utils/swupdate.o (FlashUserGet)
C:/ti/simplelink_msp432e4_sdk_4_20_00_12/source\ti/devices/msp432e4/driverlib/lib/gcc/m4f/msp432e4_driverlib.a(gpio.o)
                              ./pinout.o (GPIOPadConfigSet)
C:/ti/simplelink_msp432e4_sdk_4_20_00_12/source\ti/devices/msp432e4/driverlib/lib/gcc/m4f/msp432e4_driverlib.a(interrupt.o)
                              ./lwip/ports/msp432e4/netif/msp432e4if.o (IntMasterEnable)
C:/ti/simplelink_msp432e4_sdk_4_20_00_12/source\ti/devices/msp432e4/driverlib/lib/gcc/m4f/msp432e4_driverlib.a(sw_crc.o)
                              C:/ti/simplelink_msp432e4_sdk_4_20_00_12/source\ti/devices/msp432e4/driverlib/lib/gcc/m4f/msp432e4_driverlib.a(emac.o) (Crc32)
C:/ti/simplelink_msp432e4_sdk_4_20_00_12/source\ti/devices/msp432e4/driverlib/lib/gcc/m4f/msp432e4_driverlib.a(sysctl.o)
                              C:/ti/simplelink_msp432e4_sdk_4_20_00_12/source\ti/devices/msp432e4/driverlib/lib/gcc/m4f/msp432e4_driverlib.a(emac.o) (SysCtlPeripheralReady)
C:/ti/simplelink_msp432e4_sdk_4_20_00_12/source\ti/devices/msp432e4/driverlib/lib/gcc/m4f/msp432e4_driverlib.a(systick.o)
                              ./lwip/ports/msp432e4/utils/swupdate.o (SysTickDisable)
C:/ti/simplelink_msp432e4_sdk_4_20_00_12/source\ti/devices/msp432e4/driverlib/lib/gcc/m4f/msp432e4_driverlib.a(cpu.o)
                              C:/ti/simplelink_msp432e4_sdk_4_20_00_12/source\ti/devices/msp432e4/driverlib/lib/gcc/m4f/msp432e4_driverlib.a(interrupt.o) (CPUcpsid)
c:/ti/gcc_arm_none_eabi_9_2_1/bin/../lib/gcc/arm-none-eabi/9.2.1/thumb/v7e-m+fp/hard\libgcc.a(_aeabi_ldivmod.o)
                              ./ustdlib.o (__aeabi_ldivmod)
c:/ti/gcc_arm_none_eabi_9_2_1/bin/../lib/gcc/arm-none-eabi/9.2.1/thumb/v7e-m+fp/hard\libgcc.a(_udivmoddi4.o)
                              c:/ti/gcc_arm_none_eabi_9_2_1/bin/../lib/gcc/arm-none-eabi/9.2.1/thumb/v7e-m+fp/hard\libgcc.a(_aeabi_ldivmod.o) (__udivmoddi4)
c:/ti/gcc_arm_none_eabi_9_2_1/bin/../lib/gcc/arm-none-eabi/9.2.1/thumb/v7e-m+fp/hard\libgcc.a(_dvmd_tls.o)
                              c:/ti/gcc_arm_none_eabi_9_2_1/bin/../lib/gcc/arm-none-eabi/9.2.1/thumb/v7e-m+fp/hard\libgcc.a(_aeabi_ldivmod.o) (__aeabi_ldiv0)
c:/ti/gcc_arm_none_eabi_9_2_1/bin/../lib/gcc/arm-none-eabi/9.2.1/../../../../arm-none-eabi/lib/thumb/v7e-m+fp/hard\libc_nano.a(lib_a-exit.o)
                              c:/ti/gcc_arm_none_eabi_9_2_1/bin/../lib/gcc/arm-none-eabi/9.2.1/../../../../arm-none-eabi/lib/thumb/v7e-m+fp/hard/crt0.o (exit)
c:/ti/gcc_arm_none_eabi_9_2_1/bin/../lib/gcc/arm-none-eabi/9.2.1/../../../../arm-none-eabi/lib/thumb/v7e-m+fp/hard\libc_nano.a(lib_a-impure.o)
                              c:/ti/gcc_arm_none_eabi_9_2_1/bin/../lib/gcc/arm-none-eabi/9.2.1/../../../../arm-none-eabi/lib/thumb/v7e-m+fp/hard\libc_nano.a(lib_a-exit.o) (_global_impure_ptr)
c:/ti/gcc_arm_none_eabi_9_2_1/bin/../lib/gcc/arm-none-eabi/9.2.1/../../../../arm-none-eabi/lib/thumb/v7e-m+fp/hard\libc_nano.a(lib_a-init.o)
                              c:/ti/gcc_arm_none_eabi_9_2_1/bin/../lib/gcc/arm-none-eabi/9.2.1/../../../../arm-none-eabi/lib/thumb/v7e-m+fp/hard/crt0.o (__libc_init_array)
c:/ti/gcc_arm_none_eabi_9_2_1/bin/../lib/gcc/arm-none-eabi/9.2.1/../../../../arm-none-eabi/lib/thumb/v7e-m+fp/hard\libc_nano.a(lib_a-malloc.o)
                              ./Kernal/kernal/queue.o (malloc)
c:/ti/gcc_arm_none_eabi_9_2_1/bin/../lib/gcc/arm-none-eabi/9.2.1/../../../../arm-none-eabi/lib/thumb/v7e-m+fp/hard\libc_nano.a(lib_a-memcmp.o)
                              ./lwip/src/core/ipv4/autoip.o (memcmp)
c:/ti/gcc_arm_none_eabi_9_2_1/bin/../lib/gcc/arm-none-eabi/9.2.1/../../../../arm-none-eabi/lib/thumb/v7e-m+fp/hard\libc_nano.a(lib_a-memcpy-stub.o)
                              ./io_fs.o (memcpy)
c:/ti/gcc_arm_none_eabi_9_2_1/bin/../lib/gcc/arm-none-eabi/9.2.1/../../../../arm-none-eabi/lib/thumb/v7e-m+fp/hard\libc_nano.a(lib_a-memset.o)
                              c:/ti/gcc_arm_none_eabi_9_2_1/bin/../lib/gcc/arm-none-eabi/9.2.1/../../../../arm-none-eabi/lib/thumb/v7e-m+fp/hard/crt0.o (memset)
c:/ti/gcc_arm_none_eabi_9_2_1/bin/../lib/gcc/arm-none-eabi/9.2.1/../../../../arm-none-eabi/lib/thumb/v7e-m+fp/hard\libc_nano.a(lib_a-nano-freer.o)
                              c:/ti/gcc_arm_none_eabi_9_2_1/bin/../lib/gcc/arm-none-eabi/9.2.1/../../../../arm-none-eabi/lib/thumb/v7e-m+fp/hard\libc_nano.a(lib_a-malloc.o) (_free_r)
c:/ti/gcc_arm_none_eabi_9_2_1/bin/../lib/gcc/arm-none-eabi/9.2.1/../../../../arm-none-eabi/lib/thumb/v7e-m+fp/hard\libc_nano.a(lib_a-nano-mallocr.o)
[...]
Memory Configuration

Name             Origin             Length             Attributes
FLASH            0x00000000         0x00100000         xr
SRAM             0x20000000         0x00040000         xw
*default*        0x00000000         0xffffffff

Linker script and memory map

LOAD c:/ti/gcc_arm_none_eabi_9_2_1/bin/../lib/gcc/arm-none-eabi/9.2.1/thumb/v7e-m+fp/hard/crti.o
LOAD c:/ti/gcc_arm_none_eabi_9_2_1/bin/../lib/gcc/arm-none-eabi/9.2.1/thumb/v7e-m+fp/hard/crtbegin.o
LOAD c:/ti/gcc_arm_none_eabi_9_2_1/bin/../lib/gcc/arm-none-eabi/9.2.1/../../../../arm-none-eabi/lib/thumb/v7e-m+fp/hard/crt0.o
LOAD ./RTE.o
LOAD ./cgifuncs.o
LOAD ./enet_io.o
LOAD ./io.o
LOAD ./io_fs.o
LOAD ./pinout.o
LOAD ./system_msp432e401y.o
LOAD ./uartstdio.o
LOAD ./ustdlib.o
LOAD ./Kernal/kernal/List.o
LOAD ./Kernal/kernal/Mutex.o
LOAD ./Kernal/kernal/PeridicTask.o
LOAD ./Kernal/kernal/SquadRTOS.o
LOAD ./Kernal/kernal/SquadRTOS_Handlers.o
LOAD ./Kernal/kernal/SquadRTOS_Systemcall.o
LOAD ./Kernal/kernal/kenal.o
LOAD ./Kernal/kernal/mailBox.o
LOAD ./Kernal/kernal/queue.o
LOAD ./Kernal/kernal/thread.o
LOAD ./gcc/startup_msp432e401y_gcc.o
LOAD ./lwip/ports/msp432e4/netif/msp432e4if.o
LOAD ./lwip/ports/msp432e4/perf.o
LOAD ./lwip/ports/msp432e4/sys_arch.o
LOAD ./lwip/ports/msp432e4/utils/locator.o
LOAD ./lwip/ports/msp432e4/utils/lwiplib.o
LOAD ./lwip/ports/msp432e4/utils/swupdate.o
LOAD ./lwip/src/api/api_lib.o
LOAD ./lwip/src/api/api_msg.o
LOAD ./lwip/src/api/err.o
LOAD ./lwip/src/api/netbuf.o
LOAD ./lwip/src/api/netdb.o
LOAD ./lwip/src/api/netifapi.o
LOAD ./lwip/src/api/sockets.o
LOAD ./lwip/src/api/tcpip.o
LOAD ./lwip/src/apps/httpd/httpd.o
LOAD ./lwip/src/apps/lwiperf/lwiperf.o
LOAD ./lwip/src/apps/mdns/mdns.o
LOAD ./lwip/src/apps/mqtt/mqtt.o
LOAD ./lwip/src/apps/netbiosns/netbiosns.o
LOAD ./lwip/src/apps/snmp/snmp_asn1.o
LOAD ./lwip/src/apps/snmp/snmp_core.o
LOAD ./lwip/src/apps/snmp/snmp_mib2.o
LOAD ./lwip/src/apps/snmp/snmp_mib2_icmp.o
LOAD ./lwip/src/apps/snmp/snmp_mib2_interfaces.o
LOAD ./lwip/src/apps/snmp/snmp_mib2_ip.o
LOAD ./lwip/src/apps/snmp/snmp_mib2_snmp.o
LOAD ./lwip/src/apps/snmp/snmp_mib2_system.o
LOAD ./lwip/src/apps/snmp/snmp_mib2_tcp.o
LOAD ./lwip/src/apps/snmp/snmp_mib2_udp.o
LOAD ./lwip/src/apps/snmp/snmp_msg.o
LOAD ./lwip/src/apps/snmp/snmp_netconn.o
LOAD ./lwip/src/apps/snmp/snmp_pbuf_stream.o
LOAD ./lwip/src/apps/snmp/snmp_raw.o
LOAD ./lwip/src/apps/snmp/snmp_scalar.o
LOAD ./lwip/src/apps/snmp/snmp_table.o
LOAD ./lwip/src/apps/snmp/snmp_threadsync.o
LOAD ./lwip/src/apps/snmp/snmp_traps.o
LOAD ./lwip/src/apps/snmp/snmpv3.o
LOAD ./lwip/src/apps/snmp/snmpv3_dummy.o
LOAD ./lwip/src/apps/snmp/snmpv3_mbedtls.o
LOAD ./lwip/src/apps/sntp/sntp.o
LOAD ./lwip/src/apps/tftp/tftp_server.o
LOAD ./lwip/src/core/def.o
LOAD ./lwip/src/core/dns.o
LOAD ./lwip/src/core/inet_chksum.o
LOAD ./lwip/src/core/init.o
LOAD ./lwip/src/core/ip.o
LOAD ./lwip/src/core/mem.o
LOAD ./lwip/src/core/memp.o
LOAD ./lwip/src/core/netif.o
LOAD ./lwip/src/core/pbuf.o
LOAD ./lwip/src/core/raw.o
LOAD ./lwip/src/core/stats.o
LOAD ./lwip/src/core/sys.o
LOAD ./lwip/src/core/tcp.o
LOAD ./lwip/src/core/tcp_in.o
LOAD ./lwip/src/core/tcp_out.o
LOAD ./lwip/src/core/timeouts.o
LOAD ./lwip/src/core/udp.o
LOAD ./lwip/src/core/ipv4/autoip.o
LOAD ./lwip/src/core/ipv4/dhcp.o
LOAD ./lwip/src/core/ipv4/etharp.o
LOAD ./lwip/src/core/ipv4/icmp.o
LOAD ./lwip/src/core/ipv4/igmp.o
LOAD ./lwip/src/core/ipv4/ip4.o
LOAD ./lwip/src/core/ipv4/ip4_addr.o
LOAD ./lwip/src/core/ipv4/ip4_frag.o
LOAD ./lwip/src/core/ipv6/dhcp6.o
LOAD ./lwip/src/core/ipv6/ethip6.o
LOAD ./lwip/src/core/ipv6/icmp6.o
LOAD ./lwip/src/core/ipv6/inet6.o
LOAD ./lwip/src/core/ipv6/ip6.o
LOAD ./lwip/src/core/ipv6/ip6_addr.o
LOAD ./lwip/src/core/ipv6/ip6_frag.o
LOAD ./lwip/src/core/ipv6/mld6.o
LOAD ./lwip/src/core/ipv6/nd6.o
LOAD ./lwip/src/netif/ethernet.o
LOAD ./lwip/src/netif/ethernetif.o
LOAD ./lwip/src/netif/lowpan6.o
LOAD ./lwip/src/netif/slipif.o
LOAD ./lwip/src/netif/ppp/auth.o
LOAD ./lwip/src/netif/ppp/ccp.o
LOAD ./lwip/src/netif/ppp/chap-md5.o
LOAD ./lwip/src/netif/ppp/chap-new.o
LOAD ./lwip/src/netif/ppp/chap_ms.o
LOAD ./lwip/src/netif/ppp/demand.o
LOAD ./lwip/src/netif/ppp/eap.o
LOAD ./lwip/src/netif/ppp/ecp.o
LOAD ./lwip/src/netif/ppp/eui64.o
LOAD ./lwip/src/netif/ppp/fsm.o
LOAD ./lwip/src/netif/ppp/ipcp.o
LOAD ./lwip/src/netif/ppp/ipv6cp.o
LOAD ./lwip/src/netif/ppp/lcp.o
LOAD ./lwip/src/netif/ppp/magic.o
LOAD ./lwip/src/netif/ppp/mppe.o
LOAD ./lwip/src/netif/ppp/multilink.o
LOAD ./lwip/src/netif/ppp/ppp.o
LOAD ./lwip/src/netif/ppp/pppapi.o
LOAD ./lwip/src/netif/ppp/pppcrypt.o
LOAD ./lwip/src/netif/ppp/pppoe.o
LOAD ./lwip/src/netif/ppp/pppol2tp.o
LOAD ./lwip/src/netif/ppp/pppos.o
LOAD ./lwip/src/netif/ppp/upap.o
LOAD ./lwip/src/netif/ppp/utils.o
LOAD ./lwip/src/netif/ppp/vj.o
LOAD ./lwip/src/netif/ppp/polarssl/arc4.o
LOAD ./lwip/src/netif/ppp/polarssl/des.o
LOAD ./lwip/src/netif/ppp/polarssl/md4.o
LOAD ./lwip/src/netif/ppp/polarssl/md5.o
LOAD ./lwip/src/netif/ppp/polarssl/sha1.o
                0x00000000                PROVIDE (_intvecs_base_address = DEFINED (_intvecs_base_address)?_intvecs_base_address:0x0)

.intvecs        0x00000000      0x208
 *(.intvecs)
 .intvecs       0x00000000      0x208 ./gcc/startup_msp432e401y_gcc.o
                0x00000000                interruptVectors
                0x20000000                PROVIDE (_vtable_base_address = DEFINED (_vtable_base_address)?_vtable_base_address:0x20000000)

.vtable
 *(.vtable)

.text           0x00000208    0x10f00
 CREATE_OBJECT_SYMBOLS
 *(.text)
 .text          0x00000208        0x0 c:/ti/gcc_arm_none_eabi_9_2_1/bin/../lib/gcc/arm-none-eabi/9.2.1/thumb/v7e-m+fp/hard/crti.o
 .text          0x00000208       0x40 c:/ti/gcc_arm_none_eabi_9_2_1/bin/../lib/gcc/arm-none-eabi/9.2.1/thumb/v7e-m+fp/hard/crtbegin.o
 .text          0x00000248       0x74 c:/ti/gcc_arm_none_eabi_9_2_1/bin/../lib/gcc/arm-none-eabi/9.2.1/../../../../arm-none-eabi/lib/thumb/v7e-m+fp/hard/crt0.o
                0x00000248                _start
                0x00000248                _mainCRTStartup
 .text          0x000002bc        0x0 ./RTE.o
 .text          0x000002bc        0x0 ./cgifuncs.o
 .text          0x000002bc        0x0 ./enet_io.o
 .text          0x000002bc        0x0 ./io.o
 .text          0x000002bc        0x0 ./io_fs.o
 .text          0x000002bc        0x0 ./pinout.o
 .text          0x000002bc        0x0 ./system_msp432e401y.o
 .text          0x000002bc        0x0 ./uartstdio.o
 .text          0x000002bc        0x0 ./ustdlib.o
 .text          0x000002bc        0x0 ./Kernal/kernal/List.o
 .text          0x000002bc        0x0 ./Kernal/kernal/Mutex.o
 .text          0x000002bc        0x0 ./Kernal/kernal/PeridicTask.o
 .text          0x000002bc        0x0 ./Kernal/kernal/SquadRTOS.o
 .text          0x000002bc       0x7c ./Kernal/kernal/SquadRTOS_Handlers.o
                0x000002bc                SquadRTOS_SVC_Handler
                0x000002dc                SquadRTOS_PendSV_Handler
 .text          0x00000338       0x4c ./Kernal/kernal/SquadRTOS_Systemcall.o
                0x00000338                SquadRTOS_SVC_vthreadCreate
                0x0000033c                SquadRTOS_SVC_vSchedulerStart
                0x00000340                SquadRTOS_SVC_vDelay
                0x00000344                SquadRTOS_SVC_vTaskTimeOut
                0x00000348                SquadRTOS_SVC_vRecieve
                0x0000034c                SquadRTOS_SVC_vChangePriority
                0x00000350                SquadRTOS_SVC_vthreadDestroy
                0x00000354                SquadRTOS_SVC_vTaskResume
                0x00000358                SquadRTOS_SVC_vMakeTimer
                0x0000035c                SquadRTOS_SVC_vDeleteTimer
                0x00000360                SquadRTOS_SVC_vStart
                0x00000364                SquadRTOS_SVC_vEnd
                0x00000368                SquadRTOS_SVC_ChangePeriod
                0x0000036c                SquadRTOS_SVC_vCreateMutex
                0x00000370                SquadRTOS_SVC_vTakeMutex
                0x00000374                SquadRTOS_SVC_vReleaseMutex
                0x00000378                SquadRTOS_SVC_vMailboxCreate
                0x0000037c                SquadRTOS_SVC_u32MailboxRead
                0x00000380                SquadRTOS_SVC_u32MailboxWrite
 .text          0x00000384        0x0 ./Kernal/kernal/kenal.o
 .text          0x00000384        0x0 ./Kernal/kernal/mailBox.o
 .text          0x00000384        0x0 ./Kernal/kernal/queue.o
 .text          0x00000384        0x0 ./Kernal/kernal/thread.o
 .text          0x00000384        0x0 ./gcc/startup_msp432e401y_gcc.o
 .text          0x00000384        0x0 ./lwip/ports/msp432e4/netif/msp432e4if.o
 .text          0x00000384        0x0 ./lwip/ports/msp432e4/perf.o
 .text          0x00000384        0x0 ./lwip/ports/msp432e4/sys_arch.o
 .text          0x00000384        0x0 ./lwip/ports/msp432e4/utils/locator.o
 .text          0x00000384        0x0 ./lwip/ports/msp432e4/utils/lwiplib.o
 .text          0x00000384        0x0 ./lwip/ports/msp432e4/utils/swupdate.o
 .text          0x00000384        0x0 ./lwip/src/api/api_lib.o
 .text          0x00000384        0x0 ./lwip/src/api/api_msg.o
 .text          0x00000384        0x0 ./lwip/src/api/err.o
 .text          0x00000384        0x0 ./lwip/src/api/netbuf.o
 .text          0x00000384        0x0 ./lwip/src/api/netdb.o
 .text          0x00000384        0x0 ./lwip/src/api/netifapi.o
 .text          0x00000384        0x0 ./lwip/src/api/sockets.o
 .text          0x00000384        0x0 ./lwip/src/api/tcpip.o
 .text          0x00000384        0x0 ./lwip/src/apps/httpd/httpd.o
 .text          0x00000384        0x0 ./lwip/src/apps/lwiperf/lwiperf.o
 .text          0x00000384        0x0 ./lwip/src/apps/mdns/mdns.o
 .text          0x00000384        0x0 ./lwip/src/apps/mqtt/mqtt.o
 .text          0x00000384        0x0 ./lwip/src/apps/netbiosns/netbiosns.o
 .text          0x00000384        0x0 ./lwip/src/apps/snmp/snmp_asn1.o
 .text          0x00000384        0x0 ./lwip/src/apps/snmp/snmp_core.o
 .text          0x00000384        0x0 ./lwip/src/apps/snmp/snmp_mib2.o
 .text          0x00000384        0x0 ./lwip/src/apps/snmp/snmp_mib2_icmp.o
 .text          0x00000384        0x0 ./lwip/src/apps/snmp/snmp_mib2_interfaces.o
 .text          0x00000384        0x0 ./lwip/src/apps/snmp/snmp_mib2_ip.o
 .text          0x00000384        0x0 ./lwip/src/apps/snmp/snmp_mib2_snmp.o
 .text          0x00000384        0x0 ./lwip/src/apps/snmp/snmp_mib2_system.o
 .text          0x00000384        0x0 ./lwip/src/apps/snmp/snmp_mib2_tcp.o
 .text          0x00000384        0x0 ./lwip/src/apps/snmp/snmp_mib2_udp.o
 .text          0x00000384        0x0 ./lwip/src/apps/snmp/snmp_msg.o
 .text          0x00000384        0x0 ./lwip/src/apps/snmp/snmp_netconn.o
 .text          0x00000384        0x0 ./lwip/src/apps/snmp/snmp_pbuf_stream.o
 .text          0x00000384        0x0 ./lwip/src/apps/snmp/snmp_raw.o
 .text          0x00000384        0x0 ./lwip/src/apps/snmp/snmp_scalar.o
 .text          0x00000384        0x0 ./lwip/src/apps/snmp/snmp_table.o
 .text          0x00000384        0x0 ./lwip/src/apps/snmp/snmp_threadsync.o
 .text          0x00000384        0x0 ./lwip/src/apps/snmp/snmp_traps.o
 .text          0x00000384        0x0 ./lwip/src/apps/snmp/snmpv3.o
 .text          0x00000384        0x0 ./lwip/src/apps/snmp/snmpv3_dummy.o
 .text          0x00000384        0x0 ./lwip/src/apps/snmp/snmpv3_mbedtls.o
 .text          0x00000384        0x0 ./lwip/src/apps/sntp/sntp.o
 .text          0x00000384        0x0 ./lwip/src/apps/tftp/tftp_server.o
 .text          0x00000384        0x0 ./lwip/src/core/def.o
 .text          0x00000384        0x0 ./lwip/src/core/dns.o
 .text          0x00000384        0x0 ./lwip/src/core/inet_chksum.o
 .text          0x00000384        0x0 ./lwip/src/core/init.o
 .text          0x00000384        0x0 ./lwip/src/core/ip.o
 .text          0x00000384        0x0 ./lwip/src/core/mem.o
 .text          0x00000384        0x0 ./lwip/src/core/memp.o
 .text          0x00000384        0x0 ./lwip/src/core/netif.o
 .text          0x00000384        0x0 ./lwip/src/core/pbuf.o
 .text          0x00000384        0x0 ./lwip/src/core/raw.o
 .text          0x00000384        0x0 ./lwip/src/core/stats.o
 .text          0x00000384        0x0 ./lwip/src/core/sys.o
 .text          0x00000384        0x0 ./lwip/src/core/tcp.o
 .text          0x00000384        0x0 ./lwip/src/core/tcp_in.o
 .text          0x00000384        0x0 ./lwip/src/core/tcp_out.o
 .text          0x00000384        0x0 ./lwip/src/core/timeouts.o
 .text          0x00000384        0x0 ./lwip/src/core/udp.o
 .text          0x00000384        0x0 ./lwip/src/core/ipv4/autoip.o
 .text          0x00000384        0x0 ./lwip/src/core/ipv4/dhcp.o
 .text          0x00000384        0x0 ./lwip/src/core/ipv4/etharp.o
 .text          0x00000384        0x0 ./lwip/src/core/ipv4/icmp.o
 .text          0x00000384        0x0 ./lwip/src/core/ipv4/igmp.o
 .text          0x00000384        0x0 ./lwip/src/core/ipv4/ip4.o
 .text          0x00000384        0x0 ./lwip/src/core/ipv4/ip4_addr.o
 .text          0x00000384        0x0 ./lwip/src/core/ipv4/ip4_frag.o
 .text          0x00000384        0x0 ./lwip/src/core/ipv6/dhcp6.o
 .text          0x00000384        0x0 ./lwip/src/core/ipv6/ethip6.o
 .text          0x00000384        0x0 ./lwip/src/core/ipv6/icmp6.o
 .text          0x00000384        0x0 ./lwip/src/core/ipv6/inet6.o
 .text          0x00000384        0x0 ./lwip/src/core/ipv6/ip6.o
 .text          0x00000384        0x0 ./lwip/src/core/ipv6/ip6_addr.o
 .text          0x00000384        0x0 ./lwip/src/core/ipv6/ip6_frag.o
 .text          0x00000384        0x0 ./lwip/src/core/ipv6/mld6.o
 .text          0x00000384        0x0 ./lwip/src/core/ipv6/nd6.o
 .text          0x00000384        0x0 ./lwip/src/netif/ethernet.o
 .text          0x00000384        0x0 ./lwip/src/netif/ethernetif.o
 .text          0x00000384        0x0 ./lwip/src/netif/lowpan6.o
 .text          0x00000384        0x0 ./lwip/src/netif/slipif.o
 .text          0x00000384        0x0 ./lwip/src/netif/ppp/auth.o
 .text          0x00000384        0x0 ./lwip/src/netif/ppp/ccp.o
 .text          0x00000384        0x0 ./lwip/src/netif/ppp/chap-md5.o
 .text          0x00000384        0x0 ./lwip/src/netif/ppp/chap-new.o
 .text          0x00000384        0x0 ./lwip/src/netif/ppp/chap_ms.o
 .text          0x00000384        0x0 ./lwip/src/netif/ppp/demand.o
 .text          0x00000384        0x0 ./lwip/src/netif/ppp/eap.o
 .text          0x00000384        0x0 ./lwip/src/netif/ppp/ecp.o
 .text          0x00000384        0x0 ./lwip/src/netif/ppp/eui64.o
 .text          0x00000384        0x0 ./lwip/src/netif/ppp/fsm.o
 .text          0x00000384        0x0 ./lwip/src/netif/ppp/ipcp.o
 .text          0x00000384        0x0 ./lwip/src/netif/ppp/ipv6cp.o
 .text          0x00000384        0x0 ./lwip/src/netif/ppp/lcp.o
 .text          0x00000384        0x0 ./lwip/src/netif/ppp/magic.o
 .text          0x00000384        0x0 ./lwip/src/netif/ppp/mppe.o
 .text          0x00000384        0x0 ./lwip/src/netif/ppp/multilink.o
 .text          0x00000384        0x0 ./lwip/src/netif/ppp/ppp.o
 .text          0x00000384        0x0 ./lwip/src/netif/ppp/pppapi.o
 .text          0x00000384        0x0 ./lwip/src/netif/ppp/pppcrypt.o
 .text          0x00000384        0x0 ./lwip/src/netif/ppp/pppoe.o
 .text          0x00000384        0x0 ./lwip/src/netif/ppp/pppol2tp.o
 .text          0x00000384        0x0 ./lwip/src/netif/ppp/pppos.o
 .text          0x00000384        0x0 ./lwip/src/netif/ppp/upap.o
 .text          0x00000384        0x0 ./lwip/src/netif/ppp/utils.o
 .text          0x00000384        0x0 ./lwip/src/netif/ppp/vj.o
 .text          0x00000384        0x0 ./lwip/src/netif/ppp/polarssl/arc4.o
 .text          0x00000384        0x0 ./lwip/src/netif/ppp/polarssl/des.o
 .text          0x00000384        0x0 ./lwip/src/netif/ppp/polarssl/md4.o
 .text          0x00000384        0x0 ./lwip/src/netif/ppp/polarssl/md5.o
 .text          0x00000384        0x0 ./lwip/src/netif/ppp/polarssl/sha1.o
 .text          0x00000384        0x0 C:/ti/simplelink_msp432e4_sdk_4_20_00_12/source\ti/devices/msp432e4/driverlib/lib/gcc/m4f/msp432e4_driverlib.a(emac.o)
 .text          0x00000384        0x0 C:/ti/simplelink_msp432e4_sdk_4_20_00_12/source\ti/devices/msp432e4/driverlib/lib/gcc/m4f/msp432e4_driverlib.a(flash.o)
 .text          0x00000384        0x0 C:/ti/simplelink_msp432e4_sdk_4_20_00_12/source\ti/devices/msp432e4/driverlib/lib/gcc/m4f/msp432e4_driverlib.a(gpio.o)
 .text          0x00000384        0x0 C:/ti/simplelink_msp432e4_sdk_4_20_00_12/source\ti/devices/msp432e4/driverlib/lib/gcc/m4f/msp432e4_driverlib.a(interrupt.o)
 .text          0x00000384        0x0 C:/ti/simplelink_msp432e4_sdk_4_20_00_12/source\ti/devices/msp432e4/driverlib/lib/gcc/m4f/msp432e4_driverlib.a(sw_crc.o)
 .text          0x00000384        0x0 C:/ti/simplelink_msp432e4_sdk_4_20_00_12/source\ti/devices/msp432e4/driverlib/lib/gcc/m4f/msp432e4_driverlib.a(sysctl.o)
 .text          0x00000384        0x0 C:/ti/simplelink_msp432e4_sdk_4_20_00_12/source\ti/devices/msp432e4/driverlib/lib/gcc/m4f/msp432e4_driverlib.a(systick.o)
 .text          0x00000384        0x0 C:/ti/simplelink_msp432e4_sdk_4_20_00_12/source\ti/devices/msp432e4/driverlib/lib/gcc/m4f/msp432e4_driverlib.a(cpu.o)
 .text          0x00000384       0xa0 c:/ti/gcc_arm_none_eabi_9_2_1/bin/../lib/gcc/arm-none-eabi/9.2.1/thumb/v7e-m+fp/hard\libgcc.a(_aeabi_ldivmod.o)
                0x00000384                __aeabi_ldivmod
 .text          0x00000424      0x2c4 c:/ti/gcc_arm_none_eabi_9_2_1/bin/../lib/gcc/arm-none-eabi/9.2.1/thumb/v7e-m+fp/hard\libgcc.a(_udivmoddi4.o)
                0x00000424                __udivmoddi4
 .text          0x000006e8        0x4 c:/ti/gcc_arm_none_eabi_9_2_1/bin/../lib/gcc/arm-none-eabi/9.2.1/thumb/v7e-m+fp/hard\libgcc.a(_dvmd_tls.o)
                0x000006e8                __aeabi_idiv0
                0x000006e8                __aeabi_ldiv0
 .text          0x000006ec        0x0 c:/ti/gcc_arm_none_eabi_9_2_1/bin/../lib/gcc/arm-none-eabi/9.2.1/../../../../arm-none-eabi/lib/thumb/v7e-m+fp/hard\libc_nano.a(lib_a-exit.o)
 .text          0x000006ec        0x0 c:/ti/gcc_arm_none_eabi_9_2_1/bin/../lib/gcc/arm-none-eabi/9.2.1/../../../../arm-none-eabi/lib/thumb/v7e-m+fp/hard\libc_nano.a(lib_a-impure.o)
 .text          0x000006ec        0x0 c:/ti/gcc_arm_none_eabi_9_2_1/bin/../lib/gcc/arm-none-eabi/9.2.1/../../../../arm-none-eabi/lib/thumb/v7e-m+fp/hard\libc_nano.a(lib_a-init.o)
 .text          0x000006ec        0x0 c:/ti/gcc_arm_none_eabi_9_2_1/bin/../lib/gcc/arm-none-eabi/9.2.1/../../../../arm-none-eabi/lib/thumb/v7e-m+fp/hard\libc_nano.a(lib_a-malloc.o)
 .text          0x000006ec        0x0 c:/ti/gcc_arm_none_eabi_9_2_1/bin/../lib/gcc/arm-none-eabi/9.2.1/../../../../arm-none-eabi/lib/thumb/v7e-m+fp/hard\libc_nano.a(lib_a-memcmp.o)
 .text          0x000006ec        0x0 c:/ti/gcc_arm_none_eabi_9_2_1/bin/../lib/gcc/arm-none-eabi/9.2.1/../../../../arm-none-eabi/lib/thumb/v7e-m+fp/hard\libc_nano.a(lib_a-memcpy-stub.o)
 .text          0x000006ec        0x0 c:/ti/gcc_arm_none_eabi_9_2_1/bin/../lib/gcc/arm-none-eabi/9.2.1/../../../../arm-none-eabi/lib/thumb/v7e-m+fp/hard\libc_nano.a(lib_a-memset.o)
 .text          0x000006ec        0x0 c:/ti/gcc_arm_none_eabi_9_2_1/bin/../lib/gcc/arm-none-eabi/9.2.1/../../../../arm-none-eabi/lib/thumb/v7e-m+fp/hard\libc_nano.a(lib_a-nano-freer.o)
 .text          0x000006ec        0x0 c:/ti/gcc_arm_none_eabi_9_2_1/bin/../lib/gcc/arm-none-eabi/9.2.1/../../../../arm-none-eabi/lib/thumb/v7e-m+fp/hard\libc_nano.a(lib_a-nano-mallocr.o)
 .text          0x000006ec        0x0 c:/ti/gcc_arm_none_eabi_9_2_1/bin/../lib/gcc/arm-none-eabi/9.2.1/../../../../arm-none-eabi/lib/thumb/v7e-m+fp/hard\libc_nano.a(lib_a-rand.o)
 .text          0x000006ec        0x0 c:/ti/gcc_arm_none_eabi_9_2_1/bin/../lib/gcc/arm-none-eabi/9.2.1/../../../../arm-none-eabi/lib/thumb/v7e-m+fp/hard\libc_nano.a(lib_a-sbrkr.o)
 .text          0x000006ec        0x0 c:/ti/gcc_arm_none_eabi_9_2_1/bin/../lib/gcc/arm-none-eabi/9.2.1/../../../../arm-none-eabi/lib/thumb/v7e-m+fp/hard\libc_nano.a(lib_a-strchr.o)
 .text          0x000006ec       0x14 c:/ti/gcc_arm_none_eabi_9_2_1/bin/../lib/gcc/arm-none-eabi/9.2.1/../../../../arm-none-eabi/lib/thumb/v7e-m+fp/hard\libc_nano.a(lib_a-strcmp.o)
                0x000006ec                strcmp
 .text          0x00000700       0x10 c:/ti/gcc_arm_none_eabi_9_2_1/bin/../lib/gcc/arm-none-eabi/9.2.1/../../../../arm-none-eabi/lib/thumb/v7e-m+fp/hard\libc_nano.a(lib_a-strlen.o)
                0x00000700                strlen
 .text          0x00000710        0x0 c:/ti/gcc_arm_none_eabi_9_2_1/bin/../lib/gcc/arm-none-eabi/9.2.1/../../../../arm-none-eabi/lib/thumb/v7e-m+fp/hard\libc_nano.a(lib_a-strncmp.o)
 .text          0x00000710        0x0 c:/ti/gcc_arm_none_eabi_9_2_1/bin/../lib/gcc/arm-none-eabi/9.2.1/../../../../arm-none-eabi/lib/thumb/v7e-m+fp/hard\libc_nano.a(lib_a-strstr.o)
 .text          0x00000710        0x0 c:/ti/gcc_arm_none_eabi_9_2_1/bin/../lib/gcc/arm-none-eabi/9.2.1/../../../../arm-none-eabi/lib/thumb/v7e-m+fp/hard\libc_nano.a(lib_a-mlock.o)
 .text          0x00000710        0x0 c:/ti/gcc_arm_none_eabi_9_2_1/bin/../lib/gcc/arm-none-eabi/9.2.1/../../../../arm-none-eabi/lib/thumb/v7e-m+fp/hard\libc_nano.a(lib_a-reent.o)
 .text          0x00000710        0x0 c:/ti/gcc_arm_none_eabi_9_2_1/bin/../lib/gcc/arm-none-eabi/9.2.1/../../../../arm-none-eabi/lib/thumb/v7e-m+fp/hard\libc_nano.a(lib_a-lock.o)
 .text          0x00000710        0x0 c:/ti/gcc_arm_none_eabi_9_2_1/bin/../lib/gcc/arm-none-eabi/9.2.1/../../../../arm-none-eabi/lib/thumb/v7e-m+fp/hard\libnosys.a(sbrk.o)
 .text          0x00000710        0x0 c:/ti/gcc_arm_none_eabi_9_2_1/bin/../lib/gcc/arm-none-eabi/9.2.1/../../../../arm-none-eabi/lib/thumb/v7e-m+fp/hard\libnosys.a(_exit.o)
 .text          0x00000710        0x0 c:/ti/gcc_arm_none_eabi_9_2_1/bin/../lib/gcc/arm-none-eabi/9.2.1/thumb/v7e-m+fp/hard/crtend.o
 .text          0x00000710        0x0 c:/ti/gcc_arm_none_eabi_9_2_1/bin/../lib/gcc/arm-none-eabi/9.2.1/thumb/v7e-m+fp/hard/crtn.o
 *(.text.*)
 .text.ReadThread
                0x00000710       0x18 ./RTE.o
                0x00000710                ReadThread
 .text.TIMER2A_IRQHandler
                0x00000728       0x40 ./enet_io.o
                0x00000728                TIMER2A_IRQHandler
 .text.DisplayIPAddress
                0x00000768       0x44 ./enet_io.o
                0x00000768                DisplayIPAddress
 .text.lwIPHostTimerHandler
                0x000007ac       0x74 ./enet_io.o
                0x000007ac                lwIPHostTimerHandler
 .text.thread1function
                0x00000820       0x64 ./enet_io.o
                0x00000820                thread1function
 .text.thread2function
                0x00000884       0x28 ./enet_io.o
                0x00000884                thread2function
 .text.thread3function
                0x000008ac       0x30 ./enet_io.o
                0x000008ac                thread3function
 .text.main     0x000008dc      0x15c ./enet_io.o
                0x000008dc                main
 .text.io_set_timer
                0x00000a38       0x70 ./io.o
 .text.io_init  0x00000aa8       0x9c ./io.o
                0x00000aa8                io_init
 .text.fs_open  0x00000b44      0x130 ./io_fs.o
                0x00000b44                fs_open
 .text.fs_close
                0x00000c74       0x16 ./io_fs.o
                0x00000c74                fs_close
 .text.fs_bytes_left
                0x00000c8a       0x1e ./io_fs.o
                0x00000c8a                fs_bytes_left
 .text.PinoutSet
                0x00000ca8      0x270 ./pinout.o
                0x00000ca8                PinoutSet
 .text.SystemInit
                0x00000f18       0x30 ./system_msp432e401y.o
                0x00000f18                SystemInit
 .text.UARTStdioConfig
                0x00000f48       0x98 ./uartstdio.o
                0x00000f48                UARTStdioConfig
 .text.UARTwrite
                0x00000fe0       0x68 ./uartstdio.o
                0x00000fe0                UARTwrite
 .text.UARTvprintf
                0x00001048      0x3f0 ./uartstdio.o
                0x00001048                UARTvprintf
 .text.UARTprintf
                0x00001438       0x24 ./uartstdio.o
                0x00001438                UARTprintf
 .text.ustrncpy
                0x0000145c       0x6a ./ustdlib.o
                0x0000145c                ustrncpy
 *fill*         0x000014c6        0x2 
 .text.uvsnprintf
                0x000014c8      0x508 ./ustdlib.o
                0x000014c8                uvsnprintf
 .text.usprintf
                0x000019d0       0x30 ./ustdlib.o
                0x000019d0                usprintf
 .text.ustrncmp
                0x00001a00       0x6a ./ustdlib.o
                0x00001a00                ustrncmp
 .text.SquadRTOS_vListInit
                0x00001a6a       0x40 ./Kernal/kernal/List.o
                0x00001a6a                SquadRTOS_vListInit
 .text.SquadRTOS_vListInsertEnd
                0x00001aaa       0x52 ./Kernal/kernal/List.o
                0x00001aaa                SquadRTOS_vListInsertEnd
 .text.SquadRTOS_vListRemove
                0x00001afc       0x50 ./Kernal/kernal/List.o
                0x00001afc                SquadRTOS_vListRemove
 .text.SquadRTOS_vListInsert
                0x00001b4c       0x6a ./Kernal/kernal/List.o
                0x00001b4c                SquadRTOS_vListInsert
 .text.SquadRTOS_vCreateMutex
                0x00001bb6       0x22 ./Kernal/kernal/Mutex.o
                0x00001bb6                SquadRTOS_vCreateMutex
 .text.SquadRTOS_vTakeMutex
                0x00001bd8       0xa4 ./Kernal/kernal/Mutex.o
                0x00001bd8                SquadRTOS_vTakeMutex
 .text.SquadRTOS_vReleaseMutex
                0x00001c7c       0x3c ./Kernal/kernal/Mutex.o
                0x00001c7c                SquadRTOS_vReleaseMutex
 .text.SquadRTOS_vMakeTimer
                0x00001cb8      0x154 ./Kernal/kernal/PeridicTask.o
                0x00001cb8                SquadRTOS_vMakeTimer
 .text.SquadRTOS_vDeleteTimer
                0x00001e0c       0x40 ./Kernal/kernal/PeridicTask.o
                0x00001e0c                SquadRTOS_vDeleteTimer
 .text.SquadRTOS_vStart
                0x00001e4c       0x20 ./Kernal/kernal/PeridicTask.o
                0x00001e4c                SquadRTOS_vStart
 .text.SquadRTOS_vEnd
                0x00001e6c       0x20 ./Kernal/kernal/PeridicTask.o
                0x00001e6c                SquadRTOS_vEnd
 .text.SquadRTOS_ChangePeriod
                0x00001e8c       0x22 ./Kernal/kernal/PeridicTask.o
                0x00001e8c                SquadRTOS_ChangePeriod
 *fill*         0x00001eae        0x2 
 .text.SquadRTOS_CheckPerTasks
                0x00001eb0      0x120 ./Kernal/kernal/PeridicTask.o
                0x00001eb0                SquadRTOS_CheckPerTasks
 .text.__NVIC_SetPriorityGrouping
                0x00001fd0       0x48 ./Kernal/kernal/SquadRTOS.o
 .text.__NVIC_EnableIRQ
                0x00002018       0x3c ./Kernal/kernal/SquadRTOS.o
 .text.__NVIC_SetPriority
                0x00002054       0x54 ./Kernal/kernal/SquadRTOS.o
 .text.vIdleThreadFunction
                0x000020a8        0x6 ./Kernal/kernal/SquadRTOS.o
 *fill*         0x000020ae        0x2 
 .text.SquadRTOS_vinit
                0x000020b0       0xe4 ./Kernal/kernal/SquadRTOS.o
                0x000020b0                SquadRTOS_vinit
 .text.SquadRTOS_vschedulerStart
                0x00002194       0x7c ./Kernal/kernal/SquadRTOS.o
                0x00002194                SquadRTOS_vschedulerStart
 .text.SquadRTOS_SVC_vHandler_main
                0x00002210      0x236 ./Kernal/kernal/SquadRTOS.o
                0x00002210                SquadRTOS_SVC_vHandler_main
 *fill*         0x00002446        0x2 
 .text.SquadRTOS_SysTick_Handler
                0x00002448       0x38 ./Kernal/kernal/SquadRTOS.o
                0x00002448                SquadRTOS_SysTick_Handler
 .text.checkWaitingThreads
                0x00002480       0x42 ./Kernal/kernal/mailBox.o
 .text.SquadRTOS_vMailboxCreate
                0x000024c2       0x5a ./Kernal/kernal/mailBox.o
                0x000024c2                SquadRTOS_vMailboxCreate
 .text.SquadRTOS_u32MailboxWrite
                0x0000251c       0xb0 ./Kernal/kernal/mailBox.o
                0x0000251c                SquadRTOS_u32MailboxWrite
 .text.SquadRTOS_u32MailboxRead
                0x000025cc       0xac ./Kernal/kernal/mailBox.o
                0x000025cc                SquadRTOS_u32MailboxRead
 .text.pvCreateStaticQueue
                0x00002678       0x3e ./Kernal/kernal/queue.o
                0x00002678                pvCreateStaticQueue
 .text.vQueueStaticPush
                0x000026b6       0x68 ./Kernal/kernal/queue.o
                0x000026b6                vQueueStaticPush
 .text.pvQueueStaticDeque
                0x0000271e       0x68 ./Kernal/kernal/queue.o
                0x0000271e                pvQueueStaticDeque
 .text.bQueueIsEmpty
                0x00002786       0x30 ./Kernal/kernal/queue.o
                0x00002786                bQueueIsEmpty
 .text.vQueueReset
                0x000027b6       0x22 ./Kernal/kernal/queue.o
                0x000027b6                vQueueReset
 .text.SquadRTOS_vThreadAddToReadyList
                0x000027d8       0x74 ./Kernal/kernal/thread.o
                0x000027d8                SquadRTOS_vThreadAddToReadyList
 .text.SquadRTOS_vThreadCreate
                0x0000284c       0xa4 ./Kernal/kernal/thread.o
                0x0000284c                SquadRTOS_vThreadCreate
 .text.SquadRTOS_ThreadGetRunning
                0x000028f0       0x18 ./Kernal/kernal/thread.o
                0x000028f0                SquadRTOS_ThreadGetRunning
 .text.SquadRTOS_vthreadSwitchRunning
                0x00002908       0x8c ./Kernal/kernal/thread.o
                0x00002908                SquadRTOS_vthreadSwitchRunning
 .text.SquadRTOS_vthreadInitLists
                0x00002994       0x4c ./Kernal/kernal/thread.o
                0x00002994                SquadRTOS_vthreadInitLists
 .text.vTaskDelay
                0x000029e0       0x5c ./Kernal/kernal/thread.o
                0x000029e0                vTaskDelay
 .text.SquadRTOS_vCheckWaitingList
                0x00002a3c       0x64 ./Kernal/kernal/thread.o
                0x00002a3c                SquadRTOS_vCheckWaitingList
 .text.SquadRTOS_vTaskTimeOut
                0x00002aa0       0x28 ./Kernal/kernal/thread.o
                0x00002aa0                SquadRTOS_vTaskTimeOut
 .text.SquadRTOS_vCheckTimeOut
                0x00002ac8       0x44 ./Kernal/kernal/thread.o
                0x00002ac8                SquadRTOS_vCheckTimeOut
 .text.SquadRTOS_vthreadDestroy
                0x00002b0c       0x2c ./Kernal/kernal/thread.o
                0x00002b0c                SquadRTOS_vthreadDestroy
 .text.SquadRTOS_vTaskResume
                0x00002b38       0x38 ./Kernal/kernal/thread.o
                0x00002b38                SquadRTOS_vTaskResume
 .text.SquadRTOS_vChangePriority
                0x00002b70       0x44 ./Kernal/kernal/thread.o
                0x00002b70                SquadRTOS_vChangePriority
 .text.SquadRTOS_vRecieve
                0x00002bb4       0x3c ./Kernal/kernal/thread.o
                0x00002bb4                SquadRTOS_vRecieve
 .text.Reset_Handler
                0x00002bf0       0x44 ./gcc/startup_msp432e401y_gcc.o
                0x00002bf0                Reset_Handler
 .text.Default_Handler
                0x00002c34        0xe ./gcc/startup_msp432e401y_gcc.o
                0x00002c34                GPIOP3_IRQHandler
                0x00002c34                DebugMon_Handler
                0x00002c34                I2C0_IRQHandler
                0x00002c34                GPIOQ0_IRQHandler
                0x00002c34                HardFault_Handler
                0x00002c34                DES0_IRQHandler
                0x00002c34                EPI0_IRQHandler
                0x00002c34                GPIOE_IRQHandler
                0x00002c34                GPIOB_IRQHandler
                0x00002c34                GPIOA_IRQHandler
                0x00002c34                GPIOL_IRQHandler
                0x00002c34                NMI_Handler
                0x00002c34                I2C1_IRQHandler
                0x00002c34                AES0_IRQHandler
                0x00002c34                UART1_IRQHandler
                0x00002c34                CAN1_IRQHandler
                0x00002c34                GPIOQ4_IRQHandler
                0x00002c34                TIMER4B_IRQHandler
                0x00002c34                TIMER3A_IRQHandler
                0x00002c34                TIMER4A_IRQHandler
                0x00002c34                GPIOK_IRQHandler
                0x00002c34                UART0_IRQHandler
                0x00002c34                SSI0_IRQHandler
                0x00002c34                PWM0_0_IRQHandler
                0x00002c34                WATCHDOG_IRQHandler
                0x00002c34                GPIOQ7_IRQHandler
                0x00002c34                UsageFault_Handler
                0x00002c34                I2C7_IRQHandler
                0x00002c34                GPIOQ2_IRQHandler
                0x00002c34                GPIOP5_IRQHandler
                0x00002c34                GPIOM_IRQHandler
                0x00002c34                GPIOP2_IRQHandler
                0x00002c34                TIMER2B_IRQHandler
                0x00002c34                I2C5_IRQHandler
                0x00002c34                I2C4_IRQHandler
                0x00002c34                TIMER6A_IRQHandler
                0x00002c34                SSI1_IRQHandler
                0x00002c34                GPIOF_IRQHandler
                0x00002c34                I2C2_IRQHandler
                0x00002c34                GPIOQ1_IRQHandler
                0x00002c34                ADC1SS0_IRQHandler
                0x00002c34                GPIOP7_IRQHandler
                0x00002c34                TIMER0B_IRQHandler
                0x00002c34                TIMER3B_IRQHandler
                0x00002c34                UART5_IRQHandler
                0x00002c34                GPIOD_IRQHandler
                0x00002c34                TIMER0A_IRQHandler
                0x00002c34                COMP0_IRQHandler
                0x00002c34                PWM0_2_IRQHandler
                0x00002c34                GPIOC_IRQHandler
                0x00002c34                SHA0_IRQHandler
                0x00002c34                UDMA_IRQHandler
                0x00002c34                UART2_IRQHandler
                0x00002c34                UART4_IRQHandler
                0x00002c34                GPIOP4_IRQHandler
                0x00002c34                I2C6_IRQHandler
                0x00002c34                Default_Handler
                0x00002c34                COMP2_IRQHandler
                0x00002c34                I2C9_IRQHandler
                0x00002c34                ADC0SS3_IRQHandler
                0x00002c34                QEI0_IRQHandler
                0x00002c34                GPIOG_IRQHandler
                0x00002c34                GPIOH_IRQHandler
                0x00002c34                ADC1SS2_IRQHandler
                0x00002c34                TIMER5A_IRQHandler
                0x00002c34                USB0_IRQHandler
                0x00002c34                I2C3_IRQHandler
                0x00002c34                GPIOQ3_IRQHandler
                0x00002c34                MemManage_Handler
                0x00002c34                ADC0SS2_IRQHandler
                0x00002c34                SYSEXC_IRQHandler
                0x00002c34                UDMAERR_IRQHandler
                0x00002c34                GPIOQ5_IRQHandler
                0x00002c34                ADC1SS1_IRQHandler
                0x00002c34                GPIOJ_IRQHandler
                0x00002c34                ADC0SS0_IRQHandler
                0x00002c34                ADC0SS1_IRQHandler
                0x00002c34                CAN0_IRQHandler
                0x00002c34                TIMER6B_IRQHandler
                0x00002c34                TIMER5B_IRQHandler
                0x00002c34                GPIOQ6_IRQHandler
                0x00002c34                GPIOP6_IRQHandler
                0x00002c34                GPIOP0_IRQHandler
                0x00002c34                PWM0_3_IRQHandler
                0x00002c34                SYSCTL_IRQHandler
                0x00002c34                PWM0_1_IRQHandler
                0x00002c34                SSI2_IRQHandler
                0x00002c34                UART7_IRQHandler
                0x00002c34                HIBERNATE_IRQHandler
                0x00002c34                UART6_IRQHandler
                0x00002c34                PWM0_FAULT_IRQHandler
                0x00002c34                TAMPER0_IRQHandler
                0x00002c34                TIMER7B_IRQHandler
                0x00002c34                TIMER7A_IRQHandler
                0x00002c34                TIMER1A_IRQHandler
                0x00002c34                FLASH_IRQHandler
                0x00002c34                GPION_IRQHandler
                0x00002c34                BusFault_Handler
                0x00002c34                SSI3_IRQHandler
                0x00002c34                UART3_IRQHandler
                0x00002c34                I2C8_IRQHandler
                0x00002c34                COMP1_IRQHandler
                0x00002c34                TIMER1B_IRQHandler
                0x00002c34                GPIOP1_IRQHandler
                0x00002c34                ADC1SS3_IRQHandler
 *fill*         0x00002c42        0x2 
 .text.InitDMADescriptors
                0x00002c44      0x200 ./lwip/ports/msp432e4/netif/msp432e4if.o
                0x00002c44                InitDMADescriptors
 .text.msp432e4if_hwinit
                0x00002e44       0xe4 ./lwip/ports/msp432e4/netif/msp432e4if.o
 .text.msp432e4if_check_pbuf
                0x00002f28       0x7c ./lwip/ports/msp432e4/netif/msp432e4if.o
 .text.msp432e4if_transmit
                0x00002fa4      0x1d8 ./lwip/ports/msp432e4/netif/msp432e4if.o
 .text.msp432e4if_process_transmit
                0x0000317c       0xcc ./lwip/ports/msp432e4/netif/msp432e4if.o
 .text.msp432e4if_receive
                0x00003248      0x30c ./lwip/ports/msp432e4/netif/msp432e4if.o
 .text.msp432e4if_init
                0x00003554       0x50 ./lwip/ports/msp432e4/netif/msp432e4if.o
                0x00003554                msp432e4if_init
 .text.msp432e4if_process_phy_interrupt
                0x000035a4       0xb4 ./lwip/ports/msp432e4/netif/msp432e4if.o
                0x000035a4                msp432e4if_process_phy_interrupt
 .text.msp432e4if_interrupt
                0x00003658       0x74 ./lwip/ports/msp432e4/netif/msp432e4if.o
                0x00003658                msp432e4if_interrupt
 .text.sys_now  0x000036cc       0x18 ./lwip/ports/msp432e4/sys_arch.o
                0x000036cc                sys_now
 .text.sys_arch_protect
                0x000036e4       0x18 ./lwip/ports/msp432e4/sys_arch.o
                0x000036e4                sys_arch_protect
 .text.sys_arch_unprotect
                0x000036fc       0x2c ./lwip/ports/msp432e4/sys_arch.o
                0x000036fc                sys_arch_unprotect
 .text.LocatorReceive
                0x00003728       0xdc ./lwip/ports/msp432e4/utils/locator.o
 .text.LocatorInit
                0x00003804       0x88 ./lwip/ports/msp432e4/utils/locator.o
                0x00003804                LocatorInit
 .text.LocatorMACAddrSet
                0x0000388c       0x48 ./lwip/ports/msp432e4/utils/locator.o
                0x0000388c                LocatorMACAddrSet
 .text.LocatorAppTitleSet
                0x000038d4       0x5c ./lwip/ports/msp432e4/utils/locator.o
                0x000038d4                LocatorAppTitleSet
 .text.lwIPLinkDetect
                0x00003930       0xb0 ./lwip/ports/msp432e4/utils/lwiplib.o
 .text.lwIPServiceTimers
                0x000039e0      0x108 ./lwip/ports/msp432e4/utils/lwiplib.o
 .text.lwIPPrivateInit
                0x00003ae8       0xe8 ./lwip/ports/msp432e4/utils/lwiplib.o
 .text.lwIPInit
                0x00003bd0      0x108 ./lwip/ports/msp432e4/utils/lwiplib.o
                0x00003bd0                lwIPInit
 .text.lwIPTimer
                0x00003cd8       0x38 ./lwip/ports/msp432e4/utils/lwiplib.o
                0x00003cd8                lwIPTimer
 .text.EMAC0_IRQHandler
                0x00003d10       0xa4 ./lwip/ports/msp432e4/utils/lwiplib.o
                0x00003d10                EMAC0_IRQHandler
 .text.lwIPLocalIPAddrGet
                0x00003db4       0x28 ./lwip/ports/msp432e4/utils/lwiplib.o
                0x00003db4                lwIPLocalIPAddrGet
 .text.http_ssi_state_alloc
                0x00003ddc       0x28 ./lwip/src/apps/httpd/httpd.o
 .text.http_ssi_state_free
                0x00003e04       0x1c ./lwip/src/apps/httpd/httpd.o
 .text.http_state_init
                0x00003e20       0x22 ./lwip/src/apps/httpd/httpd.o
 .text.http_state_alloc
                0x00003e42       0x24 ./lwip/src/apps/httpd/httpd.o
 .text.http_state_eof
                0x00003e66       0x58 ./lwip/src/apps/httpd/httpd.o
 .text.http_state_free
                0x00003ebe       0x22 ./lwip/src/apps/httpd/httpd.o
 .text.http_write
                0x00003ee0       0xb2 ./lwip/src/apps/httpd/httpd.o
 *fill*         0x00003f92        0x2 
 .text.http_close_or_abort_conn
                0x00003f94       0x80 ./lwip/src/apps/httpd/httpd.o
 .text.http_close_conn
                0x00004014       0x1e ./lwip/src/apps/httpd/httpd.o
 .text.http_eof
                0x00004032       0x1a ./lwip/src/apps/httpd/httpd.o
 .text.extract_uri_parameters
                0x0000404c       0xbc ./lwip/src/apps/httpd/httpd.o
 .text.get_tag_insert
                0x00004108      0x12c ./lwip/src/apps/httpd/httpd.o
 .text.get_http_headers
                0x00004234      0x224 ./lwip/src/apps/httpd/httpd.o
 .text.http_send_headers
                0x00004458      0x190 ./lwip/src/apps/httpd/httpd.o
 .text.http_check_eof
                0x000045e8       0x46 ./lwip/src/apps/httpd/httpd.o
 .text.http_send_data_nonssi
                0x0000462e       0x76 ./lwip/src/apps/httpd/httpd.o
 .text.http_send_data_ssi
                0x000046a4      0x53c ./lwip/src/apps/httpd/httpd.o
 .text.http_send
                0x00004be0       0xac ./lwip/src/apps/httpd/httpd.o
 .text.http_get_404_file
                0x00004c8c       0x8c ./lwip/src/apps/httpd/httpd.o
 .text.http_parse_request
                0x00004d18      0x198 ./lwip/src/apps/httpd/httpd.o
 .text.http_find_file
                0x00004eb0      0x2b0 ./lwip/src/apps/httpd/httpd.o
 .text.http_init_file
                0x00005160      0x110 ./lwip/src/apps/httpd/httpd.o
 .text.http_err
                0x00005270       0x24 ./lwip/src/apps/httpd/httpd.o
 .text.http_sent
                0x00005294       0x36 ./lwip/src/apps/httpd/httpd.o
 .text.http_poll
                0x000052ca       0x76 ./lwip/src/apps/httpd/httpd.o
 .text.http_recv
                0x00005340       0xca ./lwip/src/apps/httpd/httpd.o
 *fill*         0x0000540a        0x2 
 .text.http_accept
                0x0000540c       0x88 ./lwip/src/apps/httpd/httpd.o
 .text.httpd_init
                0x00005494       0x48 ./lwip/src/apps/httpd/httpd.o
                0x00005494                httpd_init
 .text.lwip_htons
                0x000054dc       0x1c ./lwip/src/core/def.o
                0x000054dc                lwip_htons
 .text.lwip_htonl
                0x000054f8       0x32 ./lwip/src/core/def.o
                0x000054f8                lwip_htonl
 .text.lwip_strnstr
                0x0000552a       0x6c ./lwip/src/core/def.o
                0x0000552a                lwip_strnstr
 .text.lwip_stricmp
                0x00005596       0x68 ./lwip/src/core/def.o
                0x00005596                lwip_stricmp
 *fill*         0x000055fe        0x2 
 .text.lwip_itoa
                0x00005600       0x9c ./lwip/src/core/def.o
                0x00005600                lwip_itoa
 .text.dns_init
                0x0000569c        0xe ./lwip/src/core/dns.o
                0x0000569c                dns_init
 *fill*         0x000056aa        0x2 
 .text.dns_setserver
                0x000056ac       0x48 ./lwip/src/core/dns.o
                0x000056ac                dns_setserver
 .text.dns_tmr  0x000056f4        0xc ./lwip/src/core/dns.o
                0x000056f4                dns_tmr
 .text.dns_send
                0x00005700      0x19c ./lwip/src/core/dns.o
 .text.dns_call_found
                0x0000589c      0x180 ./lwip/src/core/dns.o
 .text.dns_create_txid
                0x00005a1c       0x60 ./lwip/src/core/dns.o
 .text.dns_check_entry
                0x00005a7c      0x128 ./lwip/src/core/dns.o
 .text.dns_check_entries
                0x00005ba4       0x2a ./lwip/src/core/dns.o
 .text.lwip_standard_chksum
                0x00005bce       0xba ./lwip/src/core/inet_chksum.o
                0x00005bce                lwip_standard_chksum
 .text.inet_chksum_pbuf
                0x00005c88       0x94 ./lwip/src/core/inet_chksum.o
                0x00005c88                inet_chksum_pbuf
 .text.lwip_init
                0x00005d1c       0x32 ./lwip/src/core/init.o
                0x00005d1c                lwip_init
 *fill*         0x00005d4e        0x2 
 .text.plug_holes
                0x00005d50       0xc0 ./lwip/src/core/mem.o
 .text.mem_init
                0x00005e10       0x88 ./lwip/src/core/mem.o
                0x00005e10                mem_init
 .text.mem_free
                0x00005e98       0xac ./lwip/src/core/mem.o
                0x00005e98                mem_free
 .text.mem_trim
                0x00005f44      0x1cc ./lwip/src/core/mem.o
                0x00005f44                mem_trim
 .text.mem_malloc
                0x00006110      0x1d8 ./lwip/src/core/mem.o
                0x00006110                mem_malloc
 .text.memp_init_pool
                0x000062e8       0x68 ./lwip/src/core/memp.o
                0x000062e8                memp_init_pool
 .text.memp_init
                0x00006350       0x50 ./lwip/src/core/memp.o
                0x00006350                memp_init
 .text.do_memp_malloc_pool
                0x000063a0       0x7a ./lwip/src/core/memp.o
 *fill*         0x0000641a        0x2 
 .text.memp_malloc
                0x0000641c       0x34 ./lwip/src/core/memp.o
                0x0000641c                memp_malloc
 .text.do_memp_free_pool
                0x00006450       0x44 ./lwip/src/core/memp.o
 .text.memp_free
                0x00006494       0x3c ./lwip/src/core/memp.o
                0x00006494                memp_free
 .text.netif_init
                0x000064d0        0xe ./lwip/src/core/netif.o
                0x000064d0                netif_init
 *fill*         0x000064de        0x2 
 .text.netif_add
                0x000064e0       0x98 ./lwip/src/core/netif.o
                0x000064e0                netif_add
 .text.netif_set_addr
                0x00006578       0x58 ./lwip/src/core/netif.o
                0x00006578                netif_set_addr
 .text.netif_set_ipaddr
                0x000065d0       0x70 ./lwip/src/core/netif.o
                0x000065d0                netif_set_ipaddr
 .text.netif_set_gw
                0x00006640       0x28 ./lwip/src/core/netif.o
                0x00006640                netif_set_gw
 .text.netif_set_netmask
                0x00006668       0x28 ./lwip/src/core/netif.o
                0x00006668                netif_set_netmask
 .text.netif_set_default
                0x00006690       0x20 ./lwip/src/core/netif.o
                0x00006690                netif_set_default
 .text.netif_set_up
                0x000066b0       0x46 ./lwip/src/core/netif.o
                0x000066b0                netif_set_up
 .text.netif_issue_reports
                0x000066f6       0x42 ./lwip/src/core/netif.o
 .text.netif_set_link_up
                0x00006738       0x52 ./lwip/src/core/netif.o
                0x00006738                netif_set_link_up
 .text.netif_set_link_down
                0x0000678a       0x34 ./lwip/src/core/netif.o
                0x0000678a                netif_set_link_down
 *fill*         0x000067be        0x2 
 .text.pbuf_pool_is_empty
                0x000067c0       0x28 ./lwip/src/core/pbuf.o
 .text.pbuf_alloc
                0x000067e8      0x21c ./lwip/src/core/pbuf.o
                0x000067e8                pbuf_alloc
 .text.pbuf_realloc
                0x00006a04       0xc6 ./lwip/src/core/pbuf.o
                0x00006a04                pbuf_realloc
 .text.pbuf_header_impl
                0x00006aca      0x104 ./lwip/src/core/pbuf.o
 .text.pbuf_header
                0x00006bce       0x24 ./lwip/src/core/pbuf.o
                0x00006bce                pbuf_header
 .text.pbuf_header_force
                0x00006bf2       0x24 ./lwip/src/core/pbuf.o
                0x00006bf2                pbuf_header_force
 .text.pbuf_free
                0x00006c16       0xae ./lwip/src/core/pbuf.o
                0x00006c16                pbuf_free
 .text.pbuf_clen
                0x00006cc4       0x2e ./lwip/src/core/pbuf.o
                0x00006cc4                pbuf_clen
 .text.pbuf_ref
                0x00006cf2       0x32 ./lwip/src/core/pbuf.o
                0x00006cf2                pbuf_ref
 .text.pbuf_cat
                0x00006d24       0x5e ./lwip/src/core/pbuf.o
                0x00006d24                pbuf_cat
 .text.pbuf_chain
                0x00006d82       0x20 ./lwip/src/core/pbuf.o
                0x00006d82                pbuf_chain
 .text.pbuf_copy
                0x00006da2      0x110 ./lwip/src/core/pbuf.o
                0x00006da2                pbuf_copy
 .text.pbuf_copy_partial
                0x00006eb2       0xc8 ./lwip/src/core/pbuf.o
                0x00006eb2                pbuf_copy_partial
 .text.pbuf_skip_const
                0x00006f7a       0x52 ./lwip/src/core/pbuf.o
 .text.pbuf_skip
                0x00006fcc       0x26 ./lwip/src/core/pbuf.o
                0x00006fcc                pbuf_skip
 .text.pbuf_take
                0x00006ff2       0xac ./lwip/src/core/pbuf.o
                0x00006ff2                pbuf_take
 .text.pbuf_take_at
                0x0000709e       0xa4 ./lwip/src/core/pbuf.o
                0x0000709e                pbuf_take_at
 .text.pbuf_put_at
                0x00007142       0x44 ./lwip/src/core/pbuf.o
                0x00007142                pbuf_put_at
 .text.stats_init
                0x00007186        0xe ./lwip/src/core/stats.o
                0x00007186                stats_init
 .text.tcp_init
                0x00007194        0xe ./lwip/src/core/tcp.o
                0x00007194                tcp_init
 *fill*         0x000071a2        0x2 
 .text.tcp_tmr  0x000071a4       0x2c ./lwip/src/core/tcp.o
                0x000071a4                tcp_tmr
 .text.tcp_remove_listener
                0x000071d0       0x3a ./lwip/src/core/tcp.o
 *fill*         0x0000720a        0x2 
 .text.tcp_listen_closed
                0x0000720c       0x3c ./lwip/src/core/tcp.o
 .text.tcp_close_shutdown
                0x00007248      0x1ac ./lwip/src/core/tcp.o
 .text.tcp_close_shutdown_fin
                0x000073f4       0xae ./lwip/src/core/tcp.o
 .text.tcp_close
                0x000074a2       0x30 ./lwip/src/core/tcp.o
                0x000074a2                tcp_close
 *fill*         0x000074d2        0x2 
 .text.tcp_abandon
                0x000074d4      0x140 ./lwip/src/core/tcp.o
                0x000074d4                tcp_abandon
 .text.tcp_abort
                0x00007614       0x18 ./lwip/src/core/tcp.o
                0x00007614                tcp_abort
 .text.tcp_bind
                0x0000762c      0x10c ./lwip/src/core/tcp.o
                0x0000762c                tcp_bind
 .text.tcp_accept_null
                0x00007738       0x20 ./lwip/src/core/tcp.o
 .text.tcp_listen_with_backlog
                0x00007758       0x22 ./lwip/src/core/tcp.o
                0x00007758                tcp_listen_with_backlog
 *fill*         0x0000777a        0x2 
 .text.tcp_listen_with_backlog_and_err
                0x0000777c      0x118 ./lwip/src/core/tcp.o
                0x0000777c                tcp_listen_with_backlog_and_err
 .text.tcp_update_rcv_ann_wnd
                0x00007894       0x7c ./lwip/src/core/tcp.o
                0x00007894                tcp_update_rcv_ann_wnd
 .text.tcp_recved
                0x00007910       0x7c ./lwip/src/core/tcp.o
                0x00007910                tcp_recved
 .text.tcp_new_port
                0x0000798c       0x88 ./lwip/src/core/tcp.o
 .text.tcp_slowtmr
                0x00007a14      0x490 ./lwip/src/core/tcp.o
                0x00007a14                tcp_slowtmr
 .text.tcp_fasttmr
                0x00007ea4       0xc8 ./lwip/src/core/tcp.o
                0x00007ea4                tcp_fasttmr
 .text.tcp_process_refused_data
                0x00007f6c       0xd2 ./lwip/src/core/tcp.o
                0x00007f6c                tcp_process_refused_data
 .text.tcp_segs_free
                0x0000803e       0x2a ./lwip/src/core/tcp.o
                0x0000803e                tcp_segs_free
 .text.tcp_seg_free
                0x00008068       0x30 ./lwip/src/core/tcp.o
                0x00008068                tcp_seg_free
 .text.tcp_setprio
                0x00008098       0x1e ./lwip/src/core/tcp.o
                0x00008098                tcp_setprio
 .text.tcp_seg_copy
                0x000080b6       0x38 ./lwip/src/core/tcp.o
                0x000080b6                tcp_seg_copy
 .text.tcp_recv_null
                0x000080ee       0x44 ./lwip/src/core/tcp.o
                0x000080ee                tcp_recv_null
 *fill*         0x00008132        0x2 
 .text.tcp_kill_prio
                0x00008134       0x84 ./lwip/src/core/tcp.o
 .text.tcp_kill_state
                0x000081b8       0x70 ./lwip/src/core/tcp.o
 .text.tcp_kill_timewait
                0x00008228       0x60 ./lwip/src/core/tcp.o
 .text.tcp_alloc
                0x00008288      0x158 ./lwip/src/core/tcp.o
                0x00008288                tcp_alloc
 .text.tcp_new_ip_type
                0x000083e0       0x1c ./lwip/src/core/tcp.o
                0x000083e0                tcp_new_ip_type
 .text.tcp_arg  0x000083fc       0x22 ./lwip/src/core/tcp.o
                0x000083fc                tcp_arg
 .text.tcp_recv
                0x0000841e       0x24 ./lwip/src/core/tcp.o
                0x0000841e                tcp_recv
 .text.tcp_sent
                0x00008442       0x22 ./lwip/src/core/tcp.o
                0x00008442                tcp_sent
 .text.tcp_err  0x00008464       0x24 ./lwip/src/core/tcp.o
                0x00008464                tcp_err
 .text.tcp_accept
                0x00008488       0x2e ./lwip/src/core/tcp.o
                0x00008488                tcp_accept
 .text.tcp_poll
                0x000084b6       0x28 ./lwip/src/core/tcp.o
                0x000084b6                tcp_poll
 .text.tcp_pcb_purge
                0x000084de       0x82 ./lwip/src/core/tcp.o
                0x000084de                tcp_pcb_purge
 .text.tcp_pcb_remove
                0x00008560       0x9e ./lwip/src/core/tcp.o
                0x00008560                tcp_pcb_remove
 *fill*         0x000085fe        0x2 
 .text.tcp_next_iss
                0x00008600       0x30 ./lwip/src/core/tcp.o
                0x00008600                tcp_next_iss
 .text.tcp_eff_send_mss_impl
                0x00008630       0x48 ./lwip/src/core/tcp.o
                0x00008630                tcp_eff_send_mss_impl
 .text.tcp_netif_ip_addr_changed_pcblist
                0x00008678       0x52 ./lwip/src/core/tcp.o
 *fill*         0x000086ca        0x2 
 .text.tcp_netif_ip_addr_changed
                0x000086cc       0x80 ./lwip/src/core/tcp.o
                0x000086cc                tcp_netif_ip_addr_changed
 .text.tcp_input
                0x0000874c      0x744 ./lwip/src/core/tcp_in.o
                0x0000874c                tcp_input
 .text.tcp_listen_input
                0x00008e90      0x1d4 ./lwip/src/core/tcp_in.o
 .text.tcp_timewait_input
                0x00009064       0xd0 ./lwip/src/core/tcp_in.o
 .text.tcp_process
                0x00009134      0x6f8 ./lwip/src/core/tcp_in.o
 .text.tcp_oos_insert_segment
                0x0000982c       0xec ./lwip/src/core/tcp_in.o
 .text.tcp_receive
                0x00009918      0xdd4 ./lwip/src/core/tcp_in.o
 .text.tcp_getoptbyte
                0x0000a6ec       0x78 ./lwip/src/core/tcp_in.o
 .text.tcp_parseopt
                0x0000a764       0xcc ./lwip/src/core/tcp_in.o
 .text.tcp_trigger_input_pcb_close
                0x0000a830       0x20 ./lwip/src/core/tcp_in.o
                0x0000a830                tcp_trigger_input_pcb_close
 .text.tcp_output_alloc_header
                0x0000a850       0xd0 ./lwip/src/core/tcp_out.o
 .text.tcp_send_fin
                0x0000a920       0x7e ./lwip/src/core/tcp_out.o
                0x0000a920                tcp_send_fin
 *fill*         0x0000a99e        0x2 
 .text.tcp_create_segment
                0x0000a9a0      0x100 ./lwip/src/core/tcp_out.o
 .text.tcp_pbuf_prealloc
                0x0000aaa0       0xa2 ./lwip/src/core/tcp_out.o
 *fill*         0x0000ab42        0x2 
 .text.tcp_write_checks
                0x0000ab44       0xc4 ./lwip/src/core/tcp_out.o
 .text.tcp_write
                0x0000ac08      0x54c ./lwip/src/core/tcp_out.o
                0x0000ac08                tcp_write
 .text.tcp_enqueue_flags
                0x0000b154      0x194 ./lwip/src/core/tcp_out.o
                0x0000b154                tcp_enqueue_flags
 .text.tcp_send_empty_ack
                0x0000b2e8       0xb8 ./lwip/src/core/tcp_out.o
                0x0000b2e8                tcp_send_empty_ack
 .text.tcp_output
                0x0000b3a0      0x390 ./lwip/src/core/tcp_out.o
                0x0000b3a0                tcp_output
 .text.tcp_output_segment
                0x0000b730      0x150 ./lwip/src/core/tcp_out.o
 .text.tcp_rst  0x0000b880       0xdc ./lwip/src/core/tcp_out.o
                0x0000b880                tcp_rst
 .text.tcp_rexmit_rto
                0x0000b95c       0x6c ./lwip/src/core/tcp_out.o
                0x0000b95c                tcp_rexmit_rto
 .text.tcp_rexmit
                0x0000b9c8       0xa0 ./lwip/src/core/tcp_out.o
                0x0000b9c8                tcp_rexmit
 .text.tcp_rexmit_fast
                0x0000ba68       0x9c ./lwip/src/core/tcp_out.o
                0x0000ba68                tcp_rexmit_fast
 .text.tcp_keepalive
                0x0000bb04       0x90 ./lwip/src/core/tcp_out.o
                0x0000bb04                tcp_keepalive
 .text.tcp_zero_window_probe
                0x0000bb94      0x14c ./lwip/src/core/tcp_out.o
                0x0000bb94                tcp_zero_window_probe
 .text.tcpip_tcp_timer
                0x0000bce0       0x48 ./lwip/src/core/timeouts.o
 .text.tcp_timer_needed
                0x0000bd28       0x40 ./lwip/src/core/timeouts.o
                0x0000bd28                tcp_timer_needed
 .text.cyclic_timer
                0x0000bd68       0x2c ./lwip/src/core/timeouts.o
 .text.sys_timeouts_init
                0x0000bd94       0x50 ./lwip/src/core/timeouts.o
                0x0000bd94                sys_timeouts_init
 .text.sys_timeout
                0x0000bde4      0x124 ./lwip/src/core/timeouts.o
                0x0000bde4                sys_timeout
 .text.udp_init
                0x0000bf08        0xe ./lwip/src/core/udp.o
                0x0000bf08                udp_init
 *fill*         0x0000bf16        0x2 
 .text.udp_new_port
                0x0000bf18       0x70 ./lwip/src/core/udp.o
 .text.udp_input_local_match
                0x0000bf88       0x78 ./lwip/src/core/udp.o
 .text.udp_input
                0x0000c000      0x224 ./lwip/src/core/udp.o
                0x0000c000                udp_input
 .text.udp_sendto
                0x0000c224       0x68 ./lwip/src/core/udp.o
                0x0000c224                udp_sendto
 .text.udp_sendto_if
                0x0000c28c       0x7a ./lwip/src/core/udp.o
                0x0000c28c                udp_sendto_if
 *fill*         0x0000c306        0x2 
 .text.udp_sendto_if_src
                0x0000c308      0x124 ./lwip/src/core/udp.o
                0x0000c308                udp_sendto_if_src
 .text.udp_bind
                0x0000c42c       0xe0 ./lwip/src/core/udp.o
                0x0000c42c                udp_bind
 .text.udp_connect
                0x0000c50c       0xac ./lwip/src/core/udp.o
                0x0000c50c                udp_connect
 .text.udp_recv
                0x0000c5b8       0x24 ./lwip/src/core/udp.o
                0x0000c5b8                udp_recv
 .text.udp_remove
                0x0000c5dc       0x64 ./lwip/src/core/udp.o
                0x0000c5dc                udp_remove
 .text.udp_new  0x0000c640       0x2e ./lwip/src/core/udp.o
                0x0000c640                udp_new
 *fill*         0x0000c66e        0x2 
 .text.udp_netif_ip_addr_changed
                0x0000c670       0x60 ./lwip/src/core/udp.o
                0x0000c670                udp_netif_ip_addr_changed
 .text.autoip_restart
                0x0000c6d0       0x28 ./lwip/src/core/ipv4/autoip.o
 .text.autoip_handle_arp_conflict
                0x0000c6f8       0x32 ./lwip/src/core/ipv4/autoip.o
 *fill*         0x0000c72a        0x2 
 .text.autoip_create_addr
                0x0000c72c       0x90 ./lwip/src/core/ipv4/autoip.o
 .text.autoip_arp_probe
                0x0000c7bc       0x22 ./lwip/src/core/ipv4/autoip.o
 .text.autoip_arp_announce
                0x0000c7de       0x1e ./lwip/src/core/ipv4/autoip.o
 .text.autoip_bind
                0x0000c7fc       0x32 ./lwip/src/core/ipv4/autoip.o
 *fill*         0x0000c82e        0x2 
 .text.autoip_start
                0x0000c830       0x9c ./lwip/src/core/ipv4/autoip.o
                0x0000c830                autoip_start
 .text.autoip_start_probing
                0x0000c8cc       0x8c ./lwip/src/core/ipv4/autoip.o
 .text.autoip_network_changed
                0x0000c958       0x2a ./lwip/src/core/ipv4/autoip.o
                0x0000c958                autoip_network_changed
 *fill*         0x0000c982        0x2 
 .text.autoip_stop
                0x0000c984       0x44 ./lwip/src/core/ipv4/autoip.o
                0x0000c984                autoip_stop
 .text.autoip_tmr
                0x0000c9c8      0x15c ./lwip/src/core/ipv4/autoip.o
                0x0000c9c8                autoip_tmr
 .text.autoip_arp_reply
                0x0000cb24       0xb2 ./lwip/src/core/ipv4/autoip.o
                0x0000cb24                autoip_arp_reply
 .text.autoip_accept_packet
                0x0000cbd6       0x36 ./lwip/src/core/ipv4/autoip.o
                0x0000cbd6                autoip_accept_packet
 .text.dhcp_inc_pcb_refcount
                0x0000cc0c       0x84 ./lwip/src/core/ipv4/dhcp.o
 .text.dhcp_dec_pcb_refcount
                0x0000cc90       0x34 ./lwip/src/core/ipv4/dhcp.o
 .text.dhcp_handle_nak
                0x0000ccc4       0x34 ./lwip/src/core/ipv4/dhcp.o
 .text.dhcp_check
                0x0000ccf8       0x68 ./lwip/src/core/ipv4/dhcp.o
 .text.dhcp_handle_offer
                0x0000cd60       0x48 ./lwip/src/core/ipv4/dhcp.o
 .text.dhcp_select
                0x0000cda8      0x14c ./lwip/src/core/ipv4/dhcp.o
 .text.dhcp_coarse_tmr
                0x0000cef4       0xa8 ./lwip/src/core/ipv4/dhcp.o
                0x0000cef4                dhcp_coarse_tmr
 .text.dhcp_fine_tmr
                0x0000cf9c       0x64 ./lwip/src/core/ipv4/dhcp.o
                0x0000cf9c                dhcp_fine_tmr
 .text.dhcp_timeout
                0x0000d000       0x92 ./lwip/src/core/ipv4/dhcp.o
 .text.dhcp_t1_timeout
                0x0000d092       0x5c ./lwip/src/core/ipv4/dhcp.o
 .text.dhcp_t2_timeout
                0x0000d0ee       0x64 ./lwip/src/core/ipv4/dhcp.o
 *fill*         0x0000d152        0x2 
 .text.dhcp_handle_ack
                0x0000d154      0x100 ./lwip/src/core/ipv4/dhcp.o
 .text.dhcp_start
                0x0000d254       0xb6 ./lwip/src/core/ipv4/dhcp.o
                0x0000d254                dhcp_start
 .text.dhcp_network_changed
                0x0000d30a       0x6a ./lwip/src/core/ipv4/dhcp.o
                0x0000d30a                dhcp_network_changed
 .text.dhcp_arp_reply
                0x0000d374       0x40 ./lwip/src/core/ipv4/dhcp.o
                0x0000d374                dhcp_arp_reply
 .text.dhcp_decline
                0x0000d3b4       0xd4 ./lwip/src/core/ipv4/dhcp.o
 .text.dhcp_discover
                0x0000d488      0x134 ./lwip/src/core/ipv4/dhcp.o
 .text.dhcp_bind
                0x0000d5bc      0x1a4 ./lwip/src/core/ipv4/dhcp.o
 .text.dhcp_renew
                0x0000d760      0x10c ./lwip/src/core/ipv4/dhcp.o
                0x0000d760                dhcp_renew
 .text.dhcp_rebind
                0x0000d86c      0x10c ./lwip/src/core/ipv4/dhcp.o
 .text.dhcp_reboot
                0x0000d978      0x128 ./lwip/src/core/ipv4/dhcp.o
 .text.dhcp_release
                0x0000daa0      0x110 ./lwip/src/core/ipv4/dhcp.o
                0x0000daa0                dhcp_release
 .text.dhcp_stop
                0x0000dbb0       0x52 ./lwip/src/core/ipv4/dhcp.o
                0x0000dbb0                dhcp_stop
 .text.dhcp_set_state
                0x0000dc02       0x34 ./lwip/src/core/ipv4/dhcp.o
 .text.dhcp_option
                0x0000dc36       0x4c ./lwip/src/core/ipv4/dhcp.o
 .text.dhcp_option_byte
                0x0000dc82       0x30 ./lwip/src/core/ipv4/dhcp.o
 .text.dhcp_option_short
                0x0000dcb2       0x52 ./lwip/src/core/ipv4/dhcp.o
 .text.dhcp_option_long
                0x0000dd04       0x8a ./lwip/src/core/ipv4/dhcp.o
 *fill*         0x0000dd8e        0x2 
 .text.dhcp_parse_reply
                0x0000dd90      0x45c ./lwip/src/core/ipv4/dhcp.o
 .text.dhcp_recv
                0x0000e1ec      0x1a8 ./lwip/src/core/ipv4/dhcp.o
 .text.dhcp_create_msg
                0x0000e394      0x23c ./lwip/src/core/ipv4/dhcp.o
 .text.dhcp_delete_msg
                0x0000e5d0       0x36 ./lwip/src/core/ipv4/dhcp.o
 .text.dhcp_option_trailer
                0x0000e606       0x6a ./lwip/src/core/ipv4/dhcp.o
 .text.dhcp_supplied_address
                0x0000e670       0x44 ./lwip/src/core/ipv4/dhcp.o
                0x0000e670                dhcp_supplied_address
 .text.etharp_free_entry
                0x0000e6b4       0x64 ./lwip/src/core/ipv4/etharp.o
 .text.etharp_tmr
                0x0000e718      0x150 ./lwip/src/core/ipv4/etharp.o
                0x0000e718                etharp_tmr
 .text.etharp_find_entry
                0x0000e868      0x208 ./lwip/src/core/ipv4/etharp.o
 .text.etharp_update_arp_entry
                0x0000ea70      0x128 ./lwip/src/core/ipv4/etharp.o
 .text.etharp_input
                0x0000eb98      0x144 ./lwip/src/core/ipv4/etharp.o
                0x0000eb98                etharp_input
 .text.etharp_output_to_arp_index
                0x0000ecdc      0x10c ./lwip/src/core/ipv4/etharp.o
 .text.etharp_output
                0x0000ede8      0x1b0 ./lwip/src/core/ipv4/etharp.o
                0x0000ede8                etharp_output
 .text.etharp_query
                0x0000ef98      0x258 ./lwip/src/core/ipv4/etharp.o
                0x0000ef98                etharp_query
 .text.etharp_raw
                0x0000f1f0      0x104 ./lwip/src/core/ipv4/etharp.o
 .text.etharp_request_dst
                0x0000f2f4       0x44 ./lwip/src/core/ipv4/etharp.o
 .text.etharp_request
                0x0000f338       0x24 ./lwip/src/core/ipv4/etharp.o
                0x0000f338                etharp_request
 .text.icmp_input
                0x0000f35c      0x270 ./lwip/src/core/ipv4/icmp.o
                0x0000f35c                icmp_input
 .text.icmp_dest_unreach
                0x0000f5cc       0x20 ./lwip/src/core/ipv4/icmp.o
                0x0000f5cc                icmp_dest_unreach
 .text.icmp_send_response
                0x0000f5ec       0xc4 ./lwip/src/core/ipv4/icmp.o
 .text.ip4_route
                0x0000f6b0       0xe4 ./lwip/src/core/ipv4/ip4.o
                0x0000f6b0                ip4_route
 .text.ip4_input
                0x0000f794      0x364 ./lwip/src/core/ipv4/ip4.o
                0x0000f794                ip4_input
 .text.ip4_output_if
                0x0000faf8       0x54 ./lwip/src/core/ipv4/ip4.o
                0x0000faf8                ip4_output_if
 .text.ip4_output_if_src
                0x0000fb4c      0x110 ./lwip/src/core/ipv4/ip4.o
                0x0000fb4c                ip4_output_if_src
 .text.ip4_addr_isbroadcast_u32
                0x0000fc5c       0x82 ./lwip/src/core/ipv4/ip4_addr.o
                0x0000fc5c                ip4_addr_isbroadcast_u32
 *fill*         0x0000fcde        0x2 
 .text.ethernet_input
                0x0000fce0      0x178 ./lwip/src/netif/ethernet.o
                0x0000fce0                ethernet_input
 .text.ethernet_output
                0x0000fe58       0x7c ./lwip/src/netif/ethernet.o
                0x0000fe58                ethernet_output
 .text.EMACReset
                0x0000fed4       0x3a C:/ti/simplelink_msp432e4_sdk_4_20_00_12/source\ti/devices/msp432e4/driverlib/lib/gcc/m4f/msp432e4_driverlib.a(emac.o)
                0x0000fed4                EMACReset
 *fill*         0x0000ff0e        0x2 
 .text.EMACPHYConfigSet
                0x0000ff10       0x8c C:/ti/simplelink_msp432e4_sdk_4_20_00_12/source\ti/devices/msp432e4/driverlib/lib/gcc/m4f/msp432e4_driverlib.a(emac.o)
                0x0000ff10                EMACPHYConfigSet
 .text.EMACConfigSet
                0x0000ff9c       0x64 C:/ti/simplelink_msp432e4_sdk_4_20_00_12/source\ti/devices/msp432e4/driverlib/lib/gcc/m4f/msp432e4_driverlib.a(emac.o)
                0x0000ff9c                EMACConfigSet
 .text.EMACConfigGet
                0x00010000       0x74 C:/ti/simplelink_msp432e4_sdk_4_20_00_12/source\ti/devices/msp432e4/driverlib/lib/gcc/m4f/msp432e4_driverlib.a(emac.o)
                0x00010000                EMACConfigGet
 .text.EMACAddrGet
                0x00010074       0x76 C:/ti/simplelink_msp432e4_sdk_4_20_00_12/source\ti/devices/msp432e4/driverlib/lib/gcc/m4f/msp432e4_driverlib.a(emac.o)
                0x00010074                EMACAddrGet
 *fill*         0x000100ea        0x2 
 .text.EMACFrameFilterSet
                0x000100ec       0x30 C:/ti/simplelink_msp432e4_sdk_4_20_00_12/source\ti/devices/msp432e4/driverlib/lib/gcc/m4f/msp432e4_driverlib.a(emac.o)
                0x000100ec                EMACFrameFilterSet
 .text.EMACTxDMAPollDemand
                0x0001011c       0x20 C:/ti/simplelink_msp432e4_sdk_4_20_00_12/source\ti/devices/msp432e4/driverlib/lib/gcc/m4f/msp432e4_driverlib.a(emac.o)
                0x0001011c                EMACTxDMAPollDemand
 .text.EMACRxDMADescriptorListSet
                0x0001013c       0x22 C:/ti/simplelink_msp432e4_sdk_4_20_00_12/source\ti/devices/msp432e4/driverlib/lib/gcc/m4f/msp432e4_driverlib.a(emac.o)
                0x0001013c                EMACRxDMADescriptorListSet
 .text.EMACTxDMADescriptorListSet
                0x0001015e       0x22 C:/ti/simplelink_msp432e4_sdk_4_20_00_12/source\ti/devices/msp432e4/driverlib/lib/gcc/m4f/msp432e4_driverlib.a(emac.o)
                0x0001015e                EMACTxDMADescriptorListSet
 .text.EMACTxEnable
                0x00010180       0x34 C:/ti/simplelink_msp432e4_sdk_4_20_00_12/source\ti/devices/msp432e4/driverlib/lib/gcc/m4f/msp432e4_driverlib.a(emac.o)
                0x00010180                EMACTxEnable
 .text.EMACRxEnable
                0x000101b4       0x34 C:/ti/simplelink_msp432e4_sdk_4_20_00_12/source\ti/devices/msp432e4/driverlib/lib/gcc/m4f/msp432e4_driverlib.a(emac.o)
                0x000101b4                EMACRxEnable
 .text.EMACIntEnable
                0x000101e8       0x7a C:/ti/simplelink_msp432e4_sdk_4_20_00_12/source\ti/devices/msp432e4/driverlib/lib/gcc/m4f/msp432e4_driverlib.a(emac.o)
                0x000101e8                EMACIntEnable
 .text.EMACIntStatus
                0x00010262       0x76 C:/ti/simplelink_msp432e4_sdk_4_20_00_12/source\ti/devices/msp432e4/driverlib/lib/gcc/m4f/msp432e4_driverlib.a(emac.o)
                0x00010262                EMACIntStatus
 .text.EMACIntClear
                0x000102d8       0x72 C:/ti/simplelink_msp432e4_sdk_4_20_00_12/source\ti/devices/msp432e4/driverlib/lib/gcc/m4f/msp432e4_driverlib.a(emac.o)
                0x000102d8                EMACIntClear
 .text.EMACPHYWrite
                0x0001034a       0x70 C:/ti/simplelink_msp432e4_sdk_4_20_00_12/source\ti/devices/msp432e4/driverlib/lib/gcc/m4f/msp432e4_driverlib.a(emac.o)
                0x0001034a                EMACPHYWrite
 .text.EMACPHYRead
                0x000103ba       0x64 C:/ti/simplelink_msp432e4_sdk_4_20_00_12/source\ti/devices/msp432e4/driverlib/lib/gcc/m4f/msp432e4_driverlib.a(emac.o)
                0x000103ba                EMACPHYRead
 .text.EMACTimestampIntStatus
                0x0001041e       0x1c C:/ti/simplelink_msp432e4_sdk_4_20_00_12/source\ti/devices/msp432e4/driverlib/lib/gcc/m4f/msp432e4_driverlib.a(emac.o)
                0x0001041e                EMACTimestampIntStatus
 .text.EMACPowerManagementStatusGet
                0x0001043a       0x1e C:/ti/simplelink_msp432e4_sdk_4_20_00_12/source\ti/devices/msp432e4/driverlib/lib/gcc/m4f/msp432e4_driverlib.a(emac.o)
                0x0001043a                EMACPowerManagementStatusGet
 .text.GPIODirModeSet
                0x00010458       0x76 C:/ti/simplelink_msp432e4_sdk_4_20_00_12/source\ti/devices/msp432e4/driverlib/lib/gcc/m4f/msp432e4_driverlib.a(gpio.o)
                0x00010458                GPIODirModeSet
 .text.GPIOPadConfigSet
                0x000104ce      0x2a4 C:/ti/simplelink_msp432e4_sdk_4_20_00_12/source\ti/devices/msp432e4/driverlib/lib/gcc/m4f/msp432e4_driverlib.a(gpio.o)
                0x000104ce                GPIOPadConfigSet
 .text.GPIOPinTypeEthernetLED
                0x00010772       0x2c C:/ti/simplelink_msp432e4_sdk_4_20_00_12/source\ti/devices/msp432e4/driverlib/lib/gcc/m4f/msp432e4_driverlib.a(gpio.o)
                0x00010772                GPIOPinTypeEthernetLED
 .text.IntMasterEnable
                0x0001079e       0x18 C:/ti/simplelink_msp432e4_sdk_4_20_00_12/source\ti/devices/msp432e4/driverlib/lib/gcc/m4f/msp432e4_driverlib.a(interrupt.o)
                0x0001079e                IntMasterEnable
 *fill*         0x000107b6        0x2 
 .text.IntEnable
                0x000107b8       0x94 C:/ti/simplelink_msp432e4_sdk_4_20_00_12/source\ti/devices/msp432e4/driverlib/lib/gcc/m4f/msp432e4_driverlib.a(interrupt.o)
                0x000107b8                IntEnable
 .text._SysCtlMemTimingGet
                0x0001084c       0x48 C:/ti/simplelink_msp432e4_sdk_4_20_00_12/source\ti/devices/msp432e4/driverlib/lib/gcc/m4f/msp432e4_driverlib.a(sysctl.o)
 .text._SysCtlFrequencyGet
                0x00010894       0x9c C:/ti/simplelink_msp432e4_sdk_4_20_00_12/source\ti/devices/msp432e4/driverlib/lib/gcc/m4f/msp432e4_driverlib.a(sysctl.o)
 .text.SysCtlPeripheralReady
                0x00010930       0x58 C:/ti/simplelink_msp432e4_sdk_4_20_00_12/source\ti/devices/msp432e4/driverlib/lib/gcc/m4f/msp432e4_driverlib.a(sysctl.o)
                0x00010930                SysCtlPeripheralReady
 .text.SysCtlPeripheralReset
                0x00010988       0x9c C:/ti/simplelink_msp432e4_sdk_4_20_00_12/source\ti/devices/msp432e4/driverlib/lib/gcc/m4f/msp432e4_driverlib.a(sysctl.o)
                0x00010988                SysCtlPeripheralReset
 .text.SysCtlDelay
                0x00010a24        0xa C:/ti/simplelink_msp432e4_sdk_4_20_00_12/source\ti/devices/msp432e4/driverlib/lib/gcc/m4f/msp432e4_driverlib.a(sysctl.o)
                0x00010a24                SysCtlDelay
 *fill*         0x00010a2e        0x2 
 .text.SysCtlMOSCConfigSet
                0x00010a30       0x20 C:/ti/simplelink_msp432e4_sdk_4_20_00_12/source\ti/devices/msp432e4/driverlib/lib/gcc/m4f/msp432e4_driverlib.a(sysctl.o)
                0x00010a30                SysCtlMOSCConfigSet
 .text.SysCtlClockFreqSet
                0x00010a50      0x32c C:/ti/simplelink_msp432e4_sdk_4_20_00_12/source\ti/devices/msp432e4/driverlib/lib/gcc/m4f/msp432e4_driverlib.a(sysctl.o)
                0x00010a50                SysCtlClockFreqSet
 .text.CPUcpsie
                0x00010d7c        0xe C:/ti/simplelink_msp432e4_sdk_4_20_00_12/source\ti/devices/msp432e4/driverlib/lib/gcc/m4f/msp432e4_driverlib.a(cpu.o)
                0x00010d7c                CPUcpsie
 *fill*         0x00010d8a        0x2 
 .text.exit     0x00010d8c       0x28 c:/ti/gcc_arm_none_eabi_9_2_1/bin/../lib/gcc/arm-none-eabi/9.2.1/../../../../arm-none-eabi/lib/thumb/v7e-m+fp/hard\libc_nano.a(lib_a-exit.o)
                0x00010d8c                exit
 .text.__libc_init_array
                0x00010db4       0x48 c:/ti/gcc_arm_none_eabi_9_2_1/bin/../lib/gcc/arm-none-eabi/9.2.1/../../../../arm-none-eabi/lib/thumb/v7e-m+fp/hard\libc_nano.a(lib_a-init.o)
                0x00010db4                __libc_init_array
 .text.malloc   0x00010dfc       0x10 c:/ti/gcc_arm_none_eabi_9_2_1/bin/../lib/gcc/arm-none-eabi/9.2.1/../../../../arm-none-eabi/lib/thumb/v7e-m+fp/hard\libc_nano.a(lib_a-malloc.o)
                0x00010dfc                malloc
 .text.free     0x00010e0c       0x10 c:/ti/gcc_arm_none_eabi_9_2_1/bin/../lib/gcc/arm-none-eabi/9.2.1/../../../../arm-none-eabi/lib/thumb/v7e-m+fp/hard\libc_nano.a(lib_a-malloc.o)
                0x00010e0c                free
 .text.memcmp   0x00010e1c       0x1c c:/ti/gcc_arm_none_eabi_9_2_1/bin/../lib/gcc/arm-none-eabi/9.2.1/../../../../arm-none-eabi/lib/thumb/v7e-m+fp/hard\libc_nano.a(lib_a-memcmp.o)
                0x00010e1c                memcmp
 .text.memcpy   0x00010e38       0x1c c:/ti/gcc_arm_none_eabi_9_2_1/bin/../lib/gcc/arm-none-eabi/9.2.1/../../../../arm-none-eabi/lib/thumb/v7e-m+fp/hard\libc_nano.a(lib_a-memcpy-stub.o)
                0x00010e38                memcpy
 .text.memset   0x00010e54       0x10 c:/ti/gcc_arm_none_eabi_9_2_1/bin/../lib/gcc/arm-none-eabi/9.2.1/../../../../arm-none-eabi/lib/thumb/v7e-m+fp/hard\libc_nano.a(lib_a-memset.o)
                0x00010e54                memset
 .text._free_r  0x00010e64       0xa0 c:/ti/gcc_arm_none_eabi_9_2_1/bin/../lib/gcc/arm-none-eabi/9.2.1/../../../../arm-none-eabi/lib/thumb/v7e-m+fp/hard\libc_nano.a(lib_a-nano-freer.o)
                0x00010e64                _free_r
 .text._malloc_r
                0x00010f04       0xb4 c:/ti/gcc_arm_none_eabi_9_2_1/bin/../lib/gcc/arm-none-eabi/9.2.1/../../../../arm-none-eabi/lib/thumb/v7e-m+fp/hard\libc_nano.a(lib_a-nano-mallocr.o)
                0x00010f04                _malloc_r
 .text.rand     0x00010fb8       0x68 c:/ti/gcc_arm_none_eabi_9_2_1/bin/../lib/gcc/arm-none-eabi/9.2.1/../../../../arm-none-eabi/lib/thumb/v7e-m+fp/hard\libc_nano.a(lib_a-rand.o)
                0x00010fb8                rand
 .text._sbrk_r  0x00011020       0x20 c:/ti/gcc_arm_none_eabi_9_2_1/bin/../lib/gcc/arm-none-eabi/9.2.1/../../../../arm-none-eabi/lib/thumb/v7e-m+fp/hard\libc_nano.a(lib_a-sbrkr.o)
                0x00011020                _sbrk_r
 .text.strchr   0x00011040       0x1a c:/ti/gcc_arm_none_eabi_9_2_1/bin/../lib/gcc/arm-none-eabi/9.2.1/../../../../arm-none-eabi/lib/thumb/v7e-m+fp/hard\libc_nano.a(lib_a-strchr.o)
                0x00011040                strchr
 .text.strncmp  0x0001105a       0x24 c:/ti/gcc_arm_none_eabi_9_2_1/bin/../lib/gcc/arm-none-eabi/9.2.1/../../../../arm-none-eabi/lib/thumb/v7e-m+fp/hard\libc_nano.a(lib_a-strncmp.o)
                0x0001105a                strncmp
 .text.strstr   0x0001107e       0x2e c:/ti/gcc_arm_none_eabi_9_2_1/bin/../lib/gcc/arm-none-eabi/9.2.1/../../../../arm-none-eabi/lib/thumb/v7e-m+fp/hard\libc_nano.a(lib_a-strstr.o)
                0x0001107e                strstr
 .text.__malloc_lock
                0x000110ac        0xc c:/ti/gcc_arm_none_eabi_9_2_1/bin/../lib/gcc/arm-none-eabi/9.2.1/../../../../arm-none-eabi/lib/thumb/v7e-m+fp/hard\libc_nano.a(lib_a-mlock.o)
                0x000110ac                __malloc_lock
 .text.__malloc_unlock
                0x000110b8        0xc c:/ti/gcc_arm_none_eabi_9_2_1/bin/../lib/gcc/arm-none-eabi/9.2.1/../../../../arm-none-eabi/lib/thumb/v7e-m+fp/hard\libc_nano.a(lib_a-mlock.o)
                0x000110b8                __malloc_unlock
 .text.__retarget_lock_acquire_recursive
                0x000110c4        0x2 c:/ti/gcc_arm_none_eabi_9_2_1/bin/../lib/gcc/arm-none-eabi/9.2.1/../../../../arm-none-eabi/lib/thumb/v7e-m+fp/hard\libc_nano.a(lib_a-lock.o)
                0x000110c4                __retarget_lock_acquire_recursive
 .text.__retarget_lock_release_recursive
                0x000110c6        0x2 c:/ti/gcc_arm_none_eabi_9_2_1/bin/../lib/gcc/arm-none-eabi/9.2.1/../../../../arm-none-eabi/lib/thumb/v7e-m+fp/hard\libc_nano.a(lib_a-lock.o)
                0x000110c6                __retarget_lock_release_recursive
 .text._sbrk    0x000110c8       0x1c c:/ti/gcc_arm_none_eabi_9_2_1/bin/../lib/gcc/arm-none-eabi/9.2.1/../../../../arm-none-eabi/lib/thumb/v7e-m+fp/hard\libnosys.a(sbrk.o)
                0x000110c8                _sbrk
 .text._exit    0x000110e4        0x4 c:/ti/gcc_arm_none_eabi_9_2_1/bin/../lib/gcc/arm-none-eabi/9.2.1/../../../../arm-none-eabi/lib/thumb/v7e-m+fp/hard\libnosys.a(_exit.o)
                0x000110e4                _exit
                0x000110e8                . = ALIGN (0x4)
 *(.ctors)
                0x000110e8                . = ALIGN (0x4)
 *(.dtors)
                0x000110e8                . = ALIGN (0x4)
                0x000110e8                __init_array_start = .
 *(.init_array*)
 .init_array    0x000110e8        0x4 c:/ti/gcc_arm_none_eabi_9_2_1/bin/../lib/gcc/arm-none-eabi/9.2.1/thumb/v7e-m+fp/hard/crtbegin.o
                0x000110ec                __init_array_end = .
 *(.init)
 .init          0x000110ec        0x4 c:/ti/gcc_arm_none_eabi_9_2_1/bin/../lib/gcc/arm-none-eabi/9.2.1/thumb/v7e-m+fp/hard/crti.o
                0x000110ec                _init
 .init          0x000110f0        0x8 c:/ti/gcc_arm_none_eabi_9_2_1/bin/../lib/gcc/arm-none-eabi/9.2.1/thumb/v7e-m+fp/hard/crtn.o
 *(.fini*)
 .fini          0x000110f8        0x4 c:/ti/gcc_arm_none_eabi_9_2_1/bin/../lib/gcc/arm-none-eabi/9.2.1/thumb/v7e-m+fp/hard/crti.o
                0x000110f8                _fini
 .fini_array    0x000110fc        0x4 c:/ti/gcc_arm_none_eabi_9_2_1/bin/../lib/gcc/arm-none-eabi/9.2.1/thumb/v7e-m+fp/hard/crtbegin.o
 .fini          0x00011100        0x8 c:/ti/gcc_arm_none_eabi_9_2_1/bin/../lib/gcc/arm-none-eabi/9.2.1/thumb/v7e-m+fp/hard/crtn.o

.glue_7         0x00011108        0x0
 .glue_7        0x00011108        0x0 linker stubs

.glue_7t        0x00011108        0x0
 .glue_7t       0x00011108        0x0 linker stubs

.vfp11_veneer   0x00011108        0x0
 .vfp11_veneer  0x00011108        0x0 linker stubs

.v4_bx          0x00011108        0x0
 .v4_bx         0x00011108        0x0 linker stubs

.iplt           0x00011108        0x0
 .iplt          0x00011108        0x0 c:/ti/gcc_arm_none_eabi_9_2_1/bin/../lib/gcc/arm-none-eabi/9.2.1/thumb/v7e-m+fp/hard/crtbegin.o

.rodata         0x00011108     0xccf4
 *(.rodata)
 .rodata        0x00011108       0xdd ./enet_io.o
 *fill*         0x000111e5        0x3 
 .rodata        0x000111e8       0x14 ./io_fs.o
 .rodata        0x000111fc       0x26 ./uartstdio.o
 *fill*         0x00011222        0x2 
 .rodata        0x00011224       0x1a ./ustdlib.o
 *fill*         0x0001123e        0x2 
 .rodata        0x00011240      0x545 ./lwip/src/apps/httpd/httpd.o
 *fill*         0x00011785        0x3 
 .rodata        0x00011788       0x48 ./lwip/src/core/def.o
 *(.rodata.*)
 .rodata.data_404_htm
                0x000117d0      0x127 ./io_fs.o
 *fill*         0x000118f7        0x1 
 .rodata.data_about_htm
                0x000118f8      0x65b ./io_fs.o
 *fill*         0x00011f53        0x1 
 .rodata.data_block_htm
                0x00011f54      0x1b1 ./io_fs.o
 *fill*         0x00012105        0x3 
 .rodata.data_index_htm
                0x00012108      0x5ca ./io_fs.o
 *fill*         0x000126d2        0x2 
 .rodata.data_io_cgi_ssi
                0x000126d4     0x1d29 ./io_fs.o
 *fill*         0x000143fd        0x3 
 .rodata.data_io_http_htm
                0x00014400      0x6ec ./io_fs.o
 .rodata.data_javascript_js
                0x00014aec     0x118b ./io_fs.o
 *fill*         0x00015c77        0x1 
 .rodata.data_javascript_load_js
                0x00015c78      0x1e8 ./io_fs.o
 .rodata.data_msp_jpg
                0x00015e60     0x4991 ./io_fs.o
 *fill*         0x0001a7f1        0x3 
 .rodata.data_msp432e4_htm
                0x0001a7f4      0x5f1 ./io_fs.o
 *fill*         0x0001ade5        0x3 
 .rodata.data_overview_htm
                0x0001ade8      0x465 ./io_fs.o
 *fill*         0x0001b24d        0x3 
 .rodata.data_perror_htm
                0x0001b250      0xb9f ./io_fs.o
 *fill*         0x0001bdef        0x1 
 .rodata.data_resources_htm
                0x0001bdf0      0x4d5 ./io_fs.o
 *fill*         0x0001c2c5        0x3 
 .rodata.data_styles_css
                0x0001c2c8      0x66e ./io_fs.o
 *fill*         0x0001c936        0x2 
 .rodata.data_ti_jpg
                0x0001c938      0xf81 ./io_fs.o
 *fill*         0x0001d8b9        0x3 
 .rodata.file_ti_jpg
                0x0001d8bc       0x14 ./io_fs.o
                0x0001d8bc                file_ti_jpg
 .rodata.file_styles_css
                0x0001d8d0       0x14 ./io_fs.o
                0x0001d8d0                file_styles_css
 .rodata.file_resources_htm
                0x0001d8e4       0x14 ./io_fs.o
                0x0001d8e4                file_resources_htm
 .rodata.file_perror_htm
                0x0001d8f8       0x14 ./io_fs.o
                0x0001d8f8                file_perror_htm
 .rodata.file_overview_htm
                0x0001d90c       0x14 ./io_fs.o
                0x0001d90c                file_overview_htm
 .rodata.file_msp432e4_htm
                0x0001d920       0x14 ./io_fs.o
                0x0001d920                file_msp432e4_htm
 .rodata.file_msp_jpg
                0x0001d934       0x14 ./io_fs.o
                0x0001d934                file_msp_jpg
 .rodata.file_javascript_load_js
                0x0001d948       0x14 ./io_fs.o
                0x0001d948                file_javascript_load_js
 .rodata.file_javascript_js
                0x0001d95c       0x14 ./io_fs.o
                0x0001d95c                file_javascript_js
 .rodata.file_io_http_htm
                0x0001d970       0x14 ./io_fs.o
                0x0001d970                file_io_http_htm
 .rodata.file_io_cgi_ssi
                0x0001d984       0x14 ./io_fs.o
                0x0001d984                file_io_cgi_ssi
 .rodata.file_index_htm
                0x0001d998       0x14 ./io_fs.o
                0x0001d998                file_index_htm
 .rodata.file_block_htm
                0x0001d9ac       0x14 ./io_fs.o
                0x0001d9ac                file_block_htm
 .rodata.file_about_htm
                0x0001d9c0       0x14 ./io_fs.o
                0x0001d9c0                file_about_htm
 .rodata.file_404_htm
                0x0001d9d4       0x14 ./io_fs.o
                0x0001d9d4                file_404_htm
 .rodata.g_ui32UARTBase
                0x0001d9e8        0xc ./uartstdio.o
 .rodata.g_ui32UARTPeriph
                0x0001d9f4        0xc ./uartstdio.o
 .rodata.g_psHTTPHeaders
                0x0001da00       0xa0 ./lwip/src/apps/httpd/httpd.o
 .rodata.g_pcSSIExtensions
                0x0001daa0       0x10 ./lwip/src/apps/httpd/httpd.o
 .rodata.g_psDefaultFilenames
                0x0001dab0       0x28 ./lwip/src/apps/httpd/httpd.o
                0x0001dab0                g_psDefaultFilenames
 .rodata.memp_UDP_PCB
                0x0001dad8       0x10 ./lwip/src/core/memp.o
                0x0001dad8                memp_UDP_PCB
 .rodata.memp_TCP_PCB
                0x0001dae8       0x10 ./lwip/src/core/memp.o
                0x0001dae8                memp_TCP_PCB
 .rodata.memp_TCP_PCB_LISTEN
                0x0001daf8       0x10 ./lwip/src/core/memp.o
                0x0001daf8                memp_TCP_PCB_LISTEN
 .rodata.memp_TCP_SEG
                0x0001db08       0x10 ./lwip/src/core/memp.o
                0x0001db08                memp_TCP_SEG
 .rodata.memp_SYS_TIMEOUT
                0x0001db18       0x10 ./lwip/src/core/memp.o
                0x0001db18                memp_SYS_TIMEOUT
 .rodata.memp_PBUF
                0x0001db28       0x10 ./lwip/src/core/memp.o
                0x0001db28                memp_PBUF
 .rodata.memp_PBUF_POOL
                0x0001db38       0x10 ./lwip/src/core/memp.o
                0x0001db38                memp_PBUF_POOL
 .rodata.memp_pools
                0x0001db48       0x1c ./lwip/src/core/memp.o
                0x0001db48                memp_pools
 .rodata.tcp_backoff
                0x0001db64        0xd ./lwip/src/core/tcp.o
 *fill*         0x0001db71        0x3 
 .rodata.tcp_persist_backoff
                0x0001db74        0x7 ./lwip/src/core/tcp.o
 *fill*         0x0001db7b        0x1 
 .rodata.tcp_pcb_lists
                0x0001db7c       0x10 ./lwip/src/core/tcp.o
                0x0001db7c                tcp_pcb_lists
 .rodata.lwip_cyclic_timers
                0x0001db8c       0x30 ./lwip/src/core/timeouts.o
                0x0001db8c                lwip_cyclic_timers
 .rodata.ip_addr_any
                0x0001dbbc        0x4 ./lwip/src/core/ipv4/ip4_addr.o
                0x0001dbbc                ip_addr_any
 .rodata.ip_addr_broadcast
                0x0001dbc0        0x4 ./lwip/src/core/ipv4/ip4_addr.o
                0x0001dbc0                ip_addr_broadcast
 .rodata.ethbroadcast
                0x0001dbc4        0x6 ./lwip/src/netif/ethernet.o
                0x0001dbc4                ethbroadcast
 *fill*         0x0001dbca        0x2 
 .rodata.ethzero
                0x0001dbcc        0x6 ./lwip/src/netif/ethernet.o
                0x0001dbcc                ethzero
 *fill*         0x0001dbd2        0x2 
 .rodata.g_pui32EnRegs
                0x0001dbd4       0x14 C:/ti/simplelink_msp432e4_sdk_4_20_00_12/source\ti/devices/msp432e4/driverlib/lib/gcc/m4f/msp432e4_driverlib.a(interrupt.o)
 .rodata.g_pui32Xtals
                0x0001dbe8       0x28 C:/ti/simplelink_msp432e4_sdk_4_20_00_12/source\ti/devices/msp432e4/driverlib/lib/gcc/m4f/msp432e4_driverlib.a(sysctl.o)
 .rodata.g_pppui32XTALtoVCO
                0x0001dc10      0x1b0 C:/ti/simplelink_msp432e4_sdk_4_20_00_12/source\ti/devices/msp432e4/driverlib/lib/gcc/m4f/msp432e4_driverlib.a(sysctl.o)
 .rodata.g_sXTALtoMEMTIM
                0x0001ddc0       0x30 C:/ti/simplelink_msp432e4_sdk_4_20_00_12/source\ti/devices/msp432e4/driverlib/lib/gcc/m4f/msp432e4_driverlib.a(sysctl.o)
 .rodata.g_pui32VCOFrequencies
                0x0001ddf0        0x8 C:/ti/simplelink_msp432e4_sdk_4_20_00_12/source\ti/devices/msp432e4/driverlib/lib/gcc/m4f/msp432e4_driverlib.a(sysctl.o)
 .rodata._global_impure_ptr
                0x0001ddf8        0x4 c:/ti/gcc_arm_none_eabi_9_2_1/bin/../lib/gcc/arm-none-eabi/9.2.1/../../../../arm-none-eabi/lib/thumb/v7e-m+fp/hard\libc_nano.a(lib_a-impure.o)
                0x0001ddf8                _global_impure_ptr

.eh_frame       0x0001ddfc        0x0
 .eh_frame      0x0001ddfc        0x0 c:/ti/gcc_arm_none_eabi_9_2_1/bin/../lib/gcc/arm-none-eabi/9.2.1/thumb/v7e-m+fp/hard/crtbegin.o

.ARM.exidx      0x0001ddfc        0x8
                0x0001ddfc                __exidx_start = .
 *(.ARM.exidx* .gnu.linkonce.armexidx.*)
 .ARM.exidx     0x0001ddfc        0x8 c:/ti/gcc_arm_none_eabi_9_2_1/bin/../lib/gcc/arm-none-eabi/9.2.1/../../../../arm-none-eabi/lib/thumb/v7e-m+fp/hard/crt0.o
 .ARM.exidx     0x0001de04        0x0 c:/ti/gcc_arm_none_eabi_9_2_1/bin/../lib/gcc/arm-none-eabi/9.2.1/thumb/v7e-m+fp/hard\libgcc.a(_udivmoddi4.o)
                                  0x8 (size before relaxing)
                0x0001de04                __exidx_end = .

.ARM.extab      0x0001de04        0x0
 *(.ARM.extab* .gnu.linkonce.armextab.*)
 .ARM.extab     0x0001de04        0x0 c:/ti/gcc_arm_none_eabi_9_2_1/bin/../lib/gcc/arm-none-eabi/9.2.1/../../../../arm-none-eabi/lib/thumb/v7e-m+fp/hard/crt0.o
 .ARM.extab     0x0001de04        0x0 c:/ti/gcc_arm_none_eabi_9_2_1/bin/../lib/gcc/arm-none-eabi/9.2.1/thumb/v7e-m+fp/hard\libgcc.a(_udivmoddi4.o)
                0x0001de04                __etext = .

.rel.dyn        0x0001de04        0x0
 .rel.iplt      0x0001de04        0x0 c:/ti/gcc_arm_none_eabi_9_2_1/bin/../lib/gcc/arm-none-eabi/9.2.1/thumb/v7e-m+fp/hard/crtbegin.o

.data           0x20000000       0xb4 load address 0x0001de04
                0x0001de04                __data_load__ = LOADADDR (.data)
                0x20000000                __data_start__ = .
 *(.data)
 .data          0x20000000        0x0 c:/ti/gcc_arm_none_eabi_9_2_1/bin/../lib/gcc/arm-none-eabi/9.2.1/thumb/v7e-m+fp/hard/crti.o
 .data          0x20000000        0x4 c:/ti/gcc_arm_none_eabi_9_2_1/bin/../lib/gcc/arm-none-eabi/9.2.1/thumb/v7e-m+fp/hard/crtbegin.o
                0x20000000                __dso_handle
 .data          0x20000004        0x0 c:/ti/gcc_arm_none_eabi_9_2_1/bin/../lib/gcc/arm-none-eabi/9.2.1/../../../../arm-none-eabi/lib/thumb/v7e-m+fp/hard/crt0.o
 .data          0x20000004        0x0 ./RTE.o
 .data          0x20000004        0x0 ./cgifuncs.o
 .data          0x20000004        0x0 ./enet_io.o
 .data          0x20000004        0x0 ./io.o
 .data          0x20000004        0x0 ./io_fs.o
 .data          0x20000004        0x0 ./pinout.o
 .data          0x20000004        0x0 ./system_msp432e401y.o
 .data          0x20000004        0x0 ./uartstdio.o
 .data          0x20000004        0x0 ./ustdlib.o
 .data          0x20000004        0x0 ./Kernal/kernal/List.o
 .data          0x20000004        0x0 ./Kernal/kernal/Mutex.o
 .data          0x20000004        0x0 ./Kernal/kernal/PeridicTask.o
 .data          0x20000004        0x0 ./Kernal/kernal/SquadRTOS.o